Computing Vina grid ... done.
Performing docking (random seed: 3301) ... 
0%   10   20   30   40   50   60   70   80   90   100%
|----|----|----|----|----|----|----|----|----|----|
***************************************************
{
  "receptor": "/home/welcome3/Viscacha_pipeline/outputs/docking_campaign/systems/PDE9A_BI409306/prepared/pde9a_4GH6_chain_A_meeko.pdbqt",
  "ligand": "/home/welcome3/Viscacha_pipeline/outputs/docking_campaign/systems/PDE9A_BI409306/prepared/BI409306.pdbqt",
  "center": [
    77.26,
    51.202,
    39.87
  ],
  "box_size": [
    19.79,
    18.581,
    23.684
  ],
  "seed": 3301,
  "cpu": 16,
  "exhaustiveness": 32,
  "n_poses_requested": 20,
  "results": [
    {
      "pose_rank": 1,
      "vina_affinity_kcal_mol": -8.09,
      "rmsd_to_crystal_heavy_atom_uncorrected_angstrom": null
    },
    {
      "pose_rank": 2,
      "vina_affinity_kcal_mol": -8.053,
      "rmsd_to_crystal_heavy_atom_uncorrected_angstrom": null
    },
    {
      "pose_rank": 3,
      "vina_affinity_kcal_mol": -8.004,
      "rmsd_to_crystal_heavy_atom_uncorrected_angstrom": null
    },
    {
      "pose_rank": 4,
      "vina_affinity_kcal_mol": -7.942,
      "rmsd_to_crystal_heavy_atom_uncorrected_angstrom": null
    },
    {
      "pose_rank": 5,
      "vina_affinity_kcal_mol": -7.918,
      "rmsd_to_crystal_heavy_atom_uncorrected_angstrom": null
    },
    {
      "pose_rank": 6,
      "vina_affinity_kcal_mol": -7.916,
      "rmsd_to_crystal_heavy_atom_uncorrected_angstrom": null
    },
    {
      "pose_rank": 7,
      "vina_affinity_kcal_mol": -7.873,
      "rmsd_to_crystal_heavy_atom_uncorrected_angstrom": null
    },
    {
      "pose_rank": 8,
      "vina_affinity_kcal_mol": -7.831,
      "rmsd_to_crystal_heavy_atom_uncorrected_angstrom": null
    },
    {
      "pose_rank": 9,
      "vina_affinity_kcal_mol": -7.829,
      "rmsd_to_crystal_heavy_atom_uncorrected_angstrom": null
    },
    {
      "pose_rank": 10,
      "vina_affinity_kcal_mol": -7.659,
      "rmsd_to_crystal_heavy_atom_uncorrected_angstrom": null
    },
    {
      "pose_rank": 11,
      "vina_affinity_kcal_mol": -7.656,
      "rmsd_to_crystal_heavy_atom_uncorrected_angstrom": null
    },
    {
      "pose_rank": 12,
      "vina_affinity_kcal_mol": -7.51,
      "rmsd_to_crystal_heavy_atom_uncorrected_angstrom": null
    },
    {
      "pose_rank": 13,
      "vina_affinity_kcal_mol": -7.483,
      "rmsd_to_crystal_heavy_atom_uncorrected_angstrom": null
    },
    {
      "pose_rank": 14,
      "vina_affinity_kcal_mol": -7.449,
      "rmsd_to_crystal_heavy_atom_uncorrected_angstrom": null
    },
    {
      "pose_rank": 15,
      "vina_affinity_kcal_mol": -7.429,
      "rmsd_to_crystal_heavy_atom_uncorrected_angstrom": null
    },
    {
      "pose_rank": 16,
      "vina_affinity_kcal_mol": -7.405,
      "rmsd_to_crystal_heavy_atom_uncorrected_angstrom": null
    },
    {
      "pose_rank": 17,
      "vina_affinity_kcal_mol": -7.403,
      "rmsd_to_crystal_heavy_atom_uncorrected_angstrom": null
    },
    {
      "pose_rank": 18,
      "vina_affinity_kcal_mol": -7.378,
      "rmsd_to_crystal_heavy_atom_uncorrected_angstrom": null
    },
    {
      "pose_rank": 19,
      "vina_affinity_kcal_mol": -7.378,
      "rmsd_to_crystal_heavy_atom_uncorrected_angstrom": null
    },
    {
      "pose_rank": 20,
      "vina_affinity_kcal_mol": -7.307,
      "rmsd_to_crystal_heavy_atom_uncorrected_angstrom": null
    }
  ],
  "rmsd_note": "Not calculated: cross-docked ligand input did not begin in the experimental receptor frame."
}

mode |   affinity | dist from best mode
     | (kcal/mol) | rmsd l.b.| rmsd u.b.
-----+------------+----------+----------
   1        -8.09          0          0
   2       -8.053      4.983      9.547
   3       -8.004      2.726      7.124
   4       -7.942      2.864      4.872
   5       -7.918      4.969      9.856
   6       -7.916      4.381       8.39
   7       -7.873       2.93      4.232
   8       -7.831      2.968      7.447
   9       -7.829      2.554      4.431
  10       -7.659      2.555      6.037
  11       -7.656      2.172      7.444
  12        -7.51      7.477      10.16
  13       -7.483      4.633      7.836
  14       -7.449      4.999      8.038
  15       -7.429       2.69      4.738
  16       -7.405      3.934       8.85
  17       -7.403      2.333      3.384
  18       -7.378      2.307      3.015
  19       -7.378      3.275      5.323
  20       -7.307      4.581      8.214
