
==========
== CUDA ==
==========

CUDA Version 12.8.1

Container image Copyright (c) 2016-2023, NVIDIA CORPORATION & AFFILIATES. All rights reserved.

This container image and its contents are governed by the NVIDIA Deep Learning Container License.
By pulling and using the container, you accept the terms and conditions of this license:
https://developer.nvidia.com/ngc/nvidia-deep-learning-container-license

A copy of this license is made available in this container at /NGC-DL-CONTAINER-LICENSE for your convenience.

              _
             (_)
   __ _ _ __  _ _ __   __ _
  / _` | '_ \| | '_ \ / _` |
 | (_| | | | | | | | | (_| |
  \__, |_| |_|_|_| |_|\__,_|
   __/ |
  |___/

gnina v1.3.3 master:6fe1ce2   Built Jun 30 2026.
gnina is based on smina and AutoDock Vina.
Please cite appropriately.

Commandline: /opt/gnina --receptor /work/outputs/docking_campaign/systems/CHRNA7_encenicline/prepared/chrna7_chrFam7a_fusion_at_B_face_obabel.pdbqt --ligand /out/input_poses.sdf --score_only --cnn_scoring rescore --cpu 16 --device 0 --out /out/scored_poses.sdf
## Name gauss(o=0,_w=0.5,_c=8) gauss(o=3,_w=2,_c=8) repulsion(o=0,_c=8) hydrophobic(g=0.5,_b=1.5,_c=8) non_dir_h_bond(g=-0.7,_b=0,_c=8) num_tors_div
Affinity: -6.24489 (kcal/mol)
CNNscore: 0.15917
CNNaffinity: 4.66121
CNNvariance: 1.07902
Intramolecular energy: -0.29389
Term values, before weighting:
## CHRNA7_encenicline__hybrid_B_face_seed20260825_ex32__pose01 67.73309 1074.75562 2.80901 27.85676 0.69295 0.00000
Affinity: -5.81342 (kcal/mol)
CNNscore: 0.05776
CNNaffinity: 3.61605
CNNvariance: 1.23314
Intramolecular energy: -0.31398
Term values, before weighting:
## CHRNA7_encenicline__hybrid_B_face_seed20260825_ex32__pose02 53.24421 756.43079 1.12958 29.74047 1.02948 0.00000
Affinity: -5.68555 (kcal/mol)
CNNscore: 0.07353
CNNaffinity: 3.63090
CNNvariance: 0.95472
Intramolecular energy: -0.31775
Term values, before weighting:
## CHRNA7_encenicline__hybrid_B_face_seed20260825_ex32__pose03 49.71507 760.54932 1.26706 28.36477 1.24272 0.00000
Affinity: -5.69084 (kcal/mol)
CNNscore: 0.14523
CNNaffinity: 4.34432
CNNvariance: 1.55100
Intramolecular energy: -0.29563
Term values, before weighting:
## CHRNA7_encenicline__hybrid_B_face_seed20260825_ex32__pose04 84.98197 1251.30542 5.30282 38.11132 0.00000 0.00000
Affinity: -5.62595 (kcal/mol)
CNNscore: 0.06945
CNNaffinity: 3.53960
CNNvariance: 1.59793
Intramolecular energy: -0.31211
Term values, before weighting:
## CHRNA7_encenicline__hybrid_B_face_seed20260825_ex32__pose05 50.97548 790.57965 1.08650 27.74574 0.56816 0.00000
Affinity: -5.53171 (kcal/mol)
CNNscore: 0.06598
CNNaffinity: 3.45317
CNNvariance: 1.32580
Intramolecular energy: -0.32185
Term values, before weighting:
## CHRNA7_encenicline__hybrid_B_face_seed20260825_ex32__pose06 44.35837 764.24512 1.09145 28.77999 0.96623 0.00000
Affinity: -5.55526 (kcal/mol)
CNNscore: 0.15927
CNNaffinity: 4.40982
CNNvariance: 0.42081
Intramolecular energy: -0.27282
Term values, before weighting:
## CHRNA7_encenicline__hybrid_B_face_seed20260825_ex32__pose07 70.33826 988.13745 3.26462 29.71775 0.52478 0.00000
Affinity: -5.42043 (kcal/mol)
CNNscore: 0.07170
CNNaffinity: 3.61921
CNNvariance: 1.17259
Intramolecular energy: -0.27293
Term values, before weighting:
## CHRNA7_encenicline__hybrid_B_face_seed20260825_ex32__pose08 52.43592 772.48639 1.43030 25.37924 0.88078 0.00000
Affinity: -5.39634 (kcal/mol)
CNNscore: 0.06127
CNNaffinity: 3.89213
CNNvariance: 1.10333
Intramolecular energy: -0.28298
Term values, before weighting:
## CHRNA7_encenicline__hybrid_B_face_seed20260825_ex32__pose09 66.70063 928.45776 2.79913 17.97238 1.00199 0.00000
Affinity: -5.29261 (kcal/mol)
CNNscore: 0.25302
CNNaffinity: 5.04208
CNNvariance: 0.27432
Intramolecular energy: -0.32067
Term values, before weighting:
## CHRNA7_encenicline__hybrid_B_face_seed20260825_ex32__pose10 73.47158 897.88971 3.58997 32.91649 0.90208 0.00000
Affinity: -5.33095 (kcal/mol)
CNNscore: 0.10401
CNNaffinity: 4.22580
CNNvariance: 1.12897
Intramolecular energy: -0.24444
Term values, before weighting:
## CHRNA7_encenicline__hybrid_B_face_seed20260825_ex32__pose11 47.88412 860.71582 1.22460 10.12819 0.82817 0.00000
Affinity: -5.20288 (kcal/mol)
CNNscore: 0.05211
CNNaffinity: 3.32962
CNNvariance: 1.42471
Intramolecular energy: -0.27953
Term values, before weighting:
## CHRNA7_encenicline__hybrid_B_face_seed20260825_ex32__pose12 54.53471 778.21472 1.57283 23.61616 0.59888 0.00000
Affinity: -5.13531 (kcal/mol)
CNNscore: 0.11608
CNNaffinity: 3.71053
CNNvariance: 0.93270
Intramolecular energy: -0.33035
Term values, before weighting:
## CHRNA7_encenicline__hybrid_B_face_seed20260825_ex32__pose13 56.14256 755.44366 1.60667 15.25109 1.12067 0.00000
Affinity: -5.12224 (kcal/mol)
CNNscore: 0.12080
CNNaffinity: 4.85117
CNNvariance: 1.14091
Intramolecular energy: -0.32842
Term values, before weighting:
## CHRNA7_encenicline__hybrid_B_face_seed20260825_ex32__pose14 77.61436 1281.57068 5.67001 31.82233 0.00000 0.00000
Affinity: -5.10935 (kcal/mol)
CNNscore: 0.09646
CNNaffinity: 4.00240
CNNvariance: 0.88597
Intramolecular energy: -0.28860
Term values, before weighting:
## CHRNA7_encenicline__hybrid_B_face_seed20260825_ex32__pose15 42.00378 837.57867 0.99855 10.28510 0.63338 0.00000
Affinity: -5.09182 (kcal/mol)
CNNscore: 0.06501
CNNaffinity: 3.66295
CNNvariance: 1.10783
Intramolecular energy: -0.29996
Term values, before weighting:
## CHRNA7_encenicline__hybrid_B_face_seed20260825_ex32__pose16 47.49287 767.07642 1.91119 28.21133 1.12160 0.00000
Affinity: -5.06003 (kcal/mol)
CNNscore: 0.07346
CNNaffinity: 3.25986
CNNvariance: 1.50486
Intramolecular energy: -0.31015
Term values, before weighting:
## CHRNA7_encenicline__hybrid_B_face_seed20260825_ex32__pose17 47.60205 751.97693 1.94534 28.73859 1.20446 0.00000
Affinity: -5.04074 (kcal/mol)
CNNscore: 0.34281
CNNaffinity: 4.54366
CNNvariance: 0.54620
Intramolecular energy: -0.29700
Term values, before weighting:
## CHRNA7_encenicline__hybrid_B_face_seed20260825_ex32__pose18 69.26488 976.45007 4.08417 26.39209 1.08473 0.00000
Affinity: -4.98210 (kcal/mol)
CNNscore: 0.07704
CNNaffinity: 4.72866
CNNvariance: 0.26330
Intramolecular energy: -0.30952
Term values, before weighting:
## CHRNA7_encenicline__hybrid_B_face_seed20260825_ex32__pose19 63.79856 775.71472 2.14466 13.05908 1.08809 0.00000
Affinity: -4.86587 (kcal/mol)
CNNscore: 0.06768
CNNaffinity: 3.91518
CNNvariance: 0.66276
Intramolecular energy: -0.31183
Term values, before weighting:
## CHRNA7_encenicline__hybrid_B_face_seed20260825_ex32__pose20 39.18941 792.64099 0.80885 6.28889 0.70253 0.00000
