
==========
== CUDA ==
==========

CUDA Version 12.8.1

Container image Copyright (c) 2016-2023, NVIDIA CORPORATION & AFFILIATES. All rights reserved.

This container image and its contents are governed by the NVIDIA Deep Learning Container License.
By pulling and using the container, you accept the terms and conditions of this license:
https://developer.nvidia.com/ngc/nvidia-deep-learning-container-license

A copy of this license is made available in this container at /NGC-DL-CONTAINER-LICENSE for your convenience.

              _
             (_)
   __ _ _ __  _ _ __   __ _
  / _` | '_ \| | '_ \ / _` |
 | (_| | | | | | | | | (_| |
  \__, |_| |_|_|_| |_|\__,_|
   __/ |
  |___/

gnina v1.3.3 master:6fe1ce2   Built Jun 30 2026.
gnina is based on smina and AutoDock Vina.
Please cite appropriately.

Commandline: /opt/gnina --receptor /work/outputs/docking_campaign/systems/BACE1_verubecestat/prepared/bace1_476_alphafold_aligned_to_5HU1_obabel.pdbqt --ligand /out/input_poses.sdf --score_only --cnn_scoring rescore --cpu 16 --device 0 --out /out/scored_poses.sdf
## Name gauss(o=0,_w=0.5,_c=8) gauss(o=3,_w=2,_c=8) repulsion(o=0,_c=8) hydrophobic(g=0.5,_b=1.5,_c=8) non_dir_h_bond(g=-0.7,_b=0,_c=8) num_tors_div
Affinity: -9.18007 (kcal/mol)
CNNscore: 0.11859
CNNaffinity: 5.69763
CNNvariance: 0.57754
Intramolecular energy: -0.25104
Term values, before weighting:
## BACE1_verubecestat__alternate_476_seed3301_ex32__pose01 62.00402 1528.26587 1.84429 33.68943 1.82569 0.00000
Affinity: -8.53589 (kcal/mol)
CNNscore: 0.20329
CNNaffinity: 6.27343
CNNvariance: 0.00444
Intramolecular energy: -0.31704
Term values, before weighting:
## BACE1_verubecestat__alternate_476_seed3301_ex32__pose02 65.69253 1585.94226 2.75810 34.31295 1.07701 0.00000
Affinity: -8.54134 (kcal/mol)
CNNscore: 0.02970
CNNaffinity: 4.26885
CNNvariance: 1.84326
Intramolecular energy: -0.27040
Term values, before weighting:
## BACE1_verubecestat__alternate_476_seed3301_ex32__pose03 58.23516 1511.60181 1.81935 14.58890 2.02683 0.00000
Affinity: -8.49261 (kcal/mol)
CNNscore: 0.03513
CNNaffinity: 5.54007
CNNvariance: 0.27524
Intramolecular energy: -0.13797
Term values, before weighting:
## BACE1_verubecestat__alternate_476_seed3301_ex32__pose04 51.26875 1474.46741 1.34971 20.33592 1.66233 0.00000
Affinity: -8.80924 (kcal/mol)
CNNscore: 0.22491
CNNaffinity: 5.77598
CNNvariance: 0.16890
Intramolecular energy: 0.30038
Term values, before weighting:
## BACE1_verubecestat__alternate_476_seed3301_ex32__pose05 60.26766 1446.75208 1.69902 16.18698 2.74143 0.00000
Affinity: -8.85110 (kcal/mol)
CNNscore: 0.27669
CNNaffinity: 5.78534
CNNvariance: 0.17737
Intramolecular energy: 0.35787
Term values, before weighting:
## BACE1_verubecestat__alternate_476_seed3301_ex32__pose06 66.51029 1403.17017 1.90621 30.70805 2.25909 0.00000
Affinity: -8.54200 (kcal/mol)
CNNscore: 0.01720
CNNaffinity: 3.97963
CNNvariance: 1.90173
Intramolecular energy: 0.12294
Term values, before weighting:
## BACE1_verubecestat__alternate_476_seed3301_ex32__pose07 62.65630 1477.79504 1.79592 9.51237 2.32664 0.00000
Affinity: -8.61168 (kcal/mol)
CNNscore: 0.06016
CNNaffinity: 4.56611
CNNvariance: 1.20817
Intramolecular energy: 0.29910
Term values, before weighting:
## BACE1_verubecestat__alternate_476_seed3301_ex32__pose08 55.86995 1365.61438 1.24829 18.07879 2.56700 0.00000
Affinity: -8.89372 (kcal/mol)
CNNscore: 0.40067
CNNaffinity: 6.51872
CNNvariance: 0.01257
Intramolecular energy: 0.87961
Term values, before weighting:
## BACE1_verubecestat__alternate_476_seed3301_ex32__pose09 66.06898 1552.12708 2.86865 33.59282 2.26793 0.00000
Affinity: -8.08060 (kcal/mol)
CNNscore: 0.63011
CNNaffinity: 6.48668
CNNvariance: 0.00832
Intramolecular energy: 0.22124
Term values, before weighting:
## BACE1_verubecestat__alternate_476_seed3301_ex32__pose10 69.15165 1483.35144 4.54079 25.58689 3.92773 0.00000
Affinity: -8.24882 (kcal/mol)
CNNscore: 0.02161
CNNaffinity: 3.95240
CNNvariance: 1.85197
Intramolecular energy: 0.60369
Term values, before weighting:
## BACE1_verubecestat__alternate_476_seed3301_ex32__pose11 60.39434 1511.09448 1.71457 12.17576 1.30940 0.00000
Affinity: -8.18572 (kcal/mol)
CNNscore: 0.11808
CNNaffinity: 5.27254
CNNvariance: 0.47621
Intramolecular energy: 0.57534
Term values, before weighting:
## BACE1_verubecestat__alternate_476_seed3301_ex32__pose12 57.50873 1417.83960 1.02752 15.62337 0.98787 0.00000
Affinity: -7.93790 (kcal/mol)
CNNscore: 0.07546
CNNaffinity: 4.92229
CNNvariance: 1.20924
Intramolecular energy: 0.30193
Term values, before weighting:
## BACE1_verubecestat__alternate_476_seed3301_ex32__pose13 78.05767 1546.23047 4.58412 35.33237 2.03113 0.00000
Affinity: -7.88604 (kcal/mol)
CNNscore: 0.01556
CNNaffinity: 4.01548
CNNvariance: 1.41317
Intramolecular energy: 0.42994
Term values, before weighting:
## BACE1_verubecestat__alternate_476_seed3301_ex32__pose14 63.94462 1390.29016 2.37966 11.13724 2.44212 0.00000
Affinity: -7.64692 (kcal/mol)
CNNscore: 0.01917
CNNaffinity: 4.27767
CNNvariance: 0.86782
Intramolecular energy: 0.32438
Term values, before weighting:
## BACE1_verubecestat__alternate_476_seed3301_ex32__pose15 49.53520 1315.65796 0.43260 17.06168 0.35279 0.00000
Affinity: -7.70473 (kcal/mol)
CNNscore: 0.12410
CNNaffinity: 5.34183
CNNvariance: 0.08741
Intramolecular energy: 0.52773
Term values, before weighting:
## BACE1_verubecestat__alternate_476_seed3301_ex32__pose16 67.49481 1284.40564 3.15597 29.68061 2.79704 0.00000
Affinity: -6.91975 (kcal/mol)
CNNscore: 0.02140
CNNaffinity: 3.76407
CNNvariance: 1.13598
Intramolecular energy: -0.38089
Term values, before weighting:
## BACE1_verubecestat__alternate_476_seed3301_ex32__pose17 50.26091 1161.84778 1.01798 16.35060 1.08362 0.00000
Affinity: -7.24158 (kcal/mol)
CNNscore: 0.07742
CNNaffinity: 4.91082
CNNvariance: 0.64297
Intramolecular energy: 0.01507
Term values, before weighting:
## BACE1_verubecestat__alternate_476_seed3301_ex32__pose18 63.77103 1303.29053 1.89439 15.03588 0.99991 0.00000
Affinity: -6.88439 (kcal/mol)
CNNscore: 0.03896
CNNaffinity: 4.05139
CNNvariance: 0.87243
Intramolecular energy: -0.35183
Term values, before weighting:
## BACE1_verubecestat__alternate_476_seed3301_ex32__pose19 61.27489 1081.71570 1.48168 16.54800 1.70061 0.00000
Affinity: -7.06703 (kcal/mol)
CNNscore: 0.07402
CNNaffinity: 4.62534
CNNvariance: 0.84073
Intramolecular energy: -0.00570
Term values, before weighting:
## BACE1_verubecestat__alternate_476_seed3301_ex32__pose20 52.64665 1255.83362 1.26080 14.93252 0.84088 0.00000
