Computing Vina grid ... done.
Performing docking (random seed: 3301) ... 
0%   10   20   30   40   50   60   70   80   90   100%
|----|----|----|----|----|----|----|----|----|----|
***************************************************
{
  "receptor": "outputs/docking_campaign/systems/RARB_tamibarotene/prepared/rarb_canonical.pdbqt",
  "ligand": "outputs/docking_campaign/systems/RARB_tamibarotene/prepared/tamibarotene.pdbqt",
  "center": [
    43.075,
    22.009,
    100.13
  ],
  "box_size": [
    24.022,
    20.79,
    20.287
  ],
  "seed": 3301,
  "cpu": 16,
  "exhaustiveness": 32,
  "n_poses_requested": 20,
  "results": [
    {
      "pose_rank": 1,
      "vina_affinity_kcal_mol": -13.412,
      "rmsd_to_crystal_heavy_atom_uncorrected_angstrom": null
    },
    {
      "pose_rank": 2,
      "vina_affinity_kcal_mol": -12.533,
      "rmsd_to_crystal_heavy_atom_uncorrected_angstrom": null
    },
    {
      "pose_rank": 3,
      "vina_affinity_kcal_mol": -12.485,
      "rmsd_to_crystal_heavy_atom_uncorrected_angstrom": null
    },
    {
      "pose_rank": 4,
      "vina_affinity_kcal_mol": -12.474,
      "rmsd_to_crystal_heavy_atom_uncorrected_angstrom": null
    },
    {
      "pose_rank": 5,
      "vina_affinity_kcal_mol": -12.141,
      "rmsd_to_crystal_heavy_atom_uncorrected_angstrom": null
    }
  ],
  "rmsd_note": "Not calculated: cross-docked ligand input did not begin in the experimental receptor frame."
}

mode |   affinity | dist from best mode
     | (kcal/mol) | rmsd l.b.| rmsd u.b.
-----+------------+----------+----------
   1       -13.41          0          0
   2       -12.53      1.032      1.434
   3       -12.49       1.26      2.766
   4       -12.47      1.743      3.017
   5       -12.14      1.051      2.752
   6       -4.197      2.909      9.226
   7       -3.107      2.561      9.332
   8       -2.751      2.576      9.179
   9       -1.993      2.418      9.326
  10       -1.289      1.988      3.937
  11        0.111      4.165      9.186
  12        1.035      3.085      9.226
  13        3.143      4.363      9.033
  14        3.699      2.786       4.93
  15        3.796       5.09      7.012
  16        4.275       4.77      8.654
  17        4.304      3.653      8.882
  18        4.584      4.246      8.973
  19        5.179      3.336      8.782
  20        5.513       4.26      6.943
