Computing Vina grid ... done.
Performing docking (random seed: 5519) ... 
0%   10   20   30   40   50   60   70   80   90   100%
|----|----|----|----|----|----|----|----|----|----|
***************************************************
{
  "receptor": "/home/welcome3/Viscacha_pipeline/outputs/docking_campaign/FYN_saracatinib/prepared/fyn_chain_A.pdbqt",
  "ligand": "/home/welcome3/Viscacha_pipeline/outputs/docking_campaign/FYN_saracatinib/prepared/saracatinib_H8H_A601.pdbqt",
  "center": [
    -11.255,
    14.853,
    -9.445
  ],
  "box_size": [
    20.0,
    20.0,
    26.0
  ],
  "seed": 5519,
  "cpu": 16,
  "exhaustiveness": 64,
  "n_poses_requested": 10,
  "results": [
    {
      "pose_rank": 1,
      "vina_affinity_kcal_mol": -9.202,
      "rmsd_to_crystal_heavy_atom_uncorrected_angstrom": 1.9413
    },
    {
      "pose_rank": 2,
      "vina_affinity_kcal_mol": -9.032,
      "rmsd_to_crystal_heavy_atom_uncorrected_angstrom": 2.655
    },
    {
      "pose_rank": 3,
      "vina_affinity_kcal_mol": -9.005,
      "rmsd_to_crystal_heavy_atom_uncorrected_angstrom": 4.5168
    },
    {
      "pose_rank": 4,
      "vina_affinity_kcal_mol": -8.92,
      "rmsd_to_crystal_heavy_atom_uncorrected_angstrom": 2.7649
    },
    {
      "pose_rank": 5,
      "vina_affinity_kcal_mol": -8.912,
      "rmsd_to_crystal_heavy_atom_uncorrected_angstrom": 3.3441
    },
    {
      "pose_rank": 6,
      "vina_affinity_kcal_mol": -8.878,
      "rmsd_to_crystal_heavy_atom_uncorrected_angstrom": 2.0195
    },
    {
      "pose_rank": 7,
      "vina_affinity_kcal_mol": -8.668,
      "rmsd_to_crystal_heavy_atom_uncorrected_angstrom": 2.7917
    },
    {
      "pose_rank": 8,
      "vina_affinity_kcal_mol": -8.618,
      "rmsd_to_crystal_heavy_atom_uncorrected_angstrom": 2.5804
    },
    {
      "pose_rank": 9,
      "vina_affinity_kcal_mol": -8.536,
      "rmsd_to_crystal_heavy_atom_uncorrected_angstrom": 4.5994
    }
  ],
  "rmsd_note": "Fixed-frame heavy-atom RMSD; atom-order based and not symmetry corrected."
}

mode |   affinity | dist from best mode
     | (kcal/mol) | rmsd l.b.| rmsd u.b.
-----+------------+----------+----------
   1       -9.202          0          0
   2       -9.032       1.56       2.02
   3       -9.005      2.915      4.116
   4        -8.92      1.758      2.491
   5       -8.912      1.647       2.55
   6       -8.878      2.039      2.738
   7       -8.668      2.498      3.439
   8       -8.618      2.098      2.867
   9       -8.536      2.533      3.932

