Computing Vina grid ... done.
Performing docking (random seed: 7723) ... 
0%   10   20   30   40   50   60   70   80   90   100%
|----|----|----|----|----|----|----|----|----|----|
***************************************************
{
  "receptor": "/home/welcome3/Viscacha_pipeline/outputs/docking_campaign/FYN_saracatinib/prepared/fyn_chain_A.pdbqt",
  "ligand": "/home/welcome3/Viscacha_pipeline/outputs/docking_campaign/FYN_saracatinib/prepared/saracatinib_H8H_A601.pdbqt",
  "center": [
    -11.255,
    14.853,
    -9.445
  ],
  "box_size": [
    20.0,
    20.0,
    26.0
  ],
  "seed": 7723,
  "cpu": 16,
  "exhaustiveness": 64,
  "n_poses_requested": 10,
  "results": [
    {
      "pose_rank": 1,
      "vina_affinity_kcal_mol": -9.203,
      "rmsd_to_crystal_heavy_atom_uncorrected_angstrom": 1.8879
    },
    {
      "pose_rank": 2,
      "vina_affinity_kcal_mol": -9.085,
      "rmsd_to_crystal_heavy_atom_uncorrected_angstrom": 2.6656
    },
    {
      "pose_rank": 3,
      "vina_affinity_kcal_mol": -8.979,
      "rmsd_to_crystal_heavy_atom_uncorrected_angstrom": 1.462
    },
    {
      "pose_rank": 4,
      "vina_affinity_kcal_mol": -8.898,
      "rmsd_to_crystal_heavy_atom_uncorrected_angstrom": 2.7637
    },
    {
      "pose_rank": 5,
      "vina_affinity_kcal_mol": -8.809,
      "rmsd_to_crystal_heavy_atom_uncorrected_angstrom": 1.9962
    },
    {
      "pose_rank": 6,
      "vina_affinity_kcal_mol": -8.791,
      "rmsd_to_crystal_heavy_atom_uncorrected_angstrom": 3.9986
    },
    {
      "pose_rank": 7,
      "vina_affinity_kcal_mol": -8.77,
      "rmsd_to_crystal_heavy_atom_uncorrected_angstrom": 4.3406
    },
    {
      "pose_rank": 8,
      "vina_affinity_kcal_mol": -8.741,
      "rmsd_to_crystal_heavy_atom_uncorrected_angstrom": 2.9154
    },
    {
      "pose_rank": 9,
      "vina_affinity_kcal_mol": -8.721,
      "rmsd_to_crystal_heavy_atom_uncorrected_angstrom": 2.8147
    },
    {
      "pose_rank": 10,
      "vina_affinity_kcal_mol": -8.536,
      "rmsd_to_crystal_heavy_atom_uncorrected_angstrom": 4.6568
    }
  ],
  "rmsd_note": "Fixed-frame heavy-atom RMSD; atom-order based and not symmetry corrected."
}

mode |   affinity | dist from best mode
     | (kcal/mol) | rmsd l.b.| rmsd u.b.
-----+------------+----------+----------
   1       -9.203          0          0
   2       -9.085      1.545      2.007
   3       -8.979      0.943       1.09
   4       -8.898      1.733      2.543
   5       -8.809      1.876       2.58
   6       -8.791      2.489      3.492
   7        -8.77      2.896      3.922
   8       -8.741      1.535      2.279
   9       -8.721      2.322      3.294
  10       -8.536      2.563      4.002

