
==========
== CUDA ==
==========

CUDA Version 12.8.1

Container image Copyright (c) 2016-2023, NVIDIA CORPORATION & AFFILIATES. All rights reserved.

This container image and its contents are governed by the NVIDIA Deep Learning Container License.
By pulling and using the container, you accept the terms and conditions of this license:
https://developer.nvidia.com/ngc/nvidia-deep-learning-container-license

A copy of this license is made available in this container at /NGC-DL-CONTAINER-LICENSE for your convenience.

              _
             (_)
   __ _ _ __  _ _ __   __ _
  / _` | '_ \| | '_ \ / _` |
 | (_| | | | | | | | | (_| |
  \__, |_| |_|_|_| |_|\__,_|
   __/ |
  |___/

gnina v1.3.3 master:6fe1ce2   Built Jun 30 2026.
gnina is based on smina and AutoDock Vina.
Please cite appropriately.

Commandline: /opt/gnina --receptor /work/outputs/docking_campaign/systems/CHRNA7_encenicline/prepared/chrna7_7EKP_pentamer.pdbqt --ligand /out/input_poses.sdf --score_only --cnn_scoring rescore --cpu 16 --device 0 --out /out/scored_poses.sdf
## Name gauss(o=0,_w=0.5,_c=8) gauss(o=3,_w=2,_c=8) repulsion(o=0,_c=8) hydrophobic(g=0.5,_b=1.5,_c=8) non_dir_h_bond(g=-0.7,_b=0,_c=8) num_tors_div
Affinity: -9.86694 (kcal/mol)
CNNscore: 0.95392
CNNaffinity: 6.92886
CNNvariance: 0.01934
Intramolecular energy: -0.32159
Term values, before weighting:
## CHRNA7_encenicline__canonical_obabel_seed5519_ex32__pose01 106.83281 1215.62366 0.96134 50.17478 0.00000 0.00000
Affinity: -9.13082 (kcal/mol)
CNNscore: 0.96208
CNNaffinity: 7.11532
CNNvariance: 0.00362
Intramolecular energy: -0.30335
Term values, before weighting:
## CHRNA7_encenicline__canonical_obabel_seed5519_ex32__pose02 99.22594 1191.06274 1.20764 40.09973 0.23045 0.00000
Affinity: -7.98586 (kcal/mol)
CNNscore: 0.81788
CNNaffinity: 7.27541
CNNvariance: 0.10647
Intramolecular energy: -0.31295
Term values, before weighting:
## CHRNA7_encenicline__canonical_obabel_seed5519_ex32__pose03 110.74918 1235.46960 3.55286 38.87059 0.39367 0.00000
Affinity: -7.62722 (kcal/mol)
CNNscore: 0.21661
CNNaffinity: 5.00868
CNNvariance: 0.43447
Intramolecular energy: -0.31674
Term values, before weighting:
## CHRNA7_encenicline__canonical_obabel_seed5519_ex32__pose04 66.14410 1139.67725 2.47324 55.52327 0.71576 0.00000
Affinity: -7.49233 (kcal/mol)
CNNscore: 0.23037
CNNaffinity: 5.18262
CNNvariance: 0.50461
Intramolecular energy: -0.31360
Term values, before weighting:
## CHRNA7_encenicline__canonical_obabel_seed5519_ex32__pose05 66.50330 1109.24390 2.03695 48.88260 0.47696 0.00000
Affinity: -7.38633 (kcal/mol)
CNNscore: 0.15905
CNNaffinity: 5.29323
CNNvariance: 0.33375
Intramolecular energy: -0.31555
Term values, before weighting:
## CHRNA7_encenicline__canonical_obabel_seed5519_ex32__pose06 78.71304 1109.88940 3.46488 54.76847 1.22014 0.00000
Affinity: -7.27755 (kcal/mol)
CNNscore: 0.83516
CNNaffinity: 7.18364
CNNvariance: 0.27395
Intramolecular energy: -0.33449
Term values, before weighting:
## CHRNA7_encenicline__canonical_obabel_seed5519_ex32__pose07 94.77564 1243.64038 3.57857 29.55161 0.53576 0.00000
Affinity: -7.04966 (kcal/mol)
CNNscore: 0.19490
CNNaffinity: 4.99732
CNNvariance: 0.37386
Intramolecular energy: -0.27443
Term values, before weighting:
## CHRNA7_encenicline__canonical_obabel_seed5519_ex32__pose08 59.09123 1002.66620 1.42675 30.21598 1.26128 0.00000
