
==========
== CUDA ==
==========

CUDA Version 12.8.1

Container image Copyright (c) 2016-2023, NVIDIA CORPORATION & AFFILIATES. All rights reserved.

This container image and its contents are governed by the NVIDIA Deep Learning Container License.
By pulling and using the container, you accept the terms and conditions of this license:
https://developer.nvidia.com/ngc/nvidia-deep-learning-container-license

A copy of this license is made available in this container at /NGC-DL-CONTAINER-LICENSE for your convenience.

              _
             (_)
   __ _ _ __  _ _ __   __ _
  / _` | '_ \| | '_ \ / _` |
 | (_| | | | | | | | | (_| |
  \__, |_| |_|_|_| |_|\__,_|
   __/ |
  |___/

gnina v1.3.3 master:6fe1ce2   Built Jun 30 2026.
gnina is based on smina and AutoDock Vina.
Please cite appropriately.

Commandline: /opt/gnina --receptor /work/outputs/docking_campaign/systems/FYN_saracatinib/prepared/fyn_chain_A.pdbqt --ligand /out/input_poses.sdf --score_only --cnn_scoring rescore --cpu 16 --device 0 --out /out/scored_poses.sdf
## Name gauss(o=0,_w=0.5,_c=8) gauss(o=3,_w=2,_c=8) repulsion(o=0,_c=8) hydrophobic(g=0.5,_b=1.5,_c=8) non_dir_h_bond(g=-0.7,_b=0,_c=8) num_tors_div
Affinity: -9.20188 (kcal/mol)
CNNscore: 0.59097
CNNaffinity: 7.57469
CNNvariance: 0.14018
Intramolecular energy: -1.79975
Term values, before weighting:
## FYN_saracatinib__vina_seed5519_ex64__pose01 96.86071 1978.83252 1.42629 25.97507 0.24490 0.00000
Affinity: -8.97384 (kcal/mol)
CNNscore: 0.78662
CNNaffinity: 7.76006
CNNvariance: 0.11649
Intramolecular energy: -1.89078
Term values, before weighting:
## FYN_saracatinib__vina_seed5519_ex64__pose02 92.16730 1922.38086 1.53349 25.90904 0.61216 0.00000
Affinity: -8.71704 (kcal/mol)
CNNscore: 0.79343
CNNaffinity: 7.88566
CNNvariance: 0.28286
Intramolecular energy: -2.23261
Term values, before weighting:
## FYN_saracatinib__vina_seed5519_ex64__pose03 108.83492 2116.02393 5.00335 40.38227 1.36017 0.00000
Affinity: -8.83655 (kcal/mol)
CNNscore: 0.29316
CNNaffinity: 7.25398
CNNvariance: 0.19160
Intramolecular energy: -1.92361
Term values, before weighting:
## FYN_saracatinib__vina_seed5519_ex64__pose04 83.18143 1901.03650 1.45894 18.62399 1.32902 0.00000
Affinity: -8.67253 (kcal/mol)
CNNscore: 0.38394
CNNaffinity: 7.34356
CNNvariance: 0.19666
Intramolecular energy: -2.15570
Term values, before weighting:
## FYN_saracatinib__vina_seed5519_ex64__pose05 88.65806 1916.61609 1.50048 27.17019 0.00000 0.00000
Affinity: -9.00309 (kcal/mol)
CNNscore: 0.61231
CNNaffinity: 7.37682
CNNvariance: 0.16802
Intramolecular energy: -1.62101
Term values, before weighting:
## FYN_saracatinib__vina_seed5519_ex64__pose06 86.47332 1920.27539 1.33378 25.73030 0.77360 0.00000
Affinity: -8.70568 (kcal/mol)
CNNscore: 0.85743
CNNaffinity: 7.81024
CNNvariance: 0.14621
Intramolecular energy: -1.73940
Term values, before weighting:
## FYN_saracatinib__vina_seed5519_ex64__pose07 87.03552 1828.58728 1.62704 26.01066 1.20399 0.00000
Affinity: -8.76016 (kcal/mol)
CNNscore: 0.91043
CNNaffinity: 8.02572
CNNvariance: 0.19673
Intramolecular energy: -1.59998
Term values, before weighting:
## FYN_saracatinib__vina_seed5519_ex64__pose08 104.24191 2092.66577 4.22544 40.54626 0.82871 0.00000
Affinity: -8.27707 (kcal/mol)
CNNscore: 0.32094
CNNaffinity: 7.20282
CNNvariance: 0.14807
Intramolecular energy: -2.18022
Term values, before weighting:
## FYN_saracatinib__vina_seed5519_ex64__pose09 75.00388 1814.50940 1.46541 19.04368 1.17014 0.00000
