
==========
== CUDA ==
==========

CUDA Version 12.8.1

Container image Copyright (c) 2016-2023, NVIDIA CORPORATION & AFFILIATES. All rights reserved.

This container image and its contents are governed by the NVIDIA Deep Learning Container License.
By pulling and using the container, you accept the terms and conditions of this license:
https://developer.nvidia.com/ngc/nvidia-deep-learning-container-license

A copy of this license is made available in this container at /NGC-DL-CONTAINER-LICENSE for your convenience.

              _
             (_)
   __ _ _ __  _ _ __   __ _
  / _` | '_ \| | '_ \ / _` |
 | (_| | | | | | | | | (_| |
  \__, |_| |_|_|_| |_|\__,_|
   __/ |
  |___/

gnina v1.3.3 master:6fe1ce2   Built Jun 30 2026.
gnina is based on smina and AutoDock Vina.
Please cite appropriately.

Commandline: /opt/gnina --receptor /work/outputs/docking_campaign/systems/BACE1_verubecestat/prepared/bace1_476_alphafold_aligned_to_5HU1_obabel.pdbqt --ligand /out/input_poses.sdf --score_only --cnn_scoring rescore --cpu 16 --device 0 --out /out/scored_poses.sdf
## Name gauss(o=0,_w=0.5,_c=8) gauss(o=3,_w=2,_c=8) repulsion(o=0,_c=8) hydrophobic(g=0.5,_b=1.5,_c=8) non_dir_h_bond(g=-0.7,_b=0,_c=8) num_tors_div
Affinity: -9.16392 (kcal/mol)
CNNscore: 0.11808
CNNaffinity: 5.70558
CNNvariance: 0.56052
Intramolecular energy: -0.25913
Term values, before weighting:
## BACE1_verubecestat__alternate_476_seed20260825_ex32__pose01 61.45978 1526.83459 1.79654 33.36473 1.78999 0.00000
Affinity: -8.65146 (kcal/mol)
CNNscore: 0.25739
CNNaffinity: 6.16468
CNNvariance: 0.30430
Intramolecular energy: -0.33260
Term values, before weighting:
## BACE1_verubecestat__alternate_476_seed20260825_ex32__pose02 57.45901 1560.40405 2.62284 30.01928 2.09373 0.00000
Affinity: -8.53842 (kcal/mol)
CNNscore: 0.03039
CNNaffinity: 4.29040
CNNvariance: 1.83461
Intramolecular energy: -0.28342
Term values, before weighting:
## BACE1_verubecestat__alternate_476_seed20260825_ex32__pose03 59.03958 1517.59644 1.92563 14.57778 2.07233 0.00000
Affinity: -8.84126 (kcal/mol)
CNNscore: 0.22974
CNNaffinity: 5.78239
CNNvariance: 0.16747
Intramolecular energy: 0.30168
Term values, before weighting:
## BACE1_verubecestat__alternate_476_seed20260825_ex32__pose04 60.82385 1450.98279 1.80404 16.25471 2.88085 0.00000
Affinity: -8.85326 (kcal/mol)
CNNscore: 0.25777
CNNaffinity: 5.74050
CNNvariance: 0.19677
Intramolecular energy: 0.36565
Term values, before weighting:
## BACE1_verubecestat__alternate_476_seed20260825_ex32__pose05 66.47031 1403.05640 1.86856 29.76608 2.26922 0.00000
Affinity: -8.53833 (kcal/mol)
CNNscore: 0.01742
CNNaffinity: 3.99973
CNNvariance: 1.83887
Intramolecular energy: 0.11488
Term values, before weighting:
## BACE1_verubecestat__alternate_476_seed20260825_ex32__pose06 61.76947 1476.91382 1.77015 9.99093 2.31533 0.00000
Affinity: -8.59894 (kcal/mol)
CNNscore: 0.05926
CNNaffinity: 4.57346
CNNvariance: 1.20638
Intramolecular energy: 0.29541
Term values, before weighting:
## BACE1_verubecestat__alternate_476_seed20260825_ex32__pose07 55.60475 1363.91284 1.28167 18.01924 2.62380 0.00000
Affinity: -8.98025 (kcal/mol)
CNNscore: 0.43903
CNNaffinity: 6.47044
CNNvariance: 0.05278
Intramolecular energy: 0.96143
Term values, before weighting:
## BACE1_verubecestat__alternate_476_seed20260825_ex32__pose08 64.41753 1556.65723 2.50206 32.94444 2.01571 0.00000
Affinity: -8.05287 (kcal/mol)
CNNscore: 0.65299
CNNaffinity: 6.52296
CNNvariance: 0.12758
Intramolecular energy: 0.11737
Term values, before weighting:
## BACE1_verubecestat__alternate_476_seed20260825_ex32__pose09 66.55227 1503.22852 4.82905 24.21003 4.34973 0.00000
Affinity: -8.33881 (kcal/mol)
CNNscore: 0.03353
CNNaffinity: 5.01624
CNNvariance: 0.27219
Intramolecular energy: 0.54159
Term values, before weighting:
## BACE1_verubecestat__alternate_476_seed20260825_ex32__pose10 63.86446 1418.32898 1.93045 19.08326 1.98990 0.00000
Affinity: -8.24762 (kcal/mol)
CNNscore: 0.02059
CNNaffinity: 3.93549
CNNvariance: 1.83451
Intramolecular energy: 0.59074
Term values, before weighting:
## BACE1_verubecestat__alternate_476_seed20260825_ex32__pose11 60.56740 1504.46460 1.70233 12.35042 1.32677 0.00000
Affinity: -7.93508 (kcal/mol)
CNNscore: 0.07419
CNNaffinity: 4.92848
CNNvariance: 1.18435
Intramolecular energy: 0.30083
Term values, before weighting:
## BACE1_verubecestat__alternate_476_seed20260825_ex32__pose12 78.16681 1547.68042 4.64564 35.27431 2.09762 0.00000
Affinity: -7.30822 (kcal/mol)
CNNscore: 0.12964
CNNaffinity: 5.62249
CNNvariance: 0.06328
Intramolecular energy: -0.42704
Term values, before weighting:
## BACE1_verubecestat__alternate_476_seed20260825_ex32__pose13 81.84303 1288.10645 3.60603 31.05993 1.66349 0.00000
Affinity: -7.35611 (kcal/mol)
CNNscore: 0.08288
CNNaffinity: 5.20383
CNNvariance: 0.83682
Intramolecular energy: -0.22769
Term values, before weighting:
## BACE1_verubecestat__alternate_476_seed20260825_ex32__pose14 68.34174 1511.33472 5.28505 14.97087 3.97932 0.00000
Affinity: -7.83757 (kcal/mol)
CNNscore: 0.01590
CNNaffinity: 4.05866
CNNvariance: 1.37603
Intramolecular energy: 0.38839
Term values, before weighting:
## BACE1_verubecestat__alternate_476_seed20260825_ex32__pose15 65.35947 1394.96960 2.40707 11.16876 2.25570 0.00000
Affinity: -7.67710 (kcal/mol)
CNNscore: 0.01451
CNNaffinity: 3.59861
CNNvariance: 1.50776
Intramolecular energy: 0.33713
Term values, before weighting:
## BACE1_verubecestat__alternate_476_seed20260825_ex32__pose16 49.28752 1247.10120 0.55479 11.98657 1.50765 0.00000
Affinity: -7.16927 (kcal/mol)
CNNscore: 0.07471
CNNaffinity: 4.80614
CNNvariance: 0.72234
Intramolecular energy: -0.14747
Term values, before weighting:
## BACE1_verubecestat__alternate_476_seed20260825_ex32__pose17 59.52105 1286.93579 1.96556 14.76839 1.37396 0.00000
Affinity: -6.90267 (kcal/mol)
CNNscore: 0.02109
CNNaffinity: 3.73885
CNNvariance: 1.13595
Intramolecular energy: -0.39854
Term values, before weighting:
## BACE1_verubecestat__alternate_476_seed20260825_ex32__pose18 50.06901 1158.24231 1.01254 16.23676 1.09173 0.00000
Affinity: -7.06987 (kcal/mol)
CNNscore: 0.05316
CNNaffinity: 4.34594
CNNvariance: 1.14967
Intramolecular energy: -0.15999
Term values, before weighting:
## BACE1_verubecestat__alternate_476_seed20260825_ex32__pose19 51.22923 1257.28748 1.28577 16.71205 0.84913 0.00000
Affinity: -8.48629 (kcal/mol)
CNNscore: 0.13256
CNNaffinity: 5.64580
CNNvariance: 0.24185
Intramolecular energy: 1.68560
Term values, before weighting:
## BACE1_verubecestat__alternate_476_seed20260825_ex32__pose20 58.79552 1381.14307 1.37814 19.65329 2.09435 0.00000
