
==========
== CUDA ==
==========

CUDA Version 12.8.1

Container image Copyright (c) 2016-2023, NVIDIA CORPORATION & AFFILIATES. All rights reserved.

This container image and its contents are governed by the NVIDIA Deep Learning Container License.
By pulling and using the container, you accept the terms and conditions of this license:
https://developer.nvidia.com/ngc/nvidia-deep-learning-container-license

A copy of this license is made available in this container at /NGC-DL-CONTAINER-LICENSE for your convenience.

              _
             (_)
   __ _ _ __  _ _ __   __ _
  / _` | '_ \| | '_ \ / _` |
 | (_| | | | | | | | | (_| |
  \__, |_| |_|_|_| |_|\__,_|
   __/ |
  |___/

gnina v1.3.3 master:6fe1ce2   Built Jun 30 2026.
gnina is based on smina and AutoDock Vina.
Please cite appropriately.

Commandline: /opt/gnina --receptor /work/outputs/docking_campaign/systems/BACE1_verubecestat/prepared/bace1_476_alphafold_aligned_to_5HU1_obabel.pdbqt --ligand /out/input_poses.sdf --score_only --cnn_scoring rescore --cpu 16 --device 0 --out /out/scored_poses.sdf
## Name gauss(o=0,_w=0.5,_c=8) gauss(o=3,_w=2,_c=8) repulsion(o=0,_c=8) hydrophobic(g=0.5,_b=1.5,_c=8) non_dir_h_bond(g=-0.7,_b=0,_c=8) num_tors_div
Affinity: -9.17329 (kcal/mol)
CNNscore: 0.10996
CNNaffinity: 5.68207
CNNvariance: 0.57886
Intramolecular energy: -0.25890
Term values, before weighting:
## BACE1_verubecestat__alternate_476_seed5519_ex32__pose01 60.54224 1531.23254 1.80894 33.04519 1.86253 0.00000
Affinity: -8.55269 (kcal/mol)
CNNscore: 0.22552
CNNaffinity: 6.19143
CNNvariance: 0.09342
Intramolecular energy: -0.35369
Term values, before weighting:
## BACE1_verubecestat__alternate_476_seed5519_ex32__pose02 62.99160 1567.08972 2.82144 31.83133 1.67843 0.00000
Affinity: -8.54038 (kcal/mol)
CNNscore: 0.02896
CNNaffinity: 4.26341
CNNvariance: 1.83454
Intramolecular energy: -0.27584
Term values, before weighting:
## BACE1_verubecestat__alternate_476_seed5519_ex32__pose03 58.77210 1511.06409 1.93610 14.81272 2.15073 0.00000
Affinity: -8.37236 (kcal/mol)
CNNscore: 0.01385
CNNaffinity: 4.74416
CNNvariance: 0.68686
Intramolecular energy: -0.42135
Term values, before weighting:
## BACE1_verubecestat__alternate_476_seed5519_ex32__pose04 51.15364 1486.99622 1.81843 24.33947 1.75017 0.00000
Affinity: -8.90031 (kcal/mol)
CNNscore: 0.29038
CNNaffinity: 5.80045
CNNvariance: 0.17571
Intramolecular energy: 0.36301
Term values, before weighting:
## BACE1_verubecestat__alternate_476_seed5519_ex32__pose05 66.66623 1407.90002 1.84283 30.64897 2.21945 0.00000
Affinity: -8.84330 (kcal/mol)
CNNscore: 0.23943
CNNaffinity: 5.83297
CNNvariance: 0.14491
Intramolecular energy: 0.30233
Term values, before weighting:
## BACE1_verubecestat__alternate_476_seed5519_ex32__pose06 61.20091 1452.73767 1.80429 16.88658 2.80933 0.00000
Affinity: -8.61184 (kcal/mol)
CNNscore: 0.06449
CNNaffinity: 4.57420
CNNvariance: 1.11128
Intramolecular energy: 0.30941
Term values, before weighting:
## BACE1_verubecestat__alternate_476_seed5519_ex32__pose07 57.20148 1354.14233 1.35426 17.53426 2.77146 0.00000
Affinity: -8.34613 (kcal/mol)
CNNscore: 0.01966
CNNaffinity: 4.06625
CNNvariance: 1.72813
Intramolecular energy: -0.00808
Term values, before weighting:
## BACE1_verubecestat__alternate_476_seed5519_ex32__pose08 66.19083 1455.51550 1.56406 8.65838 1.63554 0.00000
Affinity: -8.90648 (kcal/mol)
CNNscore: 0.45091
CNNaffinity: 6.54882
CNNvariance: 0.02553
Intramolecular energy: 0.88161
Term values, before weighting:
## BACE1_verubecestat__alternate_476_seed5519_ex32__pose09 65.80804 1554.14331 2.88833 34.15884 2.28597 0.00000
Affinity: -8.24939 (kcal/mol)
CNNscore: 0.02052
CNNaffinity: 3.93926
CNNvariance: 1.82904
Intramolecular energy: 0.58703
Term values, before weighting:
## BACE1_verubecestat__alternate_476_seed5519_ex32__pose10 60.35610 1506.85767 1.72883 12.30610 1.36265 0.00000
Affinity: -8.10707 (kcal/mol)
CNNscore: 0.06521
CNNaffinity: 5.16954
CNNvariance: 0.22255
Intramolecular energy: 0.59670
Term values, before weighting:
## BACE1_verubecestat__alternate_476_seed5519_ex32__pose11 67.85168 1377.61084 1.70450 18.08692 1.37843 0.00000
Affinity: -7.83177 (kcal/mol)
CNNscore: 0.01577
CNNaffinity: 4.06153
CNNvariance: 1.38796
Intramolecular energy: 0.40234
Term values, before weighting:
## BACE1_verubecestat__alternate_476_seed5519_ex32__pose12 62.68166 1401.21619 2.28764 11.47223 2.16252 0.00000
Affinity: -7.17491 (kcal/mol)
CNNscore: 0.01098
CNNaffinity: 3.47401
CNNvariance: 2.17190
Intramolecular energy: -0.26594
Term values, before weighting:
## BACE1_verubecestat__alternate_476_seed5519_ex32__pose13 68.26989 1326.66431 2.55616 9.54985 1.66282 0.00000
Affinity: -7.85876 (kcal/mol)
CNNscore: 0.10242
CNNaffinity: 5.34453
CNNvariance: 0.62852
Intramolecular energy: 0.54709
Term values, before weighting:
## BACE1_verubecestat__alternate_476_seed5519_ex32__pose14 70.20715 1555.48657 4.18883 23.47405 2.40918 0.00000
Affinity: -7.60179 (kcal/mol)
CNNscore: 0.14860
CNNaffinity: 5.35829
CNNvariance: 0.07522
Intramolecular energy: 0.39785
Term values, before weighting:
## BACE1_verubecestat__alternate_476_seed5519_ex32__pose15 68.28101 1241.73462 3.31542 26.52314 3.33453 0.00000
Affinity: -6.91978 (kcal/mol)
CNNscore: 0.02096
CNNaffinity: 3.75290
CNNvariance: 1.13191
Intramolecular energy: -0.38560
Term values, before weighting:
## BACE1_verubecestat__alternate_476_seed5519_ex32__pose16 50.12293 1160.84863 0.99876 16.30055 1.07630 0.00000
Affinity: -6.81096 (kcal/mol)
CNNscore: 0.01909
CNNaffinity: 4.33054
CNNvariance: 0.88867
Intramolecular energy: -0.43294
Term values, before weighting:
## BACE1_verubecestat__alternate_476_seed5519_ex32__pose17 62.34872 1379.55017 3.54879 12.22480 2.08864 0.00000
Affinity: -6.98282 (kcal/mol)
CNNscore: 0.06191
CNNaffinity: 4.46123
CNNvariance: 1.01864
Intramolecular energy: -0.20834
Term values, before weighting:
## BACE1_verubecestat__alternate_476_seed5519_ex32__pose18 51.25949 1255.16272 1.29641 14.89639 0.81538 0.00000
Affinity: -7.21788 (kcal/mol)
CNNscore: 0.07693
CNNaffinity: 4.86480
CNNvariance: 0.67661
Intramolecular energy: 0.12165
Term values, before weighting:
## BACE1_verubecestat__alternate_476_seed5519_ex32__pose19 63.07632 1303.57544 1.83572 14.72084 0.92696 0.00000
Affinity: -6.82216 (kcal/mol)
CNNscore: 0.04155
CNNaffinity: 4.64696
CNNvariance: 0.59794
Intramolecular energy: -0.28211
Term values, before weighting:
## BACE1_verubecestat__alternate_476_seed5519_ex32__pose20 76.02037 1157.98364 3.83815 27.40643 2.73589 0.00000
