
==========
== CUDA ==
==========

CUDA Version 12.8.1

Container image Copyright (c) 2016-2023, NVIDIA CORPORATION & AFFILIATES. All rights reserved.

This container image and its contents are governed by the NVIDIA Deep Learning Container License.
By pulling and using the container, you accept the terms and conditions of this license:
https://developer.nvidia.com/ngc/nvidia-deep-learning-container-license

A copy of this license is made available in this container at /NGC-DL-CONTAINER-LICENSE for your convenience.

              _
             (_)
   __ _ _ __  _ _ __   __ _
  / _` | '_ \| | '_ \ / _` |
 | (_| | | | | | | | | (_| |
  \__, |_| |_|_|_| |_|\__,_|
   __/ |
  |___/

gnina v1.3.3 master:6fe1ce2   Built Jun 30 2026.
gnina is based on smina and AutoDock Vina.
Please cite appropriately.

Commandline: /opt/gnina --receptor /work/outputs/docking_campaign/systems/BACE1_verubecestat/prepared/bace1_476_alphafold_aligned_to_5HU1_obabel.pdbqt --ligand /out/input_poses.sdf --score_only --cnn_scoring rescore --cpu 16 --device 0 --out /out/scored_poses.sdf
## Name gauss(o=0,_w=0.5,_c=8) gauss(o=3,_w=2,_c=8) repulsion(o=0,_c=8) hydrophobic(g=0.5,_b=1.5,_c=8) non_dir_h_bond(g=-0.7,_b=0,_c=8) num_tors_div
Affinity: -9.17611 (kcal/mol)
CNNscore: 0.11707
CNNaffinity: 5.70167
CNNvariance: 0.56981
Intramolecular energy: -0.26312
Term values, before weighting:
## BACE1_verubecestat__alternate_476_seed4409_ex32__pose01 61.84840 1530.24133 1.81428 33.63134 1.77040 0.00000
Affinity: -8.54356 (kcal/mol)
CNNscore: 0.02996
CNNaffinity: 4.27943
CNNvariance: 1.83427
Intramolecular energy: -0.27497
Term values, before weighting:
## BACE1_verubecestat__alternate_476_seed4409_ex32__pose02 58.84298 1514.42371 1.94358 14.60260 2.14655 0.00000
Affinity: -8.51057 (kcal/mol)
CNNscore: 0.04127
CNNaffinity: 5.63540
CNNvariance: 0.26513
Intramolecular energy: -0.16018
Term values, before weighting:
## BACE1_verubecestat__alternate_476_seed4409_ex32__pose03 51.77016 1478.34106 1.04208 21.14793 1.14542 0.00000
Affinity: -8.81877 (kcal/mol)
CNNscore: 0.23295
CNNaffinity: 5.80602
CNNvariance: 0.14973
Intramolecular energy: 0.29603
Term values, before weighting:
## BACE1_verubecestat__alternate_476_seed4409_ex32__pose04 60.61384 1448.40601 1.75754 16.39247 2.79645 0.00000
Affinity: -8.84106 (kcal/mol)
CNNscore: 0.26326
CNNaffinity: 5.73507
CNNvariance: 0.19723
Intramolecular energy: 0.34914
Term values, before weighting:
## BACE1_verubecestat__alternate_476_seed4409_ex32__pose05 65.76929 1404.46936 1.75249 30.28222 2.07801 0.00000
Affinity: -8.61796 (kcal/mol)
CNNscore: 0.05900
CNNaffinity: 4.56825
CNNvariance: 1.20176
Intramolecular energy: 0.30737
Term values, before weighting:
## BACE1_verubecestat__alternate_476_seed4409_ex32__pose06 55.90911 1364.79102 1.23202 18.10587 2.55954 0.00000
Affinity: -8.98189 (kcal/mol)
CNNscore: 0.49395
CNNaffinity: 6.52518
CNNvariance: 0.06449
Intramolecular energy: 0.92879
Term values, before weighting:
## BACE1_verubecestat__alternate_476_seed4409_ex32__pose07 65.60147 1561.31897 2.63171 33.74416 2.04409 0.00000
Affinity: -8.05798 (kcal/mol)
CNNscore: 0.66083
CNNaffinity: 6.53086
CNNvariance: 0.14457
Intramolecular energy: 0.11449
Term values, before weighting:
## BACE1_verubecestat__alternate_476_seed4409_ex32__pose08 67.06879 1500.82825 4.80029 23.93738 4.32491 0.00000
Affinity: -8.30321 (kcal/mol)
CNNscore: 0.03179
CNNaffinity: 4.30778
CNNvariance: 1.15455
Intramolecular energy: 0.55131
Term values, before weighting:
## BACE1_verubecestat__alternate_476_seed4409_ex32__pose09 53.59794 1376.98303 0.75631 16.39145 1.38465 0.00000
Affinity: -7.92126 (kcal/mol)
CNNscore: 0.01189
CNNaffinity: 3.52708
CNNvariance: 2.56646
Intramolecular energy: 0.20648
Term values, before weighting:
## BACE1_verubecestat__alternate_476_seed4409_ex32__pose10 60.59219 1414.19531 1.68122 13.42790 1.37003 0.00000
Affinity: -8.25451 (kcal/mol)
CNNscore: 0.02088
CNNaffinity: 3.94592
CNNvariance: 1.82863
Intramolecular energy: 0.60238
Term values, before weighting:
## BACE1_verubecestat__alternate_476_seed4409_ex32__pose11 60.36423 1510.05090 1.68261 12.12471 1.28909 0.00000
Affinity: -7.36693 (kcal/mol)
CNNscore: 0.13341
CNNaffinity: 5.75295
CNNvariance: 0.09820
Intramolecular energy: -0.42137
Term values, before weighting:
## BACE1_verubecestat__alternate_476_seed4409_ex32__pose12 81.37254 1311.63538 3.68654 32.98396 1.60329 0.00000
Affinity: -7.65005 (kcal/mol)
CNNscore: 0.01065
CNNaffinity: 4.67219
CNNvariance: 0.36964
Intramolecular energy: 0.17493
Term values, before weighting:
## BACE1_verubecestat__alternate_476_seed4409_ex32__pose13 62.71302 1380.62354 3.71236 22.59386 3.35127 0.00000
Affinity: -7.80840 (kcal/mol)
CNNscore: 0.01539
CNNaffinity: 4.06202
CNNvariance: 1.37209
Intramolecular energy: 0.38687
Term values, before weighting:
## BACE1_verubecestat__alternate_476_seed4409_ex32__pose14 62.67075 1403.85327 2.25949 11.40840 2.05682 0.00000
Affinity: -7.75424 (kcal/mol)
CNNscore: 0.02140
CNNaffinity: 4.40046
CNNvariance: 0.74563
Intramolecular energy: 0.36854
Term values, before weighting:
## BACE1_verubecestat__alternate_476_seed4409_ex32__pose15 56.93732 1320.88806 1.10168 12.07289 1.32814 0.00000
Affinity: -7.63784 (kcal/mol)
CNNscore: 0.13510
CNNaffinity: 5.32747
CNNvariance: 0.08624
Intramolecular energy: 0.40872
Term values, before weighting:
## BACE1_verubecestat__alternate_476_seed4409_ex32__pose16 66.84245 1243.14197 3.18412 26.47396 3.29657 0.00000
Affinity: -7.22366 (kcal/mol)
CNNscore: 0.07881
CNNaffinity: 4.90891
CNNvariance: 0.64947
Intramolecular energy: -0.03463
Term values, before weighting:
## BACE1_verubecestat__alternate_476_seed4409_ex32__pose17 63.40769 1302.87634 1.90728 14.93921 1.01391 0.00000
Affinity: -7.09630 (kcal/mol)
CNNscore: 0.05198
CNNaffinity: 4.34020
CNNvariance: 1.14354
Intramolecular energy: -0.17222
Term values, before weighting:
## BACE1_verubecestat__alternate_476_seed4409_ex32__pose18 52.39114 1257.73828 1.28793 17.02797 0.81192 0.00000
Affinity: -6.85650 (kcal/mol)
CNNscore: 0.01989
CNNaffinity: 4.42841
CNNvariance: 0.86581
Intramolecular energy: -0.42594
Term values, before weighting:
## BACE1_verubecestat__alternate_476_seed4409_ex32__pose19 65.20041 1394.72021 3.65510 16.05519 1.79685 0.00000
Affinity: -6.89208 (kcal/mol)
CNNscore: 0.02087
CNNaffinity: 3.75269
CNNvariance: 1.12003
Intramolecular energy: -0.37695
Term values, before weighting:
## BACE1_verubecestat__alternate_476_seed4409_ex32__pose20 49.77745 1155.07532 1.00084 16.18964 1.10208 0.00000
