Computing Vina grid ... done.
Performing docking (random seed: 3301) ... 
0%   10   20   30   40   50   60   70   80   90   100%
|----|----|----|----|----|----|----|----|----|----|
***************************************************
{
  "receptor": "/home/welcome3/Viscacha_pipeline/outputs/docking_campaign/systems/BACE1_verubecestat_401/prepared/bace1_401_aligned_to_5HU1_obabel.pdbqt",
  "ligand": "/home/welcome3/Viscacha_pipeline/outputs/docking_campaign/systems/BACE1_verubecestat/prepared/verubecestat_66F_A501.pdbqt",
  "center": [
    24.887,
    10.422,
    21.858
  ],
  "box_size": [
    23.129,
    16.37,
    18.46
  ],
  "seed": 3301,
  "cpu": 16,
  "exhaustiveness": 32,
  "n_poses_requested": 20,
  "results": [
    {
      "pose_rank": 1,
      "vina_affinity_kcal_mol": -9.542,
      "rmsd_to_crystal_heavy_atom_uncorrected_angstrom": 10.8411
    },
    {
      "pose_rank": 2,
      "vina_affinity_kcal_mol": -9.329,
      "rmsd_to_crystal_heavy_atom_uncorrected_angstrom": 9.4658
    },
    {
      "pose_rank": 3,
      "vina_affinity_kcal_mol": -9.105,
      "rmsd_to_crystal_heavy_atom_uncorrected_angstrom": 10.248
    },
    {
      "pose_rank": 4,
      "vina_affinity_kcal_mol": -9.021,
      "rmsd_to_crystal_heavy_atom_uncorrected_angstrom": 7.1583
    },
    {
      "pose_rank": 5,
      "vina_affinity_kcal_mol": -8.691,
      "rmsd_to_crystal_heavy_atom_uncorrected_angstrom": 8.8868
    },
    {
      "pose_rank": 6,
      "vina_affinity_kcal_mol": -8.413,
      "rmsd_to_crystal_heavy_atom_uncorrected_angstrom": 8.033
    },
    {
      "pose_rank": 7,
      "vina_affinity_kcal_mol": -8.37,
      "rmsd_to_crystal_heavy_atom_uncorrected_angstrom": 7.1443
    },
    {
      "pose_rank": 8,
      "vina_affinity_kcal_mol": -8.352,
      "rmsd_to_crystal_heavy_atom_uncorrected_angstrom": 7.6387
    },
    {
      "pose_rank": 9,
      "vina_affinity_kcal_mol": -8.352,
      "rmsd_to_crystal_heavy_atom_uncorrected_angstrom": 7.9947
    },
    {
      "pose_rank": 10,
      "vina_affinity_kcal_mol": -8.303,
      "rmsd_to_crystal_heavy_atom_uncorrected_angstrom": 6.4711
    },
    {
      "pose_rank": 11,
      "vina_affinity_kcal_mol": -8.252,
      "rmsd_to_crystal_heavy_atom_uncorrected_angstrom": 7.3712
    },
    {
      "pose_rank": 12,
      "vina_affinity_kcal_mol": -8.227,
      "rmsd_to_crystal_heavy_atom_uncorrected_angstrom": 9.711
    },
    {
      "pose_rank": 13,
      "vina_affinity_kcal_mol": -8.194,
      "rmsd_to_crystal_heavy_atom_uncorrected_angstrom": 5.6053
    },
    {
      "pose_rank": 14,
      "vina_affinity_kcal_mol": -8.166,
      "rmsd_to_crystal_heavy_atom_uncorrected_angstrom": 5.2606
    },
    {
      "pose_rank": 15,
      "vina_affinity_kcal_mol": -8.154,
      "rmsd_to_crystal_heavy_atom_uncorrected_angstrom": 6.2951
    },
    {
      "pose_rank": 16,
      "vina_affinity_kcal_mol": -8.118,
      "rmsd_to_crystal_heavy_atom_uncorrected_angstrom": 6.7123
    },
    {
      "pose_rank": 17,
      "vina_affinity_kcal_mol": -8.117,
      "rmsd_to_crystal_heavy_atom_uncorrected_angstrom": 6.6123
    },
    {
      "pose_rank": 18,
      "vina_affinity_kcal_mol": -7.998,
      "rmsd_to_crystal_heavy_atom_uncorrected_angstrom": 7.8572
    },
    {
      "pose_rank": 19,
      "vina_affinity_kcal_mol": -7.991,
      "rmsd_to_crystal_heavy_atom_uncorrected_angstrom": 6.7584
    },
    {
      "pose_rank": 20,
      "vina_affinity_kcal_mol": -7.99,
      "rmsd_to_crystal_heavy_atom_uncorrected_angstrom": 7.6614
    }
  ],
  "rmsd_note": "Fixed-frame heavy-atom RMSD; atom-order based and not symmetry corrected."
}

mode |   affinity | dist from best mode
     | (kcal/mol) | rmsd l.b.| rmsd u.b.
-----+------------+----------+----------
   1       -9.542          0          0
   2       -9.329      5.868      9.656
   3       -9.105      2.104       2.78
   4       -9.021      9.955      11.74
   5       -8.691      4.576      5.998
   6       -8.413      5.541      7.979
   7        -8.37      9.351      11.23
   8       -8.352      6.496      9.378
   9       -8.352      3.957      5.236
  10       -8.303      8.775      10.78
  11       -8.252      5.514      7.397
  12       -8.227      6.167      10.05
  13       -8.194      10.98      12.93
  14       -8.166      10.24      12.07
  15       -8.154      6.033      8.353
  16       -8.118      9.883      12.01
  17       -8.117      9.722      11.99
  18       -7.998      4.836      6.544
  19       -7.991      9.773      11.94
  20        -7.99      10.51      12.48
