Computing Vina grid ... done.
Performing docking (random seed: 5519) ... 
0%   10   20   30   40   50   60   70   80   90   100%
|----|----|----|----|----|----|----|----|----|----|
***************************************************
{
  "receptor": "/home/welcome3/Viscacha_pipeline/outputs/docking_campaign/systems/BACE1_verubecestat_401/prepared/bace1_401_aligned_to_5HU1_obabel.pdbqt",
  "ligand": "/home/welcome3/Viscacha_pipeline/outputs/docking_campaign/systems/BACE1_verubecestat/prepared/verubecestat_66F_A501.pdbqt",
  "center": [
    24.887,
    10.422,
    21.858
  ],
  "box_size": [
    23.129,
    16.37,
    18.46
  ],
  "seed": 5519,
  "cpu": 16,
  "exhaustiveness": 32,
  "n_poses_requested": 20,
  "results": [
    {
      "pose_rank": 1,
      "vina_affinity_kcal_mol": -8.674,
      "rmsd_to_crystal_heavy_atom_uncorrected_angstrom": 9.4808
    },
    {
      "pose_rank": 2,
      "vina_affinity_kcal_mol": -8.447,
      "rmsd_to_crystal_heavy_atom_uncorrected_angstrom": 10.2846
    },
    {
      "pose_rank": 3,
      "vina_affinity_kcal_mol": -8.397,
      "rmsd_to_crystal_heavy_atom_uncorrected_angstrom": 8.377
    },
    {
      "pose_rank": 4,
      "vina_affinity_kcal_mol": -8.331,
      "rmsd_to_crystal_heavy_atom_uncorrected_angstrom": 7.171
    },
    {
      "pose_rank": 5,
      "vina_affinity_kcal_mol": -8.176,
      "rmsd_to_crystal_heavy_atom_uncorrected_angstrom": 9.6779
    },
    {
      "pose_rank": 6,
      "vina_affinity_kcal_mol": -8.029,
      "rmsd_to_crystal_heavy_atom_uncorrected_angstrom": 11.237
    },
    {
      "pose_rank": 7,
      "vina_affinity_kcal_mol": -8.022,
      "rmsd_to_crystal_heavy_atom_uncorrected_angstrom": 8.8948
    },
    {
      "pose_rank": 8,
      "vina_affinity_kcal_mol": -7.703,
      "rmsd_to_crystal_heavy_atom_uncorrected_angstrom": 6.5534
    },
    {
      "pose_rank": 9,
      "vina_affinity_kcal_mol": -7.692,
      "rmsd_to_crystal_heavy_atom_uncorrected_angstrom": 7.6937
    },
    {
      "pose_rank": 10,
      "vina_affinity_kcal_mol": -7.654,
      "rmsd_to_crystal_heavy_atom_uncorrected_angstrom": 8.0223
    },
    {
      "pose_rank": 11,
      "vina_affinity_kcal_mol": -7.604,
      "rmsd_to_crystal_heavy_atom_uncorrected_angstrom": 5.2188
    },
    {
      "pose_rank": 12,
      "vina_affinity_kcal_mol": -7.594,
      "rmsd_to_crystal_heavy_atom_uncorrected_angstrom": 9.7082
    },
    {
      "pose_rank": 13,
      "vina_affinity_kcal_mol": -7.561,
      "rmsd_to_crystal_heavy_atom_uncorrected_angstrom": 7.5192
    },
    {
      "pose_rank": 14,
      "vina_affinity_kcal_mol": -7.534,
      "rmsd_to_crystal_heavy_atom_uncorrected_angstrom": 7.3998
    },
    {
      "pose_rank": 15,
      "vina_affinity_kcal_mol": -7.492,
      "rmsd_to_crystal_heavy_atom_uncorrected_angstrom": 6.3034
    },
    {
      "pose_rank": 16,
      "vina_affinity_kcal_mol": -7.486,
      "rmsd_to_crystal_heavy_atom_uncorrected_angstrom": 9.9242
    },
    {
      "pose_rank": 17,
      "vina_affinity_kcal_mol": -7.479,
      "rmsd_to_crystal_heavy_atom_uncorrected_angstrom": 5.6787
    },
    {
      "pose_rank": 18,
      "vina_affinity_kcal_mol": -7.44,
      "rmsd_to_crystal_heavy_atom_uncorrected_angstrom": 6.5971
    },
    {
      "pose_rank": 19,
      "vina_affinity_kcal_mol": -7.428,
      "rmsd_to_crystal_heavy_atom_uncorrected_angstrom": 10.8525
    },
    {
      "pose_rank": 20,
      "vina_affinity_kcal_mol": -7.375,
      "rmsd_to_crystal_heavy_atom_uncorrected_angstrom": 10.3331
    }
  ],
  "rmsd_note": "Fixed-frame heavy-atom RMSD; atom-order based and not symmetry corrected."
}

mode |   affinity | dist from best mode
     | (kcal/mol) | rmsd l.b.| rmsd u.b.
-----+------------+----------+----------
   1       -8.674          0          0
   2       -8.447      5.815       9.44
   3       -8.397      4.296      5.719
   4       -8.331       5.59      9.193
   5       -8.176       5.97      9.423
   6       -8.029      4.397      5.591
   7       -8.022      3.074      7.658
   8       -7.703      4.895      7.681
   9       -7.692       4.22      5.427
  10       -7.654      5.381      8.148
  11       -7.604       8.22      10.15
  12       -7.594      2.661      3.779
  13       -7.561      3.495      7.513
  14       -7.534      5.522      8.637
  15       -7.492      4.705      7.886
  16       -7.486      3.324       4.25
  17       -7.479      8.143       9.86
  18        -7.44      4.938      6.814
  19       -7.428      5.836      9.676
  20       -7.375      3.362      3.958
