Computing Vina grid ... done.
Performing docking (random seed: 2207) ... 
0%   10   20   30   40   50   60   70   80   90   100%
|----|----|----|----|----|----|----|----|----|----|
***************************************************
{
  "receptor": "/home/welcome3/Viscacha_pipeline/outputs/docking_campaign/PDE9A_BI409306/prepared/pde9a_4GH6_chain_A_meeko.pdbqt",
  "ligand": "/home/welcome3/Viscacha_pipeline/outputs/docking_campaign/PDE9A_BI409306/prepared/BI409306.pdbqt",
  "center": [
    77.26,
    51.202,
    39.87
  ],
  "box_size": [
    19.79,
    18.581,
    23.684
  ],
  "seed": 2207,
  "cpu": 16,
  "exhaustiveness": 32,
  "n_poses_requested": 20,
  "results": [
    {
      "pose_rank": 1,
      "vina_affinity_kcal_mol": -8.092,
      "rmsd_to_crystal_heavy_atom_uncorrected_angstrom": null
    },
    {
      "pose_rank": 2,
      "vina_affinity_kcal_mol": -8.006,
      "rmsd_to_crystal_heavy_atom_uncorrected_angstrom": null
    },
    {
      "pose_rank": 3,
      "vina_affinity_kcal_mol": -7.944,
      "rmsd_to_crystal_heavy_atom_uncorrected_angstrom": null
    },
    {
      "pose_rank": 4,
      "vina_affinity_kcal_mol": -7.935,
      "rmsd_to_crystal_heavy_atom_uncorrected_angstrom": null
    },
    {
      "pose_rank": 5,
      "vina_affinity_kcal_mol": -7.878,
      "rmsd_to_crystal_heavy_atom_uncorrected_angstrom": null
    },
    {
      "pose_rank": 6,
      "vina_affinity_kcal_mol": -7.877,
      "rmsd_to_crystal_heavy_atom_uncorrected_angstrom": null
    },
    {
      "pose_rank": 7,
      "vina_affinity_kcal_mol": -7.824,
      "rmsd_to_crystal_heavy_atom_uncorrected_angstrom": null
    },
    {
      "pose_rank": 8,
      "vina_affinity_kcal_mol": -7.824,
      "rmsd_to_crystal_heavy_atom_uncorrected_angstrom": null
    },
    {
      "pose_rank": 9,
      "vina_affinity_kcal_mol": -7.701,
      "rmsd_to_crystal_heavy_atom_uncorrected_angstrom": null
    },
    {
      "pose_rank": 10,
      "vina_affinity_kcal_mol": -7.681,
      "rmsd_to_crystal_heavy_atom_uncorrected_angstrom": null
    },
    {
      "pose_rank": 11,
      "vina_affinity_kcal_mol": -7.658,
      "rmsd_to_crystal_heavy_atom_uncorrected_angstrom": null
    },
    {
      "pose_rank": 12,
      "vina_affinity_kcal_mol": -7.657,
      "rmsd_to_crystal_heavy_atom_uncorrected_angstrom": null
    },
    {
      "pose_rank": 13,
      "vina_affinity_kcal_mol": -7.588,
      "rmsd_to_crystal_heavy_atom_uncorrected_angstrom": null
    },
    {
      "pose_rank": 14,
      "vina_affinity_kcal_mol": -7.435,
      "rmsd_to_crystal_heavy_atom_uncorrected_angstrom": null
    },
    {
      "pose_rank": 15,
      "vina_affinity_kcal_mol": -7.388,
      "rmsd_to_crystal_heavy_atom_uncorrected_angstrom": null
    },
    {
      "pose_rank": 16,
      "vina_affinity_kcal_mol": -7.378,
      "rmsd_to_crystal_heavy_atom_uncorrected_angstrom": null
    },
    {
      "pose_rank": 17,
      "vina_affinity_kcal_mol": -7.343,
      "rmsd_to_crystal_heavy_atom_uncorrected_angstrom": null
    },
    {
      "pose_rank": 18,
      "vina_affinity_kcal_mol": -7.323,
      "rmsd_to_crystal_heavy_atom_uncorrected_angstrom": null
    },
    {
      "pose_rank": 19,
      "vina_affinity_kcal_mol": -7.269,
      "rmsd_to_crystal_heavy_atom_uncorrected_angstrom": null
    },
    {
      "pose_rank": 20,
      "vina_affinity_kcal_mol": -7.251,
      "rmsd_to_crystal_heavy_atom_uncorrected_angstrom": null
    }
  ],
  "rmsd_note": "Not calculated: cross-docked ligand input did not begin in the experimental receptor frame."
}

mode |   affinity | dist from best mode
     | (kcal/mol) | rmsd l.b.| rmsd u.b.
-----+------------+----------+----------
   1       -8.092          0          0
   2       -8.006      4.957       9.51
   3       -7.944      2.855      4.869
   4       -7.935      4.957      9.865
   5       -7.878      2.941      4.225
   6       -7.877      2.582      4.498
   7       -7.824      4.308      8.354
   8       -7.824      2.884       7.54
   9       -7.701      3.869      9.074
  10       -7.681       2.06      4.949
  11       -7.658      2.856      5.465
  12       -7.657      2.304      3.982
  13       -7.588       3.05       7.03
  14       -7.435      2.031      7.054
  15       -7.388      4.833      7.929
  16       -7.378      2.775      6.894
  17       -7.343      2.926      8.582
  18       -7.323      3.797      6.026
  19       -7.269      3.334      5.505
  20       -7.251        4.2      7.338
