Computing Vina grid ... done.
Performing docking (random seed: 20260824) ... 
0%   10   20   30   40   50   60   70   80   90   100%
|----|----|----|----|----|----|----|----|----|----|
***************************************************
{
  "receptor": "outputs/docking_campaign/KIT_masitinib/prepared/kit_canonical_kinase_aligned.pdbqt",
  "ligand": "outputs/docking_campaign/KIT_masitinib/prepared/masitinib.pdbqt",
  "center": [
    26.181,
    26.061,
    40.364
  ],
  "box_size": [
    22.0,
    20.0,
    28.0
  ],
  "seed": 20260824,
  "cpu": 16,
  "exhaustiveness": 32,
  "n_poses_requested": 10,
  "results": [
    {
      "pose_rank": 1,
      "vina_affinity_kcal_mol": -0.463,
      "rmsd_to_crystal_heavy_atom_uncorrected_angstrom": 64.9425
    },
    {
      "pose_rank": 2,
      "vina_affinity_kcal_mol": 0.937,
      "rmsd_to_crystal_heavy_atom_uncorrected_angstrom": 61.5749
    },
    {
      "pose_rank": 3,
      "vina_affinity_kcal_mol": 1.155,
      "rmsd_to_crystal_heavy_atom_uncorrected_angstrom": 57.8893
    }
  ],
  "rmsd_note": "Fixed-frame heavy-atom RMSD; atom-order based and not symmetry corrected."
}

mode |   affinity | dist from best mode
     | (kcal/mol) | rmsd l.b.| rmsd u.b.
-----+------------+----------+----------
   1      -0.4634          0          0
   2       0.9373      3.304      11.73
   3        1.155      4.876      9.356
   4        2.927      4.645      8.946
   5        3.117      3.655      11.39
   6        5.666      8.555       14.1
   7        6.935      1.486      2.166
   8        7.101      8.889      13.97
   9        33.67      3.884       11.8
  10        41.19      2.179      9.818

