Computing Vina grid ... done.
Performing docking (random seed: 20260824) ... 
0%   10   20   30   40   50   60   70   80   90   100%
|----|----|----|----|----|----|----|----|----|----|
***************************************************
{
  "receptor": "outputs/docking_campaign/KIT_masitinib/prepared/kit_1T46_chain_A.pdbqt",
  "ligand": "outputs/docking_campaign/KIT_masitinib/prepared/imatinib_STI_ideal.pdbqt",
  "center": [
    26.181,
    26.061,
    40.364
  ],
  "box_size": [
    22.0,
    20.0,
    28.0
  ],
  "seed": 20260824,
  "cpu": 16,
  "exhaustiveness": 32,
  "n_poses_requested": 10,
  "results": [
    {
      "pose_rank": 1,
      "vina_affinity_kcal_mol": -13.84,
      "rmsd_to_crystal_heavy_atom_uncorrected_angstrom": 54.781
    },
    {
      "pose_rank": 2,
      "vina_affinity_kcal_mol": -12.829,
      "rmsd_to_crystal_heavy_atom_uncorrected_angstrom": 54.9674
    },
    {
      "pose_rank": 3,
      "vina_affinity_kcal_mol": -12.688,
      "rmsd_to_crystal_heavy_atom_uncorrected_angstrom": 58.3557
    },
    {
      "pose_rank": 4,
      "vina_affinity_kcal_mol": -11.084,
      "rmsd_to_crystal_heavy_atom_uncorrected_angstrom": 54.1154
    },
    {
      "pose_rank": 5,
      "vina_affinity_kcal_mol": -10.91,
      "rmsd_to_crystal_heavy_atom_uncorrected_angstrom": 62.6105
    }
  ],
  "rmsd_note": "Fixed-frame heavy-atom RMSD; atom-order based and not symmetry corrected."
}

mode |   affinity | dist from best mode
     | (kcal/mol) | rmsd l.b.| rmsd u.b.
-----+------------+----------+----------
   1       -13.84          0          0
   2       -12.83      1.056      1.534
   3       -12.69      2.422      12.34
   4       -11.08      2.997      11.76
   5       -10.91      5.547      10.29
   6       -10.81      1.802      13.38
   7       -10.63      1.969      13.14
   8       -10.58      2.932      12.07
   9       -10.32      5.473      10.14
  10       -10.04      3.693      12.37

