Computing Vina grid ... done.
Performing docking (random seed: 20260824) ... 
0%   10   20   30   40   50   60   70   80   90   100%
|----|----|----|----|----|----|----|----|----|----|
***************************************************
{
  "receptor": "outputs/docking_campaign/KIT_masitinib/prepared/kit_223_kinase_aligned.pdbqt",
  "ligand": "outputs/docking_campaign/KIT_masitinib/prepared/masitinib.pdbqt",
  "center": [
    26.181,
    26.061,
    40.364
  ],
  "box_size": [
    22.0,
    20.0,
    28.0
  ],
  "seed": 20260824,
  "cpu": 16,
  "exhaustiveness": 32,
  "n_poses_requested": 10,
  "results": [
    {
      "pose_rank": 1,
      "vina_affinity_kcal_mol": 14.705,
      "rmsd_to_crystal_heavy_atom_uncorrected_angstrom": 60.9246
    },
    {
      "pose_rank": 2,
      "vina_affinity_kcal_mol": 16.472,
      "rmsd_to_crystal_heavy_atom_uncorrected_angstrom": 60.9591
    },
    {
      "pose_rank": 3,
      "vina_affinity_kcal_mol": 17.237,
      "rmsd_to_crystal_heavy_atom_uncorrected_angstrom": 58.3347
    },
    {
      "pose_rank": 4,
      "vina_affinity_kcal_mol": 17.296,
      "rmsd_to_crystal_heavy_atom_uncorrected_angstrom": 58.4631
    },
    {
      "pose_rank": 5,
      "vina_affinity_kcal_mol": 17.491,
      "rmsd_to_crystal_heavy_atom_uncorrected_angstrom": 58.5415
    }
  ],
  "rmsd_note": "Fixed-frame heavy-atom RMSD; atom-order based and not symmetry corrected."
}

mode |   affinity | dist from best mode
     | (kcal/mol) | rmsd l.b.| rmsd u.b.
-----+------------+----------+----------
   1        14.71          0          0
   2        16.47     0.8506       1.36
   3        17.24       2.24      9.946
   4         17.3      2.187      9.804
   5        17.49      5.995      7.763
   6        18.75      6.499      9.508
   7        18.96      5.752       7.74
   8        19.46      6.332      12.07

