Computing Vina grid ... done.
Performing docking (random seed: 1103) ... 
0%   10   20   30   40   50   60   70   80   90   100%
|----|----|----|----|----|----|----|----|----|----|
***************************************************
{
  "receptor": "/home/welcome3/Viscacha_pipeline/outputs/docking_campaign/CHRNA7_encenicline/prepared/chrna7_7EKP_pentamer.pdbqt",
  "ligand": "/home/welcome3/Viscacha_pipeline/outputs/docking_campaign/CHRNA7_encenicline/prepared/encenicline_I33_A601.pdbqt",
  "center": [
    142.818,
    138.419,
    90.348
  ],
  "box_size": [
    22.027,
    19.752,
    16.264
  ],
  "seed": 1103,
  "cpu": 16,
  "exhaustiveness": 32,
  "n_poses_requested": 20,
  "results": [
    {
      "pose_rank": 1,
      "vina_affinity_kcal_mol": -9.871,
      "rmsd_to_crystal_heavy_atom_uncorrected_angstrom": 0.2912
    },
    {
      "pose_rank": 2,
      "vina_affinity_kcal_mol": -9.106,
      "rmsd_to_crystal_heavy_atom_uncorrected_angstrom": 1.8498
    },
    {
      "pose_rank": 3,
      "vina_affinity_kcal_mol": -9.091,
      "rmsd_to_crystal_heavy_atom_uncorrected_angstrom": 1.0212
    },
    {
      "pose_rank": 4,
      "vina_affinity_kcal_mol": -8.563,
      "rmsd_to_crystal_heavy_atom_uncorrected_angstrom": 2.1662
    },
    {
      "pose_rank": 5,
      "vina_affinity_kcal_mol": -7.959,
      "rmsd_to_crystal_heavy_atom_uncorrected_angstrom": 2.2939
    },
    {
      "pose_rank": 6,
      "vina_affinity_kcal_mol": -7.62,
      "rmsd_to_crystal_heavy_atom_uncorrected_angstrom": 7.9786
    },
    {
      "pose_rank": 7,
      "vina_affinity_kcal_mol": -7.515,
      "rmsd_to_crystal_heavy_atom_uncorrected_angstrom": 8.129
    },
    {
      "pose_rank": 8,
      "vina_affinity_kcal_mol": -7.378,
      "rmsd_to_crystal_heavy_atom_uncorrected_angstrom": 7.8218
    },
    {
      "pose_rank": 9,
      "vina_affinity_kcal_mol": -7.349,
      "rmsd_to_crystal_heavy_atom_uncorrected_angstrom": 8.1334
    },
    {
      "pose_rank": 10,
      "vina_affinity_kcal_mol": -7.229,
      "rmsd_to_crystal_heavy_atom_uncorrected_angstrom": 2.7282
    },
    {
      "pose_rank": 11,
      "vina_affinity_kcal_mol": -7.182,
      "rmsd_to_crystal_heavy_atom_uncorrected_angstrom": 7.8873
    },
    {
      "pose_rank": 12,
      "vina_affinity_kcal_mol": -6.991,
      "rmsd_to_crystal_heavy_atom_uncorrected_angstrom": 9.2248
    }
  ],
  "rmsd_note": "Fixed-frame heavy-atom RMSD; atom-order based and not symmetry corrected."
}

mode |   affinity | dist from best mode
     | (kcal/mol) | rmsd l.b.| rmsd u.b.
-----+------------+----------+----------
   1       -9.871          0          0
   2       -9.106      1.323      1.881
   3       -9.091     0.8021      1.001
   4       -8.563      1.497      2.174
   5       -7.959      1.786      2.285
   6        -7.62      3.898       7.98
   7       -7.515      3.919      8.129
   8       -7.378      3.454       7.81
   9       -7.349      4.241      8.146
  10       -7.229      2.023       2.73
  11       -7.182      3.478       7.87
  12       -6.991       4.89      9.255
  13       -6.675      5.385      9.136
  14       -6.577      5.365      7.793
  15       -6.548      5.345      9.574
  16       -6.486      5.551      8.356
  17       -6.318      2.326      3.176
  18       -6.208      5.965      8.883
  19       -6.127      5.911      8.925
