Computing Vina grid ... done.
Performing docking (random seed: 3301) ... 
0%   10   20   30   40   50   60   70   80   90   100%
|----|----|----|----|----|----|----|----|----|----|
***************************************************
{
  "receptor": "/home/welcome3/Viscacha_pipeline/outputs/docking_campaign/CHRNA7_encenicline/prepared/chrna7_7EKP_pentamer.pdbqt",
  "ligand": "/home/welcome3/Viscacha_pipeline/outputs/docking_campaign/CHRNA7_encenicline/prepared/encenicline_I33_A601.pdbqt",
  "center": [
    142.818,
    138.419,
    90.348
  ],
  "box_size": [
    22.027,
    19.752,
    16.264
  ],
  "seed": 3301,
  "cpu": 16,
  "exhaustiveness": 32,
  "n_poses_requested": 20,
  "results": [
    {
      "pose_rank": 1,
      "vina_affinity_kcal_mol": -9.857,
      "rmsd_to_crystal_heavy_atom_uncorrected_angstrom": 0.3104
    },
    {
      "pose_rank": 2,
      "vina_affinity_kcal_mol": -9.111,
      "rmsd_to_crystal_heavy_atom_uncorrected_angstrom": 1.8477
    },
    {
      "pose_rank": 3,
      "vina_affinity_kcal_mol": -7.918,
      "rmsd_to_crystal_heavy_atom_uncorrected_angstrom": 2.2738
    },
    {
      "pose_rank": 4,
      "vina_affinity_kcal_mol": -7.643,
      "rmsd_to_crystal_heavy_atom_uncorrected_angstrom": 7.9919
    },
    {
      "pose_rank": 5,
      "vina_affinity_kcal_mol": -7.524,
      "rmsd_to_crystal_heavy_atom_uncorrected_angstrom": 8.1497
    },
    {
      "pose_rank": 6,
      "vina_affinity_kcal_mol": -7.387,
      "rmsd_to_crystal_heavy_atom_uncorrected_angstrom": 7.8219
    },
    {
      "pose_rank": 7,
      "vina_affinity_kcal_mol": -6.939,
      "rmsd_to_crystal_heavy_atom_uncorrected_angstrom": 8.5584
    }
  ],
  "rmsd_note": "Fixed-frame heavy-atom RMSD; atom-order based and not symmetry corrected."
}

mode |   affinity | dist from best mode
     | (kcal/mol) | rmsd l.b.| rmsd u.b.
-----+------------+----------+----------
   1       -9.857          0          0
   2       -9.111      1.325      1.876
   3       -7.918      1.773      2.266
   4       -7.643      3.924      7.998
   5       -7.524      3.921      8.154
   6       -7.387      3.439      7.807
   7       -6.939      4.334      8.584
   8       -6.733      5.325      9.068
   9       -6.577      5.351       7.82
  10       -6.568      5.351      9.593
  11       -6.549      5.011      9.369
  12       -6.494       5.56       8.36
  13       -6.364      2.158      2.953
  14       -6.203      5.977      8.889
  15       -6.154      4.516      6.505
  16       -6.143      5.849      8.892
  17       -5.993      5.145      7.353
  18       -5.879      6.753      8.958
  19       -5.802      5.349      7.293
