Computing Vina grid ... done.
Performing docking (random seed: 1103) ... 
0%   10   20   30   40   50   60   70   80   90   100%
|----|----|----|----|----|----|----|----|----|----|
***************************************************
{
  "receptor": "/home/welcome3/Viscacha_pipeline/outputs/docking_campaign/CHRNA7_encenicline/prepared/chrna7_chrFam7a_fusion_at_A_face_obabel.pdbqt",
  "ligand": "/home/welcome3/Viscacha_pipeline/outputs/docking_campaign/CHRNA7_encenicline/prepared/encenicline_I33_A601.pdbqt",
  "center": [
    142.818,
    138.419,
    90.348
  ],
  "box_size": [
    22.027,
    19.752,
    16.264
  ],
  "seed": 1103,
  "cpu": 16,
  "exhaustiveness": 32,
  "n_poses_requested": 20,
  "results": [
    {
      "pose_rank": 1,
      "vina_affinity_kcal_mol": -7.537,
      "rmsd_to_crystal_heavy_atom_uncorrected_angstrom": 2.0238
    },
    {
      "pose_rank": 2,
      "vina_affinity_kcal_mol": -7.495,
      "rmsd_to_crystal_heavy_atom_uncorrected_angstrom": 4.4605
    },
    {
      "pose_rank": 3,
      "vina_affinity_kcal_mol": -7.407,
      "rmsd_to_crystal_heavy_atom_uncorrected_angstrom": 4.9146
    },
    {
      "pose_rank": 4,
      "vina_affinity_kcal_mol": -7.35,
      "rmsd_to_crystal_heavy_atom_uncorrected_angstrom": 2.5427
    },
    {
      "pose_rank": 5,
      "vina_affinity_kcal_mol": -6.616,
      "rmsd_to_crystal_heavy_atom_uncorrected_angstrom": 7.6802
    },
    {
      "pose_rank": 6,
      "vina_affinity_kcal_mol": -6.384,
      "rmsd_to_crystal_heavy_atom_uncorrected_angstrom": 7.6593
    },
    {
      "pose_rank": 7,
      "vina_affinity_kcal_mol": -6.32,
      "rmsd_to_crystal_heavy_atom_uncorrected_angstrom": 7.0132
    },
    {
      "pose_rank": 8,
      "vina_affinity_kcal_mol": -6.29,
      "rmsd_to_crystal_heavy_atom_uncorrected_angstrom": 7.8463
    },
    {
      "pose_rank": 9,
      "vina_affinity_kcal_mol": -6.266,
      "rmsd_to_crystal_heavy_atom_uncorrected_angstrom": 7.6631
    },
    {
      "pose_rank": 10,
      "vina_affinity_kcal_mol": -6.176,
      "rmsd_to_crystal_heavy_atom_uncorrected_angstrom": 5.0123
    },
    {
      "pose_rank": 11,
      "vina_affinity_kcal_mol": -6.093,
      "rmsd_to_crystal_heavy_atom_uncorrected_angstrom": 5.9198
    },
    {
      "pose_rank": 12,
      "vina_affinity_kcal_mol": -6.02,
      "rmsd_to_crystal_heavy_atom_uncorrected_angstrom": 6.6026
    },
    {
      "pose_rank": 13,
      "vina_affinity_kcal_mol": -5.962,
      "rmsd_to_crystal_heavy_atom_uncorrected_angstrom": 7.146
    },
    {
      "pose_rank": 14,
      "vina_affinity_kcal_mol": -5.953,
      "rmsd_to_crystal_heavy_atom_uncorrected_angstrom": 8.4647
    },
    {
      "pose_rank": 15,
      "vina_affinity_kcal_mol": -5.951,
      "rmsd_to_crystal_heavy_atom_uncorrected_angstrom": 7.1316
    },
    {
      "pose_rank": 16,
      "vina_affinity_kcal_mol": -5.866,
      "rmsd_to_crystal_heavy_atom_uncorrected_angstrom": 3.2169
    },
    {
      "pose_rank": 17,
      "vina_affinity_kcal_mol": -5.856,
      "rmsd_to_crystal_heavy_atom_uncorrected_angstrom": 5.7408
    },
    {
      "pose_rank": 18,
      "vina_affinity_kcal_mol": -5.734,
      "rmsd_to_crystal_heavy_atom_uncorrected_angstrom": 8.255
    },
    {
      "pose_rank": 19,
      "vina_affinity_kcal_mol": -5.692,
      "rmsd_to_crystal_heavy_atom_uncorrected_angstrom": 9.4429
    },
    {
      "pose_rank": 20,
      "vina_affinity_kcal_mol": -5.645,
      "rmsd_to_crystal_heavy_atom_uncorrected_angstrom": 9.0997
    }
  ],
  "rmsd_note": "Fixed-frame heavy-atom RMSD; atom-order based and not symmetry corrected."
}

mode |   affinity | dist from best mode
     | (kcal/mol) | rmsd l.b.| rmsd u.b.
-----+------------+----------+----------
   1       -7.537          0          0
   2       -7.495      2.744      3.499
   3       -7.407      3.226      3.934
   4        -7.35      1.475      1.837
   5       -6.616      3.308      7.843
   6       -6.384      3.364      8.011
   7        -6.32      3.922      7.786
   8        -6.29      4.686      7.759
   9       -6.266       3.45      7.992
  10       -6.176      4.537      5.595
  11       -6.093      4.646      5.194
  12        -6.02      5.252      6.593
  13       -5.962      3.824      7.812
  14       -5.953      6.039      8.409
  15       -5.951      5.182      8.126
  16       -5.866      1.528      2.129
  17       -5.856       5.06      6.024
  18       -5.734      5.384      9.091
  19       -5.692      4.928       9.72
  20       -5.645      4.938      9.628
