Computing Vina grid ... done.
Performing docking (random seed: 4409) ... 
0%   10   20   30   40   50   60   70   80   90   100%
|----|----|----|----|----|----|----|----|----|----|
***************************************************
{
  "receptor": "/home/welcome3/Viscacha_pipeline/outputs/docking_campaign/CHRNA7_encenicline/prepared/chrna7_chrFam7a_fusion_at_B_face_obabel.pdbqt",
  "ligand": "/home/welcome3/Viscacha_pipeline/outputs/docking_campaign/CHRNA7_encenicline/prepared/encenicline_I33_A601.pdbqt",
  "center": [
    142.818,
    138.419,
    90.348
  ],
  "box_size": [
    22.027,
    19.752,
    16.264
  ],
  "seed": 4409,
  "cpu": 16,
  "exhaustiveness": 32,
  "n_poses_requested": 20,
  "results": [
    {
      "pose_rank": 1,
      "vina_affinity_kcal_mol": -6.927,
      "rmsd_to_crystal_heavy_atom_uncorrected_angstrom": 8.3847
    },
    {
      "pose_rank": 2,
      "vina_affinity_kcal_mol": -6.586,
      "rmsd_to_crystal_heavy_atom_uncorrected_angstrom": 8.6567
    },
    {
      "pose_rank": 3,
      "vina_affinity_kcal_mol": -6.047,
      "rmsd_to_crystal_heavy_atom_uncorrected_angstrom": 9.9244
    },
    {
      "pose_rank": 4,
      "vina_affinity_kcal_mol": -5.919,
      "rmsd_to_crystal_heavy_atom_uncorrected_angstrom": 7.3046
    },
    {
      "pose_rank": 5,
      "vina_affinity_kcal_mol": -5.898,
      "rmsd_to_crystal_heavy_atom_uncorrected_angstrom": 9.8596
    },
    {
      "pose_rank": 6,
      "vina_affinity_kcal_mol": -5.853,
      "rmsd_to_crystal_heavy_atom_uncorrected_angstrom": 9.3704
    },
    {
      "pose_rank": 7,
      "vina_affinity_kcal_mol": -5.796,
      "rmsd_to_crystal_heavy_atom_uncorrected_angstrom": 6.4503
    },
    {
      "pose_rank": 8,
      "vina_affinity_kcal_mol": -5.792,
      "rmsd_to_crystal_heavy_atom_uncorrected_angstrom": 9.8876
    },
    {
      "pose_rank": 9,
      "vina_affinity_kcal_mol": -5.754,
      "rmsd_to_crystal_heavy_atom_uncorrected_angstrom": 8.579
    },
    {
      "pose_rank": 10,
      "vina_affinity_kcal_mol": -5.725,
      "rmsd_to_crystal_heavy_atom_uncorrected_angstrom": 10.0027
    },
    {
      "pose_rank": 11,
      "vina_affinity_kcal_mol": -5.677,
      "rmsd_to_crystal_heavy_atom_uncorrected_angstrom": 9.4411
    },
    {
      "pose_rank": 12,
      "vina_affinity_kcal_mol": -5.546,
      "rmsd_to_crystal_heavy_atom_uncorrected_angstrom": 8.5673
    },
    {
      "pose_rank": 13,
      "vina_affinity_kcal_mol": -5.512,
      "rmsd_to_crystal_heavy_atom_uncorrected_angstrom": 8.8289
    },
    {
      "pose_rank": 14,
      "vina_affinity_kcal_mol": -5.382,
      "rmsd_to_crystal_heavy_atom_uncorrected_angstrom": 5.1573
    },
    {
      "pose_rank": 15,
      "vina_affinity_kcal_mol": -5.254,
      "rmsd_to_crystal_heavy_atom_uncorrected_angstrom": 9.0349
    },
    {
      "pose_rank": 16,
      "vina_affinity_kcal_mol": -5.252,
      "rmsd_to_crystal_heavy_atom_uncorrected_angstrom": 10.5254
    },
    {
      "pose_rank": 17,
      "vina_affinity_kcal_mol": -5.165,
      "rmsd_to_crystal_heavy_atom_uncorrected_angstrom": 8.8918
    },
    {
      "pose_rank": 18,
      "vina_affinity_kcal_mol": -5.105,
      "rmsd_to_crystal_heavy_atom_uncorrected_angstrom": 8.4148
    },
    {
      "pose_rank": 19,
      "vina_affinity_kcal_mol": -4.878,
      "rmsd_to_crystal_heavy_atom_uncorrected_angstrom": 9.2757
    }
  ],
  "rmsd_note": "Fixed-frame heavy-atom RMSD; atom-order based and not symmetry corrected."
}

mode |   affinity | dist from best mode
     | (kcal/mol) | rmsd l.b.| rmsd u.b.
-----+------------+----------+----------
   1       -6.927          0          0
   2       -6.586       1.74      2.345
   3       -6.047      5.792      6.923
   4       -5.919      6.358      9.429
   5       -5.898      6.303      7.562
   6       -5.853      5.536      7.268
   7       -5.796       6.33      10.27
   8       -5.792      5.503      6.909
   9       -5.754      4.006      5.784
  10       -5.725       6.03      7.558
  11       -5.677      5.918      7.163
  12       -5.546      5.013      7.421
  13       -5.512      10.78      11.81
  14       -5.382      5.849      8.232
  15       -5.254      5.157      7.401
  16       -5.252      5.947      6.851
  17       -5.165      10.87      11.52
  18       -5.105      5.048       7.26
  19       -4.878      10.45      11.25
  20        29.56      6.305      10.92
