Computing Vina grid ... done.
Performing docking (random seed: 5519) ... 
0%   10   20   30   40   50   60   70   80   90   100%
|----|----|----|----|----|----|----|----|----|----|
***************************************************
{
  "receptor": "/home/welcome3/Viscacha_pipeline/outputs/docking_campaign/CHRNA7_encenicline/prepared/chrna7_chrFam7a_fusion_at_B_face_obabel.pdbqt",
  "ligand": "/home/welcome3/Viscacha_pipeline/outputs/docking_campaign/CHRNA7_encenicline/prepared/encenicline_I33_A601.pdbqt",
  "center": [
    142.818,
    138.419,
    90.348
  ],
  "box_size": [
    22.027,
    19.752,
    16.264
  ],
  "seed": 5519,
  "cpu": 16,
  "exhaustiveness": 32,
  "n_poses_requested": 20,
  "results": [
    {
      "pose_rank": 1,
      "vina_affinity_kcal_mol": -6.879,
      "rmsd_to_crystal_heavy_atom_uncorrected_angstrom": 8.382
    },
    {
      "pose_rank": 2,
      "vina_affinity_kcal_mol": -6.039,
      "rmsd_to_crystal_heavy_atom_uncorrected_angstrom": 9.8866
    },
    {
      "pose_rank": 3,
      "vina_affinity_kcal_mol": -5.899,
      "rmsd_to_crystal_heavy_atom_uncorrected_angstrom": 9.7637
    },
    {
      "pose_rank": 4,
      "vina_affinity_kcal_mol": -5.878,
      "rmsd_to_crystal_heavy_atom_uncorrected_angstrom": 7.2925
    },
    {
      "pose_rank": 5,
      "vina_affinity_kcal_mol": -5.806,
      "rmsd_to_crystal_heavy_atom_uncorrected_angstrom": 9.3754
    },
    {
      "pose_rank": 6,
      "vina_affinity_kcal_mol": -5.725,
      "rmsd_to_crystal_heavy_atom_uncorrected_angstrom": 10.0217
    },
    {
      "pose_rank": 7,
      "vina_affinity_kcal_mol": -5.716,
      "rmsd_to_crystal_heavy_atom_uncorrected_angstrom": 6.388
    },
    {
      "pose_rank": 8,
      "vina_affinity_kcal_mol": -5.672,
      "rmsd_to_crystal_heavy_atom_uncorrected_angstrom": 9.406
    },
    {
      "pose_rank": 9,
      "vina_affinity_kcal_mol": -5.664,
      "rmsd_to_crystal_heavy_atom_uncorrected_angstrom": 8.7404
    },
    {
      "pose_rank": 10,
      "vina_affinity_kcal_mol": -5.513,
      "rmsd_to_crystal_heavy_atom_uncorrected_angstrom": 8.5645
    },
    {
      "pose_rank": 11,
      "vina_affinity_kcal_mol": -5.494,
      "rmsd_to_crystal_heavy_atom_uncorrected_angstrom": 8.8479
    },
    {
      "pose_rank": 12,
      "vina_affinity_kcal_mol": -5.369,
      "rmsd_to_crystal_heavy_atom_uncorrected_angstrom": 5.174
    },
    {
      "pose_rank": 13,
      "vina_affinity_kcal_mol": -5.367,
      "rmsd_to_crystal_heavy_atom_uncorrected_angstrom": 6.6669
    },
    {
      "pose_rank": 14,
      "vina_affinity_kcal_mol": -5.316,
      "rmsd_to_crystal_heavy_atom_uncorrected_angstrom": 9.6439
    },
    {
      "pose_rank": 15,
      "vina_affinity_kcal_mol": -5.302,
      "rmsd_to_crystal_heavy_atom_uncorrected_angstrom": 10.6241
    },
    {
      "pose_rank": 16,
      "vina_affinity_kcal_mol": -5.229,
      "rmsd_to_crystal_heavy_atom_uncorrected_angstrom": 9.0351
    },
    {
      "pose_rank": 17,
      "vina_affinity_kcal_mol": -5.211,
      "rmsd_to_crystal_heavy_atom_uncorrected_angstrom": 9.8465
    },
    {
      "pose_rank": 18,
      "vina_affinity_kcal_mol": -5.062,
      "rmsd_to_crystal_heavy_atom_uncorrected_angstrom": 9.1128
    },
    {
      "pose_rank": 19,
      "vina_affinity_kcal_mol": -4.971,
      "rmsd_to_crystal_heavy_atom_uncorrected_angstrom": 9.2188
    }
  ],
  "rmsd_note": "Fixed-frame heavy-atom RMSD; atom-order based and not symmetry corrected."
}

mode |   affinity | dist from best mode
     | (kcal/mol) | rmsd l.b.| rmsd u.b.
-----+------------+----------+----------
   1       -6.879          0          0
   2       -6.039      5.842      6.992
   3       -5.899      6.274       7.55
   4       -5.878      6.336      9.463
   5       -5.806      5.595      7.341
   6       -5.725       6.11      7.651
   7       -5.716      6.337      10.26
   8       -5.672      5.939      7.193
   9       -5.664      3.892      5.666
  10       -5.513       5.03      7.447
  11       -5.494      10.81      11.82
  12       -5.369      5.788      8.181
  13       -5.367      6.324      10.93
  14       -5.316      6.088      7.225
  15       -5.302      5.651      6.601
  16       -5.229      5.191      7.439
  17       -5.211      5.386      6.279
  18       -5.062      10.65      11.24
  19       -4.971      10.85      11.34
  20        10.54      10.66      11.68
