Computing Vina grid ... done.
Performing docking (random seed: 3301) ... 
0%   10   20   30   40   50   60   70   80   90   100%
|----|----|----|----|----|----|----|----|----|----|
***************************************************
{
  "receptor": "/home/welcome3/Viscacha_pipeline/outputs/docking_campaign/CHRNA7_encenicline/prepared/chrna7_chrFam7a_fusion_at_A_face_obabel.pdbqt",
  "ligand": "/home/welcome3/Viscacha_pipeline/outputs/docking_campaign/CHRNA7_encenicline/prepared/encenicline_I33_A601.pdbqt",
  "center": [
    142.818,
    138.419,
    90.348
  ],
  "box_size": [
    22.027,
    19.752,
    16.264
  ],
  "seed": 3301,
  "cpu": 16,
  "exhaustiveness": 32,
  "n_poses_requested": 20,
  "results": [
    {
      "pose_rank": 1,
      "vina_affinity_kcal_mol": -7.537,
      "rmsd_to_crystal_heavy_atom_uncorrected_angstrom": 2.0284
    },
    {
      "pose_rank": 2,
      "vina_affinity_kcal_mol": -7.514,
      "rmsd_to_crystal_heavy_atom_uncorrected_angstrom": 4.4681
    },
    {
      "pose_rank": 3,
      "vina_affinity_kcal_mol": -7.441,
      "rmsd_to_crystal_heavy_atom_uncorrected_angstrom": 4.9133
    },
    {
      "pose_rank": 4,
      "vina_affinity_kcal_mol": -7.053,
      "rmsd_to_crystal_heavy_atom_uncorrected_angstrom": 2.6928
    },
    {
      "pose_rank": 5,
      "vina_affinity_kcal_mol": -6.602,
      "rmsd_to_crystal_heavy_atom_uncorrected_angstrom": 7.6785
    },
    {
      "pose_rank": 6,
      "vina_affinity_kcal_mol": -6.453,
      "rmsd_to_crystal_heavy_atom_uncorrected_angstrom": 4.2179
    },
    {
      "pose_rank": 7,
      "vina_affinity_kcal_mol": -6.439,
      "rmsd_to_crystal_heavy_atom_uncorrected_angstrom": 7.5861
    },
    {
      "pose_rank": 8,
      "vina_affinity_kcal_mol": -6.335,
      "rmsd_to_crystal_heavy_atom_uncorrected_angstrom": 4.9237
    },
    {
      "pose_rank": 9,
      "vina_affinity_kcal_mol": -6.29,
      "rmsd_to_crystal_heavy_atom_uncorrected_angstrom": 7.8372
    },
    {
      "pose_rank": 10,
      "vina_affinity_kcal_mol": -6.28,
      "rmsd_to_crystal_heavy_atom_uncorrected_angstrom": 7.0321
    },
    {
      "pose_rank": 11,
      "vina_affinity_kcal_mol": -6.196,
      "rmsd_to_crystal_heavy_atom_uncorrected_angstrom": 7.7202
    },
    {
      "pose_rank": 12,
      "vina_affinity_kcal_mol": -6.193,
      "rmsd_to_crystal_heavy_atom_uncorrected_angstrom": 2.9153
    },
    {
      "pose_rank": 13,
      "vina_affinity_kcal_mol": -6.02,
      "rmsd_to_crystal_heavy_atom_uncorrected_angstrom": 8.6668
    },
    {
      "pose_rank": 14,
      "vina_affinity_kcal_mol": -6.012,
      "rmsd_to_crystal_heavy_atom_uncorrected_angstrom": 5.9959
    },
    {
      "pose_rank": 15,
      "vina_affinity_kcal_mol": -5.958,
      "rmsd_to_crystal_heavy_atom_uncorrected_angstrom": 6.3233
    },
    {
      "pose_rank": 16,
      "vina_affinity_kcal_mol": -5.957,
      "rmsd_to_crystal_heavy_atom_uncorrected_angstrom": 7.1894
    },
    {
      "pose_rank": 17,
      "vina_affinity_kcal_mol": -5.957,
      "rmsd_to_crystal_heavy_atom_uncorrected_angstrom": 8.5223
    },
    {
      "pose_rank": 18,
      "vina_affinity_kcal_mol": -5.913,
      "rmsd_to_crystal_heavy_atom_uncorrected_angstrom": 7.1732
    },
    {
      "pose_rank": 19,
      "vina_affinity_kcal_mol": -5.791,
      "rmsd_to_crystal_heavy_atom_uncorrected_angstrom": 9.1547
    },
    {
      "pose_rank": 20,
      "vina_affinity_kcal_mol": -5.769,
      "rmsd_to_crystal_heavy_atom_uncorrected_angstrom": 6.1411
    }
  ],
  "rmsd_note": "Fixed-frame heavy-atom RMSD; atom-order based and not symmetry corrected."
}

mode |   affinity | dist from best mode
     | (kcal/mol) | rmsd l.b.| rmsd u.b.
-----+------------+----------+----------
   1       -7.537          0          0
   2       -7.514      2.768      3.512
   3       -7.441      3.194      3.898
   4       -7.053      1.354       1.83
   5       -6.602      3.315      7.849
   6       -6.453      2.699        3.3
   7       -6.439      3.323      7.962
   8       -6.335      4.439      5.521
   9        -6.29      4.695      7.768
  10        -6.28      3.934      7.799
  11       -6.196      3.252      7.863
  12       -6.193      1.497      1.938
  13        -6.02      4.869      8.497
  14       -6.012      5.002      6.098
  15       -5.958      4.821      5.707
  16       -5.957      5.222      8.174
  17       -5.957      6.008      8.473
  18       -5.913      3.803      7.817
  19       -5.791      5.006      9.689
  20       -5.769      5.294      6.364
