
==========
== CUDA ==
==========

CUDA Version 12.8.1

Container image Copyright (c) 2016-2023, NVIDIA CORPORATION & AFFILIATES. All rights reserved.

This container image and its contents are governed by the NVIDIA Deep Learning Container License.
By pulling and using the container, you accept the terms and conditions of this license:
https://developer.nvidia.com/ngc/nvidia-deep-learning-container-license

A copy of this license is made available in this container at /NGC-DL-CONTAINER-LICENSE for your convenience.

              _
             (_)
   __ _ _ __  _ _ __   __ _
  / _` | '_ \| | '_ \ / _` |
 | (_| | | | | | | | | (_| |
  \__, |_| |_|_|_| |_|\__,_|
   __/ |
  |___/

gnina v1.3.3 master:6fe1ce2   Built Jun 30 2026.
gnina is based on smina and AutoDock Vina.
Please cite appropriately.

Commandline: /opt/gnina --receptor /work/outputs/docking_campaign/systems/BACE1_verubecestat/prepared/bace1_5HU1_chain_A.pdbqt --ligand /out/input_poses.sdf --score_only --cnn_scoring rescore --cpu 16 --device 0 --out /out/scored_poses.sdf
## Name gauss(o=0,_w=0.5,_c=8) gauss(o=3,_w=2,_c=8) repulsion(o=0,_c=8) hydrophobic(g=0.5,_b=1.5,_c=8) non_dir_h_bond(g=-0.7,_b=0,_c=8) num_tors_div
Affinity: -9.53450 (kcal/mol)
CNNscore: 0.92173
CNNaffinity: 7.36329
CNNvariance: 0.08511
Intramolecular energy: -0.30852
Term values, before weighting:
## BACE1_verubecestat__canonical_obabel_seed5519_ex32__pose01 108.46243 1530.50000 3.92277 32.57837 2.74062 0.00000
Affinity: -8.44939 (kcal/mol)
CNNscore: 0.09335
CNNaffinity: 4.81139
CNNvariance: 1.05299
Intramolecular energy: -0.40380
Term values, before weighting:
## BACE1_verubecestat__canonical_obabel_seed5519_ex32__pose02 67.81819 1305.50964 1.87580 24.60380 2.55420 0.00000
Affinity: -8.27845 (kcal/mol)
CNNscore: 0.04524
CNNaffinity: 5.20020
CNNvariance: 0.33145
Intramolecular energy: -0.41869
Term values, before weighting:
## BACE1_verubecestat__canonical_obabel_seed5519_ex32__pose03 60.72823 1402.82886 1.24752 24.73917 0.88067 0.00000
Affinity: -8.30791 (kcal/mol)
CNNscore: 0.08605
CNNaffinity: 5.64025
CNNvariance: 0.18742
Intramolecular energy: -0.33155
Term values, before weighting:
## BACE1_verubecestat__canonical_obabel_seed5519_ex32__pose04 66.95738 1469.62939 2.36052 39.15160 0.70760 0.00000
Affinity: -8.91810 (kcal/mol)
CNNscore: 0.28429
CNNaffinity: 5.66389
CNNvariance: 0.50394
Intramolecular energy: 0.55988
Term values, before weighting:
## BACE1_verubecestat__canonical_obabel_seed5519_ex32__pose05 62.54539 1368.78699 1.40749 31.65537 2.16516 0.00000
Affinity: -7.95035 (kcal/mol)
CNNscore: 0.02264
CNNaffinity: 4.44514
CNNvariance: 0.73128
Intramolecular energy: -0.36885
Term values, before weighting:
## BACE1_verubecestat__canonical_obabel_seed5519_ex32__pose06 50.18088 1282.64722 0.67422 23.48253 1.17283 0.00000
Affinity: -8.02323 (kcal/mol)
CNNscore: 0.13714
CNNaffinity: 5.37706
CNNvariance: 0.28240
Intramolecular energy: -0.22729
Term values, before weighting:
## BACE1_verubecestat__canonical_obabel_seed5519_ex32__pose07 69.89502 1304.44116 2.92845 25.35246 3.04607 0.00000
Affinity: -8.78134 (kcal/mol)
CNNscore: 0.13878
CNNaffinity: 5.41394
CNNvariance: 0.46274
Intramolecular energy: 0.71959
Term values, before weighting:
## BACE1_verubecestat__canonical_obabel_seed5519_ex32__pose08 79.60906 1289.32788 1.09676 22.06464 1.68355 0.00000
Affinity: -8.74634 (kcal/mol)
CNNscore: 0.07554
CNNaffinity: 5.15305
CNNvariance: 0.57203
Intramolecular energy: 0.67742
Term values, before weighting:
## BACE1_verubecestat__canonical_obabel_seed5519_ex32__pose09 78.14686 1344.48474 2.33665 32.06061 2.39472 0.00000
Affinity: -7.76626 (kcal/mol)
CNNscore: 0.05973
CNNaffinity: 4.67737
CNNvariance: 1.33728
Intramolecular energy: -0.01452
Term values, before weighting:
## BACE1_verubecestat__canonical_obabel_seed5519_ex32__pose10 63.04811 1402.29517 2.17905 15.41567 1.60889 0.00000
Affinity: -7.44824 (kcal/mol)
CNNscore: 0.02636
CNNaffinity: 4.07306
CNNvariance: 1.46443
Intramolecular energy: -0.36144
Term values, before weighting:
## BACE1_verubecestat__canonical_obabel_seed5519_ex32__pose11 64.65988 1291.70813 1.79076 16.45405 1.22835 0.00000
Affinity: -7.53236 (kcal/mol)
CNNscore: 0.11806
CNNaffinity: 5.00607
CNNvariance: 0.51198
Intramolecular energy: -0.22810
Term values, before weighting:
## BACE1_verubecestat__canonical_obabel_seed5519_ex32__pose12 66.91320 1189.63501 1.42638 24.41921 1.15939 0.00000
Affinity: -7.36289 (kcal/mol)
CNNscore: 0.02434
CNNaffinity: 4.24860
CNNvariance: 0.80220
Intramolecular energy: -0.39364
Term values, before weighting:
## BACE1_verubecestat__canonical_obabel_seed5519_ex32__pose13 49.71320 1156.87573 0.72825 18.91918 1.47934 0.00000
Affinity: -7.58030 (kcal/mol)
CNNscore: 0.04613
CNNaffinity: 4.81618
CNNvariance: 0.40318
Intramolecular energy: -0.11608
Term values, before weighting:
## BACE1_verubecestat__canonical_obabel_seed5519_ex32__pose14 79.48982 1298.10669 2.27832 22.21904 0.89121 0.00000
Affinity: -7.62301 (kcal/mol)
CNNscore: 0.04624
CNNaffinity: 4.69331
CNNvariance: 0.79660
Intramolecular energy: -0.01775
Term values, before weighting:
## BACE1_verubecestat__canonical_obabel_seed5519_ex32__pose15 75.16270 1342.82251 2.33069 20.90920 0.99953 0.00000
Affinity: -7.86230 (kcal/mol)
CNNscore: 0.38005
CNNaffinity: 5.38529
CNNvariance: 0.16105
Intramolecular energy: 0.32562
Term values, before weighting:
## BACE1_verubecestat__canonical_obabel_seed5519_ex32__pose16 67.84261 1159.89331 0.98060 24.07307 1.40734 0.00000
Affinity: -7.19887 (kcal/mol)
CNNscore: 0.19775
CNNaffinity: 5.48361
CNNvariance: 0.31290
Intramolecular energy: -0.41714
Term values, before weighting:
## BACE1_verubecestat__canonical_obabel_seed5519_ex32__pose17 57.62050 1134.64685 1.65742 21.24511 2.05755 0.00000
Affinity: -7.81109 (kcal/mol)
CNNscore: 0.08416
CNNaffinity: 5.50884
CNNvariance: 0.10378
Intramolecular energy: 0.37757
Term values, before weighting:
## BACE1_verubecestat__canonical_obabel_seed5519_ex32__pose18 59.18221 1235.71887 0.87047 25.38484 0.92805 0.00000
Affinity: -7.43000 (kcal/mol)
CNNscore: 0.06187
CNNaffinity: 4.77259
CNNvariance: 0.49553
Intramolecular energy: -0.06214
Term values, before weighting:
## BACE1_verubecestat__canonical_obabel_seed5519_ex32__pose19 66.24162 1127.47473 0.78457 26.54443 0.49597 0.00000
Affinity: -7.27752 (kcal/mol)
CNNscore: 0.02061
CNNaffinity: 4.29022
CNNvariance: 1.01600
Intramolecular energy: -0.06495
Term values, before weighting:
## BACE1_verubecestat__canonical_obabel_seed5519_ex32__pose20 60.67004 1192.42969 0.60509 16.07592 0.32643 0.00000
