
==========
== CUDA ==
==========

CUDA Version 12.8.1

Container image Copyright (c) 2016-2023, NVIDIA CORPORATION & AFFILIATES. All rights reserved.

This container image and its contents are governed by the NVIDIA Deep Learning Container License.
By pulling and using the container, you accept the terms and conditions of this license:
https://developer.nvidia.com/ngc/nvidia-deep-learning-container-license

A copy of this license is made available in this container at /NGC-DL-CONTAINER-LICENSE for your convenience.

              _
             (_)
   __ _ _ __  _ _ __   __ _
  / _` | '_ \| | '_ \ / _` |
 | (_| | | | | | | | | (_| |
  \__, |_| |_|_|_| |_|\__,_|
   __/ |
  |___/

gnina v1.3.3 master:6fe1ce2   Built Jun 30 2026.
gnina is based on smina and AutoDock Vina.
Please cite appropriately.

Commandline: /opt/gnina --receptor /work/outputs/docking_campaign/systems/BACE1_verubecestat/prepared/bace1_476_alphafold_aligned_to_5HU1_obabel.pdbqt --ligand /out/input_poses.sdf --score_only --cnn_scoring rescore --cpu 16 --device 0 --out /out/scored_poses.sdf
## Name gauss(o=0,_w=0.5,_c=8) gauss(o=3,_w=2,_c=8) repulsion(o=0,_c=8) hydrophobic(g=0.5,_b=1.5,_c=8) non_dir_h_bond(g=-0.7,_b=0,_c=8) num_tors_div
Affinity: -9.18178 (kcal/mol)
CNNscore: 0.11936
CNNaffinity: 5.71016
CNNvariance: 0.56834
Intramolecular energy: -0.25453
Term values, before weighting:
## BACE1_verubecestat__alternate_476_seed2207_ex32__pose01 61.55751 1531.78027 1.83410 33.37214 1.82971 0.00000
Affinity: -8.64782 (kcal/mol)
CNNscore: 0.23753
CNNaffinity: 6.15299
CNNvariance: 0.31777
Intramolecular energy: -0.33356
Term values, before weighting:
## BACE1_verubecestat__alternate_476_seed2207_ex32__pose02 58.03997 1558.08618 2.61229 30.38331 2.03478 0.00000
Affinity: -8.53976 (kcal/mol)
CNNscore: 0.02883
CNNaffinity: 4.25136
CNNvariance: 1.83927
Intramolecular energy: -0.28139
Term values, before weighting:
## BACE1_verubecestat__alternate_476_seed2207_ex32__pose03 58.50901 1510.56995 1.90099 14.61282 2.13148 0.00000
Affinity: -8.83547 (kcal/mol)
CNNscore: 0.22840
CNNaffinity: 5.77950
CNNvariance: 0.16812
Intramolecular energy: 0.29893
Term values, before weighting:
## BACE1_verubecestat__alternate_476_seed2207_ex32__pose04 61.10131 1448.43750 1.74990 16.50674 2.78231 0.00000
Affinity: -8.83574 (kcal/mol)
CNNscore: 0.25176
CNNaffinity: 5.74766
CNNvariance: 0.17805
Intramolecular energy: 0.36712
Term values, before weighting:
## BACE1_verubecestat__alternate_476_seed2207_ex32__pose05 65.24408 1407.56946 1.67131 29.52540 2.00105 0.00000
Affinity: -8.34884 (kcal/mol)
CNNscore: 0.02085
CNNaffinity: 4.06812
CNNvariance: 1.71375
Intramolecular energy: -0.03231
Term values, before weighting:
## BACE1_verubecestat__alternate_476_seed2207_ex32__pose06 69.00160 1453.68298 1.69064 9.18029 1.63672 0.00000
Affinity: -8.60624 (kcal/mol)
CNNscore: 0.05916
CNNaffinity: 4.57901
CNNvariance: 1.19945
Intramolecular energy: 0.29454
Term values, before weighting:
## BACE1_verubecestat__alternate_476_seed2207_ex32__pose07 55.85589 1364.88721 1.24887 18.06406 2.56506 0.00000
Affinity: -9.02284 (kcal/mol)
CNNscore: 0.46653
CNNaffinity: 6.50527
CNNvariance: 0.04935
Intramolecular energy: 0.95396
Term values, before weighting:
## BACE1_verubecestat__alternate_476_seed2207_ex32__pose08 65.07049 1566.14368 2.58494 33.22396 2.07998 0.00000
Affinity: -8.53342 (kcal/mol)
CNNscore: 0.04337
CNNaffinity: 5.09183
CNNvariance: 0.31253
Intramolecular energy: 0.57441
Term values, before weighting:
## BACE1_verubecestat__alternate_476_seed2207_ex32__pose09 64.47910 1431.36096 1.88314 27.03147 1.68553 0.00000
Affinity: -8.05108 (kcal/mol)
CNNscore: 0.65909
CNNaffinity: 6.52143
CNNvariance: 0.13755
Intramolecular energy: 0.15127
Term values, before weighting:
## BACE1_verubecestat__alternate_476_seed2207_ex32__pose10 67.92892 1500.83716 4.91001 24.08840 4.40686 0.00000
Affinity: -8.17991 (kcal/mol)
CNNscore: 0.02645
CNNaffinity: 4.69391
CNNvariance: 0.54051
Intramolecular energy: 0.34420
Term values, before weighting:
## BACE1_verubecestat__alternate_476_seed2207_ex32__pose11 55.21669 1336.57092 1.24685 12.94401 2.30205 0.00000
Affinity: -8.26127 (kcal/mol)
CNNscore: 0.02081
CNNaffinity: 3.94510
CNNvariance: 1.83052
Intramolecular energy: 0.60034
Term values, before weighting:
## BACE1_verubecestat__alternate_476_seed2207_ex32__pose12 60.41269 1509.81714 1.69042 12.24402 1.30579 0.00000
Affinity: -7.91616 (kcal/mol)
CNNscore: 0.08339
CNNaffinity: 4.96788
CNNvariance: 1.19123
Intramolecular energy: 0.29625
Term values, before weighting:
## BACE1_verubecestat__alternate_476_seed2207_ex32__pose13 75.85469 1550.44177 4.51155 34.23174 2.04601 0.00000
Affinity: -7.81950 (kcal/mol)
CNNscore: 0.01036
CNNaffinity: 3.49282
CNNvariance: 2.48209
Intramolecular energy: 0.31264
Term values, before weighting:
## BACE1_verubecestat__alternate_476_seed2207_ex32__pose14 59.59048 1404.97119 1.98800 11.95707 1.83464 0.00000
Affinity: -7.29268 (kcal/mol)
CNNscore: 0.00675
CNNaffinity: 3.80459
CNNvariance: 1.17309
Intramolecular energy: -0.14031
Term values, before weighting:
## BACE1_verubecestat__alternate_476_seed2207_ex32__pose15 53.16034 1383.76294 2.66002 20.68787 1.79557 0.00000
Affinity: -7.70884 (kcal/mol)
CNNscore: 0.01795
CNNaffinity: 4.10447
CNNvariance: 1.36175
Intramolecular energy: 0.39494
Term values, before weighting:
## BACE1_verubecestat__alternate_476_seed2207_ex32__pose16 61.84715 1415.58276 2.01140 15.50907 1.20488 0.00000
Affinity: -7.04353 (kcal/mol)
CNNscore: 0.06367
CNNaffinity: 4.38185
CNNvariance: 1.11997
Intramolecular energy: -0.28010
Term values, before weighting:
## BACE1_verubecestat__alternate_476_seed2207_ex32__pose17 53.78059 1256.74744 1.32879 15.15237 0.80128 0.00000
Affinity: -7.59684 (kcal/mol)
CNNscore: 0.11980
CNNaffinity: 5.35530
CNNvariance: 0.08902
Intramolecular energy: 0.40326
Term values, before weighting:
## BACE1_verubecestat__alternate_476_seed2207_ex32__pose18 64.44484 1247.79968 3.09231 26.07588 3.21133 0.00000
Affinity: -7.20008 (kcal/mol)
CNNscore: 0.07206
CNNaffinity: 4.82865
CNNvariance: 0.68433
Intramolecular energy: -0.04565
Term values, before weighting:
## BACE1_verubecestat__alternate_476_seed2207_ex32__pose19 58.50426 1284.15442 1.81680 14.28486 1.33769 0.00000
