
==========
== CUDA ==
==========

CUDA Version 12.8.1

Container image Copyright (c) 2016-2023, NVIDIA CORPORATION & AFFILIATES. All rights reserved.

This container image and its contents are governed by the NVIDIA Deep Learning Container License.
By pulling and using the container, you accept the terms and conditions of this license:
https://developer.nvidia.com/ngc/nvidia-deep-learning-container-license

A copy of this license is made available in this container at /NGC-DL-CONTAINER-LICENSE for your convenience.

              _
             (_)
   __ _ _ __  _ _ __   __ _
  / _` | '_ \| | '_ \ / _` |
 | (_| | | | | | | | | (_| |
  \__, |_| |_|_|_| |_|\__,_|
   __/ |
  |___/

gnina v1.3.3 master:6fe1ce2   Built Jun 30 2026.
gnina is based on smina and AutoDock Vina.
Please cite appropriately.

Commandline: /opt/gnina --receptor /work/outputs/docking_campaign/systems/BACE1_verubecestat/prepared/bace1_5HU1_chain_A.pdbqt --ligand /out/input_poses.sdf --score_only --cnn_scoring rescore --cpu 16 --device 0 --out /out/scored_poses.sdf
## Name gauss(o=0,_w=0.5,_c=8) gauss(o=3,_w=2,_c=8) repulsion(o=0,_c=8) hydrophobic(g=0.5,_b=1.5,_c=8) non_dir_h_bond(g=-0.7,_b=0,_c=8) num_tors_div
Affinity: -9.50283 (kcal/mol)
CNNscore: 0.91290
CNNaffinity: 7.35774
CNNvariance: 0.07503
Intramolecular energy: -0.31508
Term values, before weighting:
## BACE1_verubecestat__canonical_obabel_seed3301_ex32__pose01 107.09101 1531.86829 3.99822 31.81198 2.90198 0.00000
Affinity: -8.46602 (kcal/mol)
CNNscore: 0.09809
CNNaffinity: 4.81422
CNNvariance: 1.07239
Intramolecular energy: -0.40353
Term values, before weighting:
## BACE1_verubecestat__canonical_obabel_seed3301_ex32__pose02 69.50346 1309.45093 1.84672 24.89744 2.39168 0.00000
Affinity: -8.27451 (kcal/mol)
CNNscore: 0.04711
CNNaffinity: 5.22109
CNNvariance: 0.32696
Intramolecular energy: -0.42280
Term values, before weighting:
## BACE1_verubecestat__canonical_obabel_seed3301_ex32__pose03 60.14037 1403.88379 1.19165 24.70580 0.82121 0.00000
Affinity: -8.29300 (kcal/mol)
CNNscore: 0.08639
CNNaffinity: 5.61559
CNNvariance: 0.18995
Intramolecular energy: -0.33324
Term values, before weighting:
## BACE1_verubecestat__canonical_obabel_seed3301_ex32__pose04 67.87136 1467.56030 2.32475 39.13394 0.59046 0.00000
Affinity: -8.94725 (kcal/mol)
CNNscore: 0.28287
CNNaffinity: 5.65464
CNNvariance: 0.51554
Intramolecular energy: 0.55848
Term values, before weighting:
## BACE1_verubecestat__canonical_obabel_seed3301_ex32__pose05 62.49032 1375.13599 1.39081 31.73139 2.14269 0.00000
Affinity: -7.98699 (kcal/mol)
CNNscore: 0.02324
CNNaffinity: 4.48232
CNNvariance: 0.70077
Intramolecular energy: -0.37235
Term values, before weighting:
## BACE1_verubecestat__canonical_obabel_seed3301_ex32__pose06 51.47026 1287.13513 0.69033 23.76177 1.13505 0.00000
Affinity: -8.54047 (kcal/mol)
CNNscore: 0.06037
CNNaffinity: 5.00615
CNNvariance: 0.59966
Intramolecular energy: 0.30006
Term values, before weighting:
## BACE1_verubecestat__canonical_obabel_seed3301_ex32__pose07 78.41924 1351.06641 2.46886 29.37138 2.25817 0.00000
Affinity: -8.07086 (kcal/mol)
CNNscore: 0.13325
CNNaffinity: 5.37648
CNNvariance: 0.28018
Intramolecular energy: -0.19065
Term values, before weighting:
## BACE1_verubecestat__canonical_obabel_seed3301_ex32__pose08 68.50203 1305.26648 2.79157 25.39271 3.02031 0.00000
Affinity: -7.80591 (kcal/mol)
CNNscore: 0.09919
CNNaffinity: 4.91380
CNNvariance: 0.69675
Intramolecular energy: -0.38511
Term values, before weighting:
## BACE1_verubecestat__canonical_obabel_seed3301_ex32__pose09 73.85646 1308.27356 2.53651 22.43599 1.95118 0.00000
Affinity: -8.35820 (kcal/mol)
CNNscore: 0.13353
CNNaffinity: 5.37208
CNNvariance: 0.43794
Intramolecular energy: 0.41048
Term values, before weighting:
## BACE1_verubecestat__canonical_obabel_seed3301_ex32__pose10 69.76831 1281.28418 1.02478 19.31975 1.56443 0.00000
Affinity: -7.71916 (kcal/mol)
CNNscore: 0.06123
CNNaffinity: 5.26299
CNNvariance: 0.23928
Intramolecular energy: -0.30242
Term values, before weighting:
## BACE1_verubecestat__canonical_obabel_seed3301_ex32__pose11 74.29947 1262.50110 1.75790 24.94369 0.88912 0.00000
Affinity: -8.40160 (kcal/mol)
CNNscore: 0.22275
CNNaffinity: 5.88841
CNNvariance: 0.25538
Intramolecular energy: 0.55535
Term values, before weighting:
## BACE1_verubecestat__canonical_obabel_seed3301_ex32__pose12 55.40350 1396.46094 1.31824 32.96201 1.11571 0.00000
Affinity: -7.56922 (kcal/mol)
CNNscore: 0.04463
CNNaffinity: 4.79088
CNNvariance: 0.40849
Intramolecular energy: -0.15968
Term values, before weighting:
## BACE1_verubecestat__canonical_obabel_seed3301_ex32__pose13 79.56310 1295.21545 2.26913 21.26021 0.93409 0.00000
Affinity: -7.36397 (kcal/mol)
CNNscore: 0.02467
CNNaffinity: 4.19963
CNNvariance: 0.84025
Intramolecular energy: -0.38449
Term values, before weighting:
## BACE1_verubecestat__canonical_obabel_seed3301_ex32__pose14 47.98993 1158.05396 0.75502 18.00739 1.66826 0.00000
Affinity: -7.60667 (kcal/mol)
CNNscore: 0.02029
CNNaffinity: 3.74468
CNNvariance: 1.74335
Intramolecular energy: -0.05015
Term values, before weighting:
## BACE1_verubecestat__canonical_obabel_seed3301_ex32__pose15 62.47009 1223.32898 0.81522 5.67463 1.52628 0.00000
Affinity: -7.89448 (kcal/mol)
CNNscore: 0.37661
CNNaffinity: 5.30159
CNNvariance: 0.19818
Intramolecular energy: 0.31283
Term values, before weighting:
## BACE1_verubecestat__canonical_obabel_seed3301_ex32__pose16 66.49406 1142.49487 0.93020 25.32968 1.55901 0.00000
Affinity: -7.54218 (kcal/mol)
CNNscore: 0.02889
CNNaffinity: 4.14076
CNNvariance: 1.40175
Intramolecular energy: -0.04698
Term values, before weighting:
## BACE1_verubecestat__canonical_obabel_seed3301_ex32__pose17 64.59304 1294.30237 1.86235 16.60921 1.49072 0.00000
Affinity: -7.24473 (kcal/mol)
CNNscore: 0.03674
CNNaffinity: 4.56717
CNNvariance: 0.68831
Intramolecular energy: -0.30708
Term values, before weighting:
## BACE1_verubecestat__canonical_obabel_seed3301_ex32__pose18 50.05342 1169.24292 0.77639 22.72997 0.95514 0.00000
Affinity: -7.29062 (kcal/mol)
CNNscore: 0.04079
CNNaffinity: 4.96829
CNNvariance: 0.39908
Intramolecular energy: -0.24265
Term values, before weighting:
## BACE1_verubecestat__canonical_obabel_seed3301_ex32__pose19 47.50481 1212.40076 1.79375 26.79063 2.03529 0.00000
Affinity: -7.60831 (kcal/mol)
CNNscore: 0.02795
CNNaffinity: 4.00921
CNNvariance: 1.12839
Intramolecular energy: 0.14042
Term values, before weighting:
## BACE1_verubecestat__canonical_obabel_seed3301_ex32__pose20 72.67619 1214.98315 1.91230 12.47815 2.14773 0.00000
