Computing Vina grid ... done.
Performing docking (random seed: 4409) ... 
0%   10   20   30   40   50   60   70   80   90   100%
|----|----|----|----|----|----|----|----|----|----|
***************************************************
{
  "receptor": "/home/welcome3/Viscacha_pipeline/outputs/docking_campaign/systems/BACE1_verubecestat/prepared/bace1_476_alphafold_aligned_to_5HU1_obabel.pdbqt",
  "ligand": "/home/welcome3/Viscacha_pipeline/outputs/docking_campaign/systems/BACE1_verubecestat/prepared/verubecestat_66F_A501.pdbqt",
  "center": [
    24.887,
    10.422,
    21.858
  ],
  "box_size": [
    23.129,
    16.37,
    18.46
  ],
  "seed": 4409,
  "cpu": 16,
  "exhaustiveness": 32,
  "n_poses_requested": 20,
  "results": [
    {
      "pose_rank": 1,
      "vina_affinity_kcal_mol": -9.174,
      "rmsd_to_crystal_heavy_atom_uncorrected_angstrom": 7.1161
    },
    {
      "pose_rank": 2,
      "vina_affinity_kcal_mol": -8.543,
      "rmsd_to_crystal_heavy_atom_uncorrected_angstrom": 7.5259
    },
    {
      "pose_rank": 3,
      "vina_affinity_kcal_mol": -8.42,
      "rmsd_to_crystal_heavy_atom_uncorrected_angstrom": 7.6109
    },
    {
      "pose_rank": 4,
      "vina_affinity_kcal_mol": -8.337,
      "rmsd_to_crystal_heavy_atom_uncorrected_angstrom": 5.2637
    },
    {
      "pose_rank": 5,
      "vina_affinity_kcal_mol": -8.321,
      "rmsd_to_crystal_heavy_atom_uncorrected_angstrom": 6.8191
    },
    {
      "pose_rank": 6,
      "vina_affinity_kcal_mol": -8.13,
      "rmsd_to_crystal_heavy_atom_uncorrected_angstrom": 8.2057
    },
    {
      "pose_rank": 7,
      "vina_affinity_kcal_mol": -7.959,
      "rmsd_to_crystal_heavy_atom_uncorrected_angstrom": 7.269
    },
    {
      "pose_rank": 8,
      "vina_affinity_kcal_mol": -7.738,
      "rmsd_to_crystal_heavy_atom_uncorrected_angstrom": 10.4771
    },
    {
      "pose_rank": 9,
      "vina_affinity_kcal_mol": -7.61,
      "rmsd_to_crystal_heavy_atom_uncorrected_angstrom": 8.2303
    },
    {
      "pose_rank": 10,
      "vina_affinity_kcal_mol": -7.518,
      "rmsd_to_crystal_heavy_atom_uncorrected_angstrom": 8.0541
    },
    {
      "pose_rank": 11,
      "vina_affinity_kcal_mol": -7.518,
      "rmsd_to_crystal_heavy_atom_uncorrected_angstrom": 7.9471
    },
    {
      "pose_rank": 12,
      "vina_affinity_kcal_mol": -7.503,
      "rmsd_to_crystal_heavy_atom_uncorrected_angstrom": 6.4384
    },
    {
      "pose_rank": 13,
      "vina_affinity_kcal_mol": -7.268,
      "rmsd_to_crystal_heavy_atom_uncorrected_angstrom": 7.6933
    },
    {
      "pose_rank": 14,
      "vina_affinity_kcal_mol": -7.253,
      "rmsd_to_crystal_heavy_atom_uncorrected_angstrom": 8.3658
    },
    {
      "pose_rank": 15,
      "vina_affinity_kcal_mol": -7.213,
      "rmsd_to_crystal_heavy_atom_uncorrected_angstrom": 8.2797
    },
    {
      "pose_rank": 16,
      "vina_affinity_kcal_mol": -7.07,
      "rmsd_to_crystal_heavy_atom_uncorrected_angstrom": 7.6499
    },
    {
      "pose_rank": 17,
      "vina_affinity_kcal_mol": -7.029,
      "rmsd_to_crystal_heavy_atom_uncorrected_angstrom": 6.4077
    },
    {
      "pose_rank": 18,
      "vina_affinity_kcal_mol": -7.016,
      "rmsd_to_crystal_heavy_atom_uncorrected_angstrom": 7.6451
    },
    {
      "pose_rank": 19,
      "vina_affinity_kcal_mol": -6.992,
      "rmsd_to_crystal_heavy_atom_uncorrected_angstrom": 5.9494
    },
    {
      "pose_rank": 20,
      "vina_affinity_kcal_mol": -6.985,
      "rmsd_to_crystal_heavy_atom_uncorrected_angstrom": 6.959
    }
  ],
  "rmsd_note": "Fixed-frame heavy-atom RMSD; atom-order based and not symmetry corrected."
}

mode |   affinity | dist from best mode
     | (kcal/mol) | rmsd l.b.| rmsd u.b.
-----+------------+----------+----------
   1       -9.174          0          0
   2       -8.543      2.404      3.798
   3        -8.42      1.341       1.39
   4       -8.337      3.605      7.239
   5       -8.321      3.588      8.532
   6        -8.13      2.619       3.12
   7       -7.959      1.875      2.469
   8       -7.738      5.127      8.338
   9        -7.61      2.753      3.405
  10       -7.518      2.861      4.145
  11       -7.518      2.625      3.988
  12       -7.503      3.678      8.274
  13       -7.268      1.909       2.37
  14       -7.253       2.82      3.816
  15       -7.213      2.835      3.901
  16        -7.07      4.707       9.15
  17       -7.029      3.628      8.176
  18       -7.016       4.13      9.126
  19       -6.992       3.59      7.106
  20       -6.985      4.676      8.808
