Computing Vina grid ... done.
Performing docking (random seed: 2207) ... 
0%   10   20   30   40   50   60   70   80   90   100%
|----|----|----|----|----|----|----|----|----|----|
***************************************************
{
  "receptor": "/home/welcome3/Viscacha_pipeline/outputs/docking_campaign/systems/BACE1_verubecestat/prepared/bace1_476_alphafold_aligned_to_5HU1_obabel.pdbqt",
  "ligand": "/home/welcome3/Viscacha_pipeline/outputs/docking_campaign/systems/BACE1_verubecestat/prepared/verubecestat_66F_A501.pdbqt",
  "center": [
    24.887,
    10.422,
    21.858
  ],
  "box_size": [
    23.129,
    16.37,
    18.46
  ],
  "seed": 2207,
  "cpu": 16,
  "exhaustiveness": 32,
  "n_poses_requested": 20,
  "results": [
    {
      "pose_rank": 1,
      "vina_affinity_kcal_mol": -9.182,
      "rmsd_to_crystal_heavy_atom_uncorrected_angstrom": 7.1181
    },
    {
      "pose_rank": 2,
      "vina_affinity_kcal_mol": -8.709,
      "rmsd_to_crystal_heavy_atom_uncorrected_angstrom": 7.4483
    },
    {
      "pose_rank": 3,
      "vina_affinity_kcal_mol": -8.554,
      "rmsd_to_crystal_heavy_atom_uncorrected_angstrom": 7.5451
    },
    {
      "pose_rank": 4,
      "vina_affinity_kcal_mol": -8.368,
      "rmsd_to_crystal_heavy_atom_uncorrected_angstrom": 5.2865
    },
    {
      "pose_rank": 5,
      "vina_affinity_kcal_mol": -8.297,
      "rmsd_to_crystal_heavy_atom_uncorrected_angstrom": 6.8374
    },
    {
      "pose_rank": 6,
      "vina_affinity_kcal_mol": -8.153,
      "rmsd_to_crystal_heavy_atom_uncorrected_angstrom": 7.7742
    },
    {
      "pose_rank": 7,
      "vina_affinity_kcal_mol": -8.132,
      "rmsd_to_crystal_heavy_atom_uncorrected_angstrom": 8.1972
    },
    {
      "pose_rank": 8,
      "vina_affinity_kcal_mol": -7.992,
      "rmsd_to_crystal_heavy_atom_uncorrected_angstrom": 7.2918
    },
    {
      "pose_rank": 9,
      "vina_affinity_kcal_mol": -7.829,
      "rmsd_to_crystal_heavy_atom_uncorrected_angstrom": 7.0391
    },
    {
      "pose_rank": 10,
      "vina_affinity_kcal_mol": -7.708,
      "rmsd_to_crystal_heavy_atom_uncorrected_angstrom": 10.4808
    },
    {
      "pose_rank": 11,
      "vina_affinity_kcal_mol": -7.662,
      "rmsd_to_crystal_heavy_atom_uncorrected_angstrom": 8.198
    },
    {
      "pose_rank": 12,
      "vina_affinity_kcal_mol": -7.531,
      "rmsd_to_crystal_heavy_atom_uncorrected_angstrom": 7.946
    },
    {
      "pose_rank": 13,
      "vina_affinity_kcal_mol": -7.448,
      "rmsd_to_crystal_heavy_atom_uncorrected_angstrom": 7.5262
    },
    {
      "pose_rank": 14,
      "vina_affinity_kcal_mol": -7.335,
      "rmsd_to_crystal_heavy_atom_uncorrected_angstrom": 8.0632
    },
    {
      "pose_rank": 15,
      "vina_affinity_kcal_mol": -7.189,
      "rmsd_to_crystal_heavy_atom_uncorrected_angstrom": 7.8443
    },
    {
      "pose_rank": 16,
      "vina_affinity_kcal_mol": -7.147,
      "rmsd_to_crystal_heavy_atom_uncorrected_angstrom": 8.2786
    },
    {
      "pose_rank": 17,
      "vina_affinity_kcal_mol": -7.064,
      "rmsd_to_crystal_heavy_atom_uncorrected_angstrom": 7.738
    },
    {
      "pose_rank": 18,
      "vina_affinity_kcal_mol": -7.027,
      "rmsd_to_crystal_heavy_atom_uncorrected_angstrom": 7.6574
    },
    {
      "pose_rank": 19,
      "vina_affinity_kcal_mol": -7.018,
      "rmsd_to_crystal_heavy_atom_uncorrected_angstrom": 6.5749
    }
  ],
  "rmsd_note": "Fixed-frame heavy-atom RMSD; atom-order based and not symmetry corrected."
}

mode |   affinity | dist from best mode
     | (kcal/mol) | rmsd l.b.| rmsd u.b.
-----+------------+----------+----------
   1       -9.182          0          0
   2       -8.709      1.329       1.37
   3       -8.554      2.402      3.798
   4       -8.368      3.619      7.234
   5       -8.297      3.579      8.536
   6       -8.153       2.64      3.947
   7       -8.132      2.606      3.111
   8       -7.992      1.885      2.472
   9       -7.829      3.424      8.533
  10       -7.708      5.146      8.346
  11       -7.662      2.663      3.465
  12       -7.531      2.622      3.982
  13       -7.448      2.457      3.508
  14       -7.335      2.866       4.26
  15       -7.189      1.869      2.336
  16       -7.147      2.813       3.83
  17       -7.064        4.2      9.131
  18       -7.027      4.704      9.158
  19       -7.018      3.643       8.23
