Computing Vina grid ... done.
Performing docking (random seed: 4409) ... 
0%   10   20   30   40   50   60   70   80   90   100%
|----|----|----|----|----|----|----|----|----|----|
***************************************************
{
  "receptor": "/home/welcome3/Viscacha_pipeline/outputs/docking_campaign/systems/BACE1_verubecestat/prepared/bace1_5HU1_chain_A.pdbqt",
  "ligand": "/home/welcome3/Viscacha_pipeline/outputs/docking_campaign/systems/BACE1_verubecestat/prepared/verubecestat_66F_A501.pdbqt",
  "center": [
    24.887,
    10.422,
    21.858
  ],
  "box_size": [
    23.129,
    16.37,
    18.46
  ],
  "seed": 4409,
  "cpu": 16,
  "exhaustiveness": 32,
  "n_poses_requested": 20,
  "results": [
    {
      "pose_rank": 1,
      "vina_affinity_kcal_mol": -9.493,
      "rmsd_to_crystal_heavy_atom_uncorrected_angstrom": 0.9577
    },
    {
      "pose_rank": 2,
      "vina_affinity_kcal_mol": -8.548,
      "rmsd_to_crystal_heavy_atom_uncorrected_angstrom": 7.376
    },
    {
      "pose_rank": 3,
      "vina_affinity_kcal_mol": -8.364,
      "rmsd_to_crystal_heavy_atom_uncorrected_angstrom": 7.0801
    },
    {
      "pose_rank": 4,
      "vina_affinity_kcal_mol": -8.36,
      "rmsd_to_crystal_heavy_atom_uncorrected_angstrom": 3.1966
    },
    {
      "pose_rank": 5,
      "vina_affinity_kcal_mol": -8.296,
      "rmsd_to_crystal_heavy_atom_uncorrected_angstrom": 7.3578
    },
    {
      "pose_rank": 6,
      "vina_affinity_kcal_mol": -8.201,
      "rmsd_to_crystal_heavy_atom_uncorrected_angstrom": 7.1392
    },
    {
      "pose_rank": 7,
      "vina_affinity_kcal_mol": -8.002,
      "rmsd_to_crystal_heavy_atom_uncorrected_angstrom": 7.5941
    },
    {
      "pose_rank": 8,
      "vina_affinity_kcal_mol": -7.986,
      "rmsd_to_crystal_heavy_atom_uncorrected_angstrom": 6.3275
    },
    {
      "pose_rank": 9,
      "vina_affinity_kcal_mol": -7.948,
      "rmsd_to_crystal_heavy_atom_uncorrected_angstrom": 4.8153
    },
    {
      "pose_rank": 10,
      "vina_affinity_kcal_mol": -7.87,
      "rmsd_to_crystal_heavy_atom_uncorrected_angstrom": 5.3054
    },
    {
      "pose_rank": 11,
      "vina_affinity_kcal_mol": -7.4,
      "rmsd_to_crystal_heavy_atom_uncorrected_angstrom": 5.8599
    },
    {
      "pose_rank": 12,
      "vina_affinity_kcal_mol": -7.385,
      "rmsd_to_crystal_heavy_atom_uncorrected_angstrom": 7.8858
    },
    {
      "pose_rank": 13,
      "vina_affinity_kcal_mol": -7.376,
      "rmsd_to_crystal_heavy_atom_uncorrected_angstrom": 4.8438
    },
    {
      "pose_rank": 14,
      "vina_affinity_kcal_mol": -7.37,
      "rmsd_to_crystal_heavy_atom_uncorrected_angstrom": 7.8711
    },
    {
      "pose_rank": 15,
      "vina_affinity_kcal_mol": -7.233,
      "rmsd_to_crystal_heavy_atom_uncorrected_angstrom": 7.8205
    },
    {
      "pose_rank": 16,
      "vina_affinity_kcal_mol": -7.22,
      "rmsd_to_crystal_heavy_atom_uncorrected_angstrom": 7.9894
    },
    {
      "pose_rank": 17,
      "vina_affinity_kcal_mol": -7.201,
      "rmsd_to_crystal_heavy_atom_uncorrected_angstrom": 7.9889
    },
    {
      "pose_rank": 18,
      "vina_affinity_kcal_mol": -7.184,
      "rmsd_to_crystal_heavy_atom_uncorrected_angstrom": 7.7138
    },
    {
      "pose_rank": 19,
      "vina_affinity_kcal_mol": -7.155,
      "rmsd_to_crystal_heavy_atom_uncorrected_angstrom": 5.9031
    },
    {
      "pose_rank": 20,
      "vina_affinity_kcal_mol": -7.153,
      "rmsd_to_crystal_heavy_atom_uncorrected_angstrom": 7.3586
    }
  ],
  "rmsd_note": "Fixed-frame heavy-atom RMSD; atom-order based and not symmetry corrected."
}

mode |   affinity | dist from best mode
     | (kcal/mol) | rmsd l.b.| rmsd u.b.
-----+------------+----------+----------
   1       -9.493          0          0
   2       -8.548      4.777      7.426
   3       -8.364      3.373      6.939
   4        -8.36      1.957      2.841
   5       -8.296      3.563       7.21
   6       -8.201      3.737      6.934
   7       -8.002      3.692       7.44
   8       -7.986      4.466      6.406
   9       -7.948       3.85      4.724
  10        -7.87      4.243       5.17
  11         -7.4      4.129      5.794
  12       -7.385      4.495      7.741
  13       -7.376      4.034      4.891
  14        -7.37      3.536      7.696
  15       -7.233      4.397       7.75
  16        -7.22      5.515      8.013
  17       -7.201      5.258      8.084
  18       -7.184      3.875      7.664
  19       -7.155      4.667      5.981
  20       -7.153      3.607      7.262
