
==========
== CUDA ==
==========

CUDA Version 12.8.1

Container image Copyright (c) 2016-2023, NVIDIA CORPORATION & AFFILIATES. All rights reserved.

This container image and its contents are governed by the NVIDIA Deep Learning Container License.
By pulling and using the container, you accept the terms and conditions of this license:
https://developer.nvidia.com/ngc/nvidia-deep-learning-container-license

A copy of this license is made available in this container at /NGC-DL-CONTAINER-LICENSE for your convenience.

              _
             (_)
   __ _ _ __  _ _ __   __ _
  / _` | '_ \| | '_ \ / _` |
 | (_| | | | | | | | | (_| |
  \__, |_| |_|_|_| |_|\__,_|
   __/ |
  |___/

gnina v1.3.3 master:6fe1ce2   Built Jun 30 2026.
gnina is based on smina and AutoDock Vina.
Please cite appropriately.

Commandline: /opt/gnina --receptor /work/outputs/docking_campaign/systems/BACE1_verubecestat/prepared/bace1_5HU1_chain_A.pdbqt --ligand /out/input_poses.sdf --score_only --cnn_scoring rescore --cpu 16 --device 0 --out /out/scored_poses.sdf
## Name gauss(o=0,_w=0.5,_c=8) gauss(o=3,_w=2,_c=8) repulsion(o=0,_c=8) hydrophobic(g=0.5,_b=1.5,_c=8) non_dir_h_bond(g=-0.7,_b=0,_c=8) num_tors_div
Affinity: -9.49457 (kcal/mol)
CNNscore: 0.92561
CNNaffinity: 7.38144
CNNvariance: 0.08061
Intramolecular energy: -0.34253
Term values, before weighting:
## BACE1_verubecestat__canonical_obabel_seed2207_ex32__pose01 108.23992 1532.93591 4.11855 32.17664 2.95685 0.00000
Affinity: -8.47694 (kcal/mol)
CNNscore: 0.09573
CNNaffinity: 4.80494
CNNvariance: 1.06312
Intramolecular energy: -0.40271
Term values, before weighting:
## BACE1_verubecestat__canonical_obabel_seed2207_ex32__pose02 68.36992 1307.67773 1.81100 24.50669 2.46998 0.00000
Affinity: -8.28292 (kcal/mol)
CNNscore: 0.04656
CNNaffinity: 5.20295
CNNvariance: 0.33934
Intramolecular energy: -0.41303
Term values, before weighting:
## BACE1_verubecestat__canonical_obabel_seed2207_ex32__pose03 60.71349 1401.19885 1.16495 24.62338 0.79362 0.00000
Affinity: -8.27353 (kcal/mol)
CNNscore: 0.08862
CNNaffinity: 5.61646
CNNvariance: 0.17811
Intramolecular energy: -0.29807
Term values, before weighting:
## BACE1_verubecestat__canonical_obabel_seed2207_ex32__pose04 69.53745 1461.48364 2.47632 39.48542 0.69972 0.00000
Affinity: -8.93467 (kcal/mol)
CNNscore: 0.28640
CNNaffinity: 5.66175
CNNvariance: 0.48676
Intramolecular energy: 0.53325
Term values, before weighting:
## BACE1_verubecestat__canonical_obabel_seed2207_ex32__pose05 63.04188 1376.86218 1.54048 31.58104 2.29203 0.00000
Affinity: -7.98841 (kcal/mol)
CNNscore: 0.02260
CNNaffinity: 4.47359
CNNvariance: 0.70865
Intramolecular energy: -0.35952
Term values, before weighting:
## BACE1_verubecestat__canonical_obabel_seed2207_ex32__pose06 50.72532 1287.52551 0.65241 23.65216 1.13188 0.00000
Affinity: -8.50377 (kcal/mol)
CNNscore: 0.05865
CNNaffinity: 4.98583
CNNvariance: 0.61447
Intramolecular energy: 0.28960
Term values, before weighting:
## BACE1_verubecestat__canonical_obabel_seed2207_ex32__pose07 77.82250 1346.13770 2.48600 29.40451 2.28667 0.00000
Affinity: -8.78760 (kcal/mol)
CNNscore: 0.13883
CNNaffinity: 5.43134
CNNvariance: 0.44646
Intramolecular energy: 0.69110
Term values, before weighting:
## BACE1_verubecestat__canonical_obabel_seed2207_ex32__pose08 80.64368 1289.36414 1.16673 21.89426 1.74335 0.00000
Affinity: -7.75749 (kcal/mol)
CNNscore: 0.09186
CNNaffinity: 4.86127
CNNvariance: 0.73540
Intramolecular energy: -0.38221
Term values, before weighting:
## BACE1_verubecestat__canonical_obabel_seed2207_ex32__pose09 71.57771 1307.57043 2.47818 22.58145 1.90636 0.00000
Affinity: -7.78591 (kcal/mol)
CNNscore: 0.15490
CNNaffinity: 5.52095
CNNvariance: 0.20224
Intramolecular energy: -0.32332
Term values, before weighting:
## BACE1_verubecestat__canonical_obabel_seed2207_ex32__pose10 68.65508 1284.20813 2.88820 26.67232 2.68750 0.00000
Affinity: -7.72377 (kcal/mol)
CNNscore: 0.05869
CNNaffinity: 4.66174
CNNvariance: 1.36419
Intramolecular energy: -0.03825
Term values, before weighting:
## BACE1_verubecestat__canonical_obabel_seed2207_ex32__pose11 62.68595 1398.95789 2.16027 15.63538 1.53512 0.00000
Affinity: -7.36475 (kcal/mol)
CNNscore: 0.02502
CNNaffinity: 4.26535
CNNvariance: 0.79927
Intramolecular energy: -0.39116
Term values, before weighting:
## BACE1_verubecestat__canonical_obabel_seed2207_ex32__pose12 48.59834 1153.05920 0.71320 18.72112 1.57439 0.00000
Affinity: -7.35218 (kcal/mol)
CNNscore: 0.02718
CNNaffinity: 4.17767
CNNvariance: 1.34539
Intramolecular energy: -0.36228
Term values, before weighting:
## BACE1_verubecestat__canonical_obabel_seed2207_ex32__pose13 64.66862 1278.38000 1.28073 16.63945 0.41200 0.00000
Affinity: -7.57493 (kcal/mol)
CNNscore: 0.04475
CNNaffinity: 4.69618
CNNvariance: 0.78627
Intramolecular energy: -0.06877
Term values, before weighting:
## BACE1_verubecestat__canonical_obabel_seed2207_ex32__pose14 76.40085 1341.88086 2.47028 21.37309 1.00856 0.00000
Affinity: -7.90165 (kcal/mol)
CNNscore: 0.41283
CNNaffinity: 5.38018
CNNvariance: 0.15728
Intramolecular energy: 0.35189
Term values, before weighting:
## BACE1_verubecestat__canonical_obabel_seed2207_ex32__pose15 70.42355 1155.45496 1.38263 26.98121 1.77015 0.00000
Affinity: -7.50543 (kcal/mol)
CNNscore: 0.01805
CNNaffinity: 3.75308
CNNvariance: 1.76100
Intramolecular energy: -0.02382
Term values, before weighting:
## BACE1_verubecestat__canonical_obabel_seed2207_ex32__pose16 59.95669 1233.33264 0.83777 6.51877 1.37001 0.00000
Affinity: -7.31747 (kcal/mol)
CNNscore: 0.03964
CNNaffinity: 4.92621
CNNvariance: 0.45544
Intramolecular energy: -0.20896
Term values, before weighting:
## BACE1_verubecestat__canonical_obabel_seed2207_ex32__pose17 47.41829 1210.47864 1.68322 27.20818 1.92809 0.00000
Affinity: -7.14862 (kcal/mol)
CNNscore: 0.16810
CNNaffinity: 5.31013
CNNvariance: 0.31886
Intramolecular energy: -0.38231
Term values, before weighting:
## BACE1_verubecestat__canonical_obabel_seed2207_ex32__pose18 55.35614 1109.54407 1.37320 20.06935 1.97814 0.00000
Affinity: -7.91221 (kcal/mol)
CNNscore: 0.18141
CNNaffinity: 6.01093
CNNvariance: 0.02721
Intramolecular energy: 0.51979
Term values, before weighting:
## BACE1_verubecestat__canonical_obabel_seed2207_ex32__pose19 64.01571 1313.11816 1.08373 31.66952 0.08815 0.00000
Affinity: -7.72110 (kcal/mol)
CNNscore: 0.07803
CNNaffinity: 5.52645
CNNvariance: 0.08774
Intramolecular energy: 0.36798
Term values, before weighting:
## BACE1_verubecestat__canonical_obabel_seed2207_ex32__pose20 56.49717 1234.85596 0.75305 22.85699 0.90114 0.00000
