Computing Vina grid ... done.
Performing docking (random seed: 4409) ... 
0%   10   20   30   40   50   60   70   80   90   100%
|----|----|----|----|----|----|----|----|----|----|
***************************************************
{
  "receptor": "/home/welcome3/Viscacha_pipeline/outputs/docking_campaign/systems/KIT_masitinib/prepared/kit_1T46_chain_A.pdbqt",
  "ligand": "/home/welcome3/Viscacha_pipeline/outputs/docking_campaign/systems/KIT_masitinib/prepared/masitinib.pdbqt",
  "center": [
    26.181,
    26.061,
    40.364
  ],
  "box_size": [
    22.0,
    20.0,
    28.0
  ],
  "seed": 4409,
  "cpu": 16,
  "exhaustiveness": 32,
  "n_poses_requested": 10,
  "results": [
    {
      "pose_rank": 1,
      "vina_affinity_kcal_mol": -12.831,
      "rmsd_to_crystal_heavy_atom_uncorrected_angstrom": 54.6856
    },
    {
      "pose_rank": 2,
      "vina_affinity_kcal_mol": -11.951,
      "rmsd_to_crystal_heavy_atom_uncorrected_angstrom": 58.5402
    },
    {
      "pose_rank": 3,
      "vina_affinity_kcal_mol": -10.444,
      "rmsd_to_crystal_heavy_atom_uncorrected_angstrom": 61.4767
    },
    {
      "pose_rank": 4,
      "vina_affinity_kcal_mol": -10.303,
      "rmsd_to_crystal_heavy_atom_uncorrected_angstrom": 52.4596
    },
    {
      "pose_rank": 5,
      "vina_affinity_kcal_mol": -10.146,
      "rmsd_to_crystal_heavy_atom_uncorrected_angstrom": 52.2234
    }
  ],
  "rmsd_note": "Fixed-frame heavy-atom RMSD; atom-order based and not symmetry corrected."
}

mode |   affinity | dist from best mode
     | (kcal/mol) | rmsd l.b.| rmsd u.b.
-----+------------+----------+----------
   1       -12.83          0          0
   2       -11.95      2.823      12.78
   3       -10.44      4.994      10.08
   4        -10.3      3.637      11.93
   5       -10.15       3.79      12.46
   6        -9.59      3.595      13.31
   7       -9.433      1.989      2.892
   8       -9.421        3.8      14.48
   9       -9.347      1.512      2.127
  10       -9.263      3.877      6.779

