Computing Vina grid ... done.
Performing docking (random seed: 2207) ... 
0%   10   20   30   40   50   60   70   80   90   100%
|----|----|----|----|----|----|----|----|----|----|
***************************************************
{
  "receptor": "/home/welcome3/Viscacha_pipeline/outputs/docking_campaign/systems/KIT_masitinib/prepared/kit_1T46_chain_A.pdbqt",
  "ligand": "/home/welcome3/Viscacha_pipeline/outputs/docking_campaign/systems/KIT_masitinib/prepared/masitinib.pdbqt",
  "center": [
    26.181,
    26.061,
    40.364
  ],
  "box_size": [
    22.0,
    20.0,
    28.0
  ],
  "seed": 2207,
  "cpu": 16,
  "exhaustiveness": 32,
  "n_poses_requested": 10,
  "results": [
    {
      "pose_rank": 1,
      "vina_affinity_kcal_mol": -12.793,
      "rmsd_to_crystal_heavy_atom_uncorrected_angstrom": 54.6736
    },
    {
      "pose_rank": 2,
      "vina_affinity_kcal_mol": -11.911,
      "rmsd_to_crystal_heavy_atom_uncorrected_angstrom": 58.5569
    },
    {
      "pose_rank": 3,
      "vina_affinity_kcal_mol": -10.466,
      "rmsd_to_crystal_heavy_atom_uncorrected_angstrom": 61.4997
    },
    {
      "pose_rank": 4,
      "vina_affinity_kcal_mol": -10.307,
      "rmsd_to_crystal_heavy_atom_uncorrected_angstrom": 52.4932
    },
    {
      "pose_rank": 5,
      "vina_affinity_kcal_mol": -10.101,
      "rmsd_to_crystal_heavy_atom_uncorrected_angstrom": 52.2571
    },
    {
      "pose_rank": 6,
      "vina_affinity_kcal_mol": -9.868,
      "rmsd_to_crystal_heavy_atom_uncorrected_angstrom": 63.0564
    }
  ],
  "rmsd_note": "Fixed-frame heavy-atom RMSD; atom-order based and not symmetry corrected."
}

mode |   affinity | dist from best mode
     | (kcal/mol) | rmsd l.b.| rmsd u.b.
-----+------------+----------+----------
   1       -12.79          0          0
   2       -11.91      2.892      12.71
   3       -10.47      4.991      10.13
   4       -10.31      3.647      11.91
   5        -10.1      3.765      12.45
   6       -9.868      6.222      13.29
   7       -9.693      3.537      13.28
   8       -9.594      2.816      13.48
   9       -9.338      1.991       2.98
  10       -9.268      3.806      6.788

