Computing Vina grid ... done.
Performing docking (random seed: 1103) ... 
0%   10   20   30   40   50   60   70   80   90   100%
|----|----|----|----|----|----|----|----|----|----|
***************************************************
{
  "receptor": "/home/welcome3/Viscacha_pipeline/outputs/docking_campaign/systems/KIT_masitinib/prepared/kit_1T46_chain_A.pdbqt",
  "ligand": "/home/welcome3/Viscacha_pipeline/outputs/docking_campaign/systems/KIT_masitinib/prepared/masitinib.pdbqt",
  "center": [
    26.181,
    26.061,
    40.364
  ],
  "box_size": [
    22.0,
    20.0,
    28.0
  ],
  "seed": 1103,
  "cpu": 16,
  "exhaustiveness": 32,
  "n_poses_requested": 10,
  "results": [
    {
      "pose_rank": 1,
      "vina_affinity_kcal_mol": -12.808,
      "rmsd_to_crystal_heavy_atom_uncorrected_angstrom": 54.6757
    },
    {
      "pose_rank": 2,
      "vina_affinity_kcal_mol": -11.995,
      "rmsd_to_crystal_heavy_atom_uncorrected_angstrom": 54.8962
    },
    {
      "pose_rank": 3,
      "vina_affinity_kcal_mol": -11.907,
      "rmsd_to_crystal_heavy_atom_uncorrected_angstrom": 58.5377
    },
    {
      "pose_rank": 4,
      "vina_affinity_kcal_mol": -10.424,
      "rmsd_to_crystal_heavy_atom_uncorrected_angstrom": 61.5047
    },
    {
      "pose_rank": 5,
      "vina_affinity_kcal_mol": -10.314,
      "rmsd_to_crystal_heavy_atom_uncorrected_angstrom": 52.5057
    },
    {
      "pose_rank": 6,
      "vina_affinity_kcal_mol": -10.156,
      "rmsd_to_crystal_heavy_atom_uncorrected_angstrom": 52.1789
    },
    {
      "pose_rank": 7,
      "vina_affinity_kcal_mol": -9.893,
      "rmsd_to_crystal_heavy_atom_uncorrected_angstrom": 63.0834
    }
  ],
  "rmsd_note": "Fixed-frame heavy-atom RMSD; atom-order based and not symmetry corrected."
}

mode |   affinity | dist from best mode
     | (kcal/mol) | rmsd l.b.| rmsd u.b.
-----+------------+----------+----------
   1       -12.81          0          0
   2          -12     0.7887      1.526
   3       -11.91      2.865      12.74
   4       -10.42      4.997      10.12
   5       -10.31      3.643      11.92
   6       -10.16      3.811      12.47
   7       -9.893      6.212      13.31
   8       -9.446      1.989      2.872
   9       -9.241      5.515      10.19
  10       -9.184      3.822      6.755

