Computing Vina grid ... done.
Performing docking (random seed: 4409) ... 
0%   10   20   30   40   50   60   70   80   90   100%
|----|----|----|----|----|----|----|----|----|----|
***************************************************
{
  "receptor": "/home/welcome3/Viscacha_pipeline/outputs/docking_campaign/systems/CHRNA7_encenicline/prepared/chrna7_7EKP_pentamer.pdbqt",
  "ligand": "/home/welcome3/Viscacha_pipeline/outputs/docking_campaign/systems/CHRNA7_encenicline/prepared/encenicline_I33_A601.pdbqt",
  "center": [
    142.818,
    138.419,
    90.348
  ],
  "box_size": [
    22.027,
    19.752,
    16.264
  ],
  "seed": 4409,
  "cpu": 16,
  "exhaustiveness": 32,
  "n_poses_requested": 20,
  "results": [
    {
      "pose_rank": 1,
      "vina_affinity_kcal_mol": -9.876,
      "rmsd_to_crystal_heavy_atom_uncorrected_angstrom": 0.2792
    },
    {
      "pose_rank": 2,
      "vina_affinity_kcal_mol": -9.131,
      "rmsd_to_crystal_heavy_atom_uncorrected_angstrom": 1.8457
    },
    {
      "pose_rank": 3,
      "vina_affinity_kcal_mol": -7.985,
      "rmsd_to_crystal_heavy_atom_uncorrected_angstrom": 2.3376
    },
    {
      "pose_rank": 4,
      "vina_affinity_kcal_mol": -7.653,
      "rmsd_to_crystal_heavy_atom_uncorrected_angstrom": 7.9942
    },
    {
      "pose_rank": 5,
      "vina_affinity_kcal_mol": -7.506,
      "rmsd_to_crystal_heavy_atom_uncorrected_angstrom": 8.1453
    },
    {
      "pose_rank": 6,
      "vina_affinity_kcal_mol": -7.391,
      "rmsd_to_crystal_heavy_atom_uncorrected_angstrom": 7.8253
    },
    {
      "pose_rank": 7,
      "vina_affinity_kcal_mol": -7.233,
      "rmsd_to_crystal_heavy_atom_uncorrected_angstrom": 7.9027
    },
    {
      "pose_rank": 8,
      "vina_affinity_kcal_mol": -7.205,
      "rmsd_to_crystal_heavy_atom_uncorrected_angstrom": 2.7558
    },
    {
      "pose_rank": 9,
      "vina_affinity_kcal_mol": -6.992,
      "rmsd_to_crystal_heavy_atom_uncorrected_angstrom": 8.6414
    },
    {
      "pose_rank": 10,
      "vina_affinity_kcal_mol": -6.964,
      "rmsd_to_crystal_heavy_atom_uncorrected_angstrom": 9.2453
    }
  ],
  "rmsd_note": "Fixed-frame heavy-atom RMSD; atom-order based and not symmetry corrected."
}

mode |   affinity | dist from best mode
     | (kcal/mol) | rmsd l.b.| rmsd u.b.
-----+------------+----------+----------
   1       -9.876          0          0
   2       -9.131      1.322      1.872
   3       -7.985      1.833      2.334
   4       -7.653      3.908      7.999
   5       -7.506      3.897      8.147
   6       -7.391      3.442      7.814
   7       -7.233      3.497      7.889
   8       -7.205      2.007      2.755
   9       -6.992      4.575      8.669
  10       -6.964      4.916      9.281
  11       -6.595       5.38      7.796
  12       -6.546      5.357      9.587
  13       -6.487      5.559      8.359
  14       -6.352      2.315      3.165
  15       -6.218      5.939      8.884
  16       -6.179      4.598      6.546
  17       -6.132      5.897      8.892
  18       -6.098      5.458      9.315
  19       -5.989      5.773      9.086
