Computing Vina grid ... done.
Performing docking (random seed: 2207) ... 
0%   10   20   30   40   50   60   70   80   90   100%
|----|----|----|----|----|----|----|----|----|----|
***************************************************
{
  "receptor": "/home/welcome3/Viscacha_pipeline/outputs/docking_campaign/systems/CHRNA7_encenicline/prepared/chrna7_7EKP_pentamer.pdbqt",
  "ligand": "/home/welcome3/Viscacha_pipeline/outputs/docking_campaign/systems/CHRNA7_encenicline/prepared/encenicline_I33_A601.pdbqt",
  "center": [
    142.818,
    138.419,
    90.348
  ],
  "box_size": [
    22.027,
    19.752,
    16.264
  ],
  "seed": 2207,
  "cpu": 16,
  "exhaustiveness": 32,
  "n_poses_requested": 20,
  "results": [
    {
      "pose_rank": 1,
      "vina_affinity_kcal_mol": -9.859,
      "rmsd_to_crystal_heavy_atom_uncorrected_angstrom": 0.3071
    },
    {
      "pose_rank": 2,
      "vina_affinity_kcal_mol": -9.121,
      "rmsd_to_crystal_heavy_atom_uncorrected_angstrom": 1.8479
    },
    {
      "pose_rank": 3,
      "vina_affinity_kcal_mol": -7.983,
      "rmsd_to_crystal_heavy_atom_uncorrected_angstrom": 2.2866
    },
    {
      "pose_rank": 4,
      "vina_affinity_kcal_mol": -7.625,
      "rmsd_to_crystal_heavy_atom_uncorrected_angstrom": 7.9939
    },
    {
      "pose_rank": 5,
      "vina_affinity_kcal_mol": -7.532,
      "rmsd_to_crystal_heavy_atom_uncorrected_angstrom": 8.1362
    },
    {
      "pose_rank": 6,
      "vina_affinity_kcal_mol": -7.391,
      "rmsd_to_crystal_heavy_atom_uncorrected_angstrom": 7.825
    },
    {
      "pose_rank": 7,
      "vina_affinity_kcal_mol": -7.39,
      "rmsd_to_crystal_heavy_atom_uncorrected_angstrom": 1.7598
    },
    {
      "pose_rank": 8,
      "vina_affinity_kcal_mol": -7.36,
      "rmsd_to_crystal_heavy_atom_uncorrected_angstrom": 8.2833
    },
    {
      "pose_rank": 9,
      "vina_affinity_kcal_mol": -7.218,
      "rmsd_to_crystal_heavy_atom_uncorrected_angstrom": 2.7258
    },
    {
      "pose_rank": 10,
      "vina_affinity_kcal_mol": -7.201,
      "rmsd_to_crystal_heavy_atom_uncorrected_angstrom": 7.8885
    },
    {
      "pose_rank": 11,
      "vina_affinity_kcal_mol": -6.935,
      "rmsd_to_crystal_heavy_atom_uncorrected_angstrom": 9.3957
    }
  ],
  "rmsd_note": "Fixed-frame heavy-atom RMSD; atom-order based and not symmetry corrected."
}

mode |   affinity | dist from best mode
     | (kcal/mol) | rmsd l.b.| rmsd u.b.
-----+------------+----------+----------
   1       -9.859          0          0
   2       -9.121      1.325      1.878
   3       -7.983      1.783      2.282
   4       -7.625      3.935          8
   5       -7.532      3.904      8.138
   6       -7.391      3.437       7.81
   7        -7.39      1.549      1.794
   8        -7.36      4.251      8.305
   9       -7.218      2.032      2.729
  10       -7.201      3.491      7.871
  11       -6.935       5.08      9.433
  12       -6.695      5.384        9.1
  13       -6.583      5.342      7.778
  14       -6.516      4.983      9.354
  15       -6.493      5.553      8.351
  16       -6.239      5.922       8.86
  17       -6.177      5.236      9.322
  18       -6.142      5.842      8.881
  19       -6.031      5.795      9.093
