Computing Vina grid ... done.
Performing docking (random seed: 4409) ... 
0%   10   20   30   40   50   60   70   80   90   100%
|----|----|----|----|----|----|----|----|----|----|
***************************************************
{
  "receptor": "/home/welcome3/Viscacha_pipeline/outputs/docking_campaign/systems/CHRNA7_encenicline/prepared/chrna7_chrFam7a_fusion_at_A_face_obabel.pdbqt",
  "ligand": "/home/welcome3/Viscacha_pipeline/outputs/docking_campaign/systems/CHRNA7_encenicline/prepared/encenicline_I33_A601.pdbqt",
  "center": [
    142.818,
    138.419,
    90.348
  ],
  "box_size": [
    22.027,
    19.752,
    16.264
  ],
  "seed": 4409,
  "cpu": 16,
  "exhaustiveness": 32,
  "n_poses_requested": 20,
  "results": [
    {
      "pose_rank": 1,
      "vina_affinity_kcal_mol": -7.536,
      "rmsd_to_crystal_heavy_atom_uncorrected_angstrom": 2.0018
    },
    {
      "pose_rank": 2,
      "vina_affinity_kcal_mol": -7.521,
      "rmsd_to_crystal_heavy_atom_uncorrected_angstrom": 4.4812
    },
    {
      "pose_rank": 3,
      "vina_affinity_kcal_mol": -7.433,
      "rmsd_to_crystal_heavy_atom_uncorrected_angstrom": 4.9123
    },
    {
      "pose_rank": 4,
      "vina_affinity_kcal_mol": -7.373,
      "rmsd_to_crystal_heavy_atom_uncorrected_angstrom": 2.5658
    },
    {
      "pose_rank": 5,
      "vina_affinity_kcal_mol": -6.537,
      "rmsd_to_crystal_heavy_atom_uncorrected_angstrom": 7.6377
    },
    {
      "pose_rank": 6,
      "vina_affinity_kcal_mol": -6.384,
      "rmsd_to_crystal_heavy_atom_uncorrected_angstrom": 4.9245
    },
    {
      "pose_rank": 7,
      "vina_affinity_kcal_mol": -6.354,
      "rmsd_to_crystal_heavy_atom_uncorrected_angstrom": 7.5803
    },
    {
      "pose_rank": 8,
      "vina_affinity_kcal_mol": -6.325,
      "rmsd_to_crystal_heavy_atom_uncorrected_angstrom": 6.7859
    },
    {
      "pose_rank": 9,
      "vina_affinity_kcal_mol": -6.313,
      "rmsd_to_crystal_heavy_atom_uncorrected_angstrom": 7.8306
    },
    {
      "pose_rank": 10,
      "vina_affinity_kcal_mol": -6.297,
      "rmsd_to_crystal_heavy_atom_uncorrected_angstrom": 6.994
    },
    {
      "pose_rank": 11,
      "vina_affinity_kcal_mol": -6.208,
      "rmsd_to_crystal_heavy_atom_uncorrected_angstrom": 7.8826
    },
    {
      "pose_rank": 12,
      "vina_affinity_kcal_mol": -6.094,
      "rmsd_to_crystal_heavy_atom_uncorrected_angstrom": 5.9044
    },
    {
      "pose_rank": 13,
      "vina_affinity_kcal_mol": -6.076,
      "rmsd_to_crystal_heavy_atom_uncorrected_angstrom": 2.9655
    },
    {
      "pose_rank": 14,
      "vina_affinity_kcal_mol": -5.996,
      "rmsd_to_crystal_heavy_atom_uncorrected_angstrom": 8.6687
    },
    {
      "pose_rank": 15,
      "vina_affinity_kcal_mol": -5.99,
      "rmsd_to_crystal_heavy_atom_uncorrected_angstrom": 7.6626
    },
    {
      "pose_rank": 16,
      "vina_affinity_kcal_mol": -5.935,
      "rmsd_to_crystal_heavy_atom_uncorrected_angstrom": 7.2214
    },
    {
      "pose_rank": 17,
      "vina_affinity_kcal_mol": -5.909,
      "rmsd_to_crystal_heavy_atom_uncorrected_angstrom": 9.753
    },
    {
      "pose_rank": 18,
      "vina_affinity_kcal_mol": -5.892,
      "rmsd_to_crystal_heavy_atom_uncorrected_angstrom": 5.7888
    },
    {
      "pose_rank": 19,
      "vina_affinity_kcal_mol": -5.787,
      "rmsd_to_crystal_heavy_atom_uncorrected_angstrom": 6.0497
    },
    {
      "pose_rank": 20,
      "vina_affinity_kcal_mol": -5.636,
      "rmsd_to_crystal_heavy_atom_uncorrected_angstrom": 9.1721
    }
  ],
  "rmsd_note": "Fixed-frame heavy-atom RMSD; atom-order based and not symmetry corrected."
}

mode |   affinity | dist from best mode
     | (kcal/mol) | rmsd l.b.| rmsd u.b.
-----+------------+----------+----------
   1       -7.536          0          0
   2       -7.521      2.762       3.52
   3       -7.433      3.208      3.913
   4       -7.373      1.448      1.804
   5       -6.537      3.328      7.821
   6       -6.384       4.44      5.561
   7       -6.354      3.307      7.954
   8       -6.325      4.108        7.5
   9       -6.313      4.659      7.744
  10       -6.297      3.936      7.766
  11       -6.208      4.999      7.774
  12       -6.094      4.611      5.166
  13       -6.076      1.519      1.947
  14       -5.996      4.861      8.491
  15        -5.99      3.612      8.072
  16       -5.935      5.235      8.185
  17       -5.909      7.153      9.716
  18       -5.892      5.081      6.037
  19       -5.787      4.985      6.255
  20       -5.636      4.955      9.664
