Computing Vina grid ... done.
Performing docking (random seed: 1103) ... 
0%   10   20   30   40   50   60   70   80   90   100%
|----|----|----|----|----|----|----|----|----|----|
***************************************************
{
  "receptor": "/home/welcome3/Viscacha_pipeline/outputs/docking_campaign/systems/CHRNA7_encenicline/prepared/chrna7_chrFam7a_fusion_at_B_face_obabel.pdbqt",
  "ligand": "/home/welcome3/Viscacha_pipeline/outputs/docking_campaign/systems/CHRNA7_encenicline/prepared/encenicline_I33_A601.pdbqt",
  "center": [
    142.818,
    138.419,
    90.348
  ],
  "box_size": [
    22.027,
    19.752,
    16.264
  ],
  "seed": 1103,
  "cpu": 16,
  "exhaustiveness": 32,
  "n_poses_requested": 20,
  "results": [
    {
      "pose_rank": 1,
      "vina_affinity_kcal_mol": -6.404,
      "rmsd_to_crystal_heavy_atom_uncorrected_angstrom": 8.3041
    },
    {
      "pose_rank": 2,
      "vina_affinity_kcal_mol": -6.141,
      "rmsd_to_crystal_heavy_atom_uncorrected_angstrom": 8.6295
    },
    {
      "pose_rank": 3,
      "vina_affinity_kcal_mol": -5.826,
      "rmsd_to_crystal_heavy_atom_uncorrected_angstrom": 9.8984
    },
    {
      "pose_rank": 4,
      "vina_affinity_kcal_mol": -5.675,
      "rmsd_to_crystal_heavy_atom_uncorrected_angstrom": 7.2944
    },
    {
      "pose_rank": 5,
      "vina_affinity_kcal_mol": -5.672,
      "rmsd_to_crystal_heavy_atom_uncorrected_angstrom": 9.8343
    },
    {
      "pose_rank": 6,
      "vina_affinity_kcal_mol": -5.627,
      "rmsd_to_crystal_heavy_atom_uncorrected_angstrom": 9.3455
    },
    {
      "pose_rank": 7,
      "vina_affinity_kcal_mol": -5.545,
      "rmsd_to_crystal_heavy_atom_uncorrected_angstrom": 6.401
    },
    {
      "pose_rank": 8,
      "vina_affinity_kcal_mol": -5.448,
      "rmsd_to_crystal_heavy_atom_uncorrected_angstrom": 9.4315
    },
    {
      "pose_rank": 9,
      "vina_affinity_kcal_mol": -5.304,
      "rmsd_to_crystal_heavy_atom_uncorrected_angstrom": 8.5684
    },
    {
      "pose_rank": 10,
      "vina_affinity_kcal_mol": -5.269,
      "rmsd_to_crystal_heavy_atom_uncorrected_angstrom": 8.8292
    },
    {
      "pose_rank": 11,
      "vina_affinity_kcal_mol": -5.207,
      "rmsd_to_crystal_heavy_atom_uncorrected_angstrom": 10.0873
    },
    {
      "pose_rank": 12,
      "vina_affinity_kcal_mol": -5.189,
      "rmsd_to_crystal_heavy_atom_uncorrected_angstrom": 10.0969
    },
    {
      "pose_rank": 13,
      "vina_affinity_kcal_mol": -5.154,
      "rmsd_to_crystal_heavy_atom_uncorrected_angstrom": 9.554
    },
    {
      "pose_rank": 14,
      "vina_affinity_kcal_mol": -5.139,
      "rmsd_to_crystal_heavy_atom_uncorrected_angstrom": 5.1658
    },
    {
      "pose_rank": 15,
      "vina_affinity_kcal_mol": -5.121,
      "rmsd_to_crystal_heavy_atom_uncorrected_angstrom": 10.6108
    },
    {
      "pose_rank": 16,
      "vina_affinity_kcal_mol": -5.038,
      "rmsd_to_crystal_heavy_atom_uncorrected_angstrom": 9.0408
    },
    {
      "pose_rank": 17,
      "vina_affinity_kcal_mol": -4.965,
      "rmsd_to_crystal_heavy_atom_uncorrected_angstrom": 6.8363
    },
    {
      "pose_rank": 18,
      "vina_affinity_kcal_mol": -4.896,
      "rmsd_to_crystal_heavy_atom_uncorrected_angstrom": 8.9426
    },
    {
      "pose_rank": 19,
      "vina_affinity_kcal_mol": -4.869,
      "rmsd_to_crystal_heavy_atom_uncorrected_angstrom": 9.0646
    },
    {
      "pose_rank": 20,
      "vina_affinity_kcal_mol": -4.783,
      "rmsd_to_crystal_heavy_atom_uncorrected_angstrom": 9.8711
    }
  ],
  "rmsd_note": "Fixed-frame heavy-atom RMSD; atom-order based and not symmetry corrected."
}

mode |   affinity | dist from best mode
     | (kcal/mol) | rmsd l.b.| rmsd u.b.
-----+------------+----------+----------
   1       -6.404          0          0
   2       -6.141      1.895      2.435
   3       -5.826      5.853      7.097
   4       -5.675      6.204       9.55
   5       -5.672      6.312      7.677
   6       -5.627      5.621      7.512
   7       -5.545      6.337      10.17
   8       -5.448      5.976      7.337
   9       -5.304      5.092      7.525
  10       -5.269      10.73      11.72
  11       -5.207      6.157       8.01
  12       -5.189      4.807      5.691
  13       -5.154      6.094      7.331
  14       -5.139      5.564      8.042
  15       -5.121      5.722       6.82
  16       -5.038      5.254      7.507
  17       -4.965      6.563      11.08
  18       -4.896      10.76      11.42
  19       -4.869      10.57      11.09
  20       -4.783      6.013      7.421
