Computing Vina grid ... done.
Performing docking (random seed: 3301) ... 
0%   10   20   30   40   50   60   70   80   90   100%
|----|----|----|----|----|----|----|----|----|----|
***************************************************
{
  "receptor": "/home/welcome3/Viscacha_pipeline/outputs/docking_campaign/systems/CHRNA7_encenicline/prepared/chrna7_chrFam7a_fusion_at_B_face_obabel.pdbqt",
  "ligand": "/home/welcome3/Viscacha_pipeline/outputs/docking_campaign/systems/CHRNA7_encenicline/prepared/encenicline_I33_A601.pdbqt",
  "center": [
    142.818,
    138.419,
    90.348
  ],
  "box_size": [
    22.027,
    19.752,
    16.264
  ],
  "seed": 3301,
  "cpu": 16,
  "exhaustiveness": 32,
  "n_poses_requested": 20,
  "results": [
    {
      "pose_rank": 1,
      "vina_affinity_kcal_mol": -6.927,
      "rmsd_to_crystal_heavy_atom_uncorrected_angstrom": 8.3457
    },
    {
      "pose_rank": 2,
      "vina_affinity_kcal_mol": -6.015,
      "rmsd_to_crystal_heavy_atom_uncorrected_angstrom": 9.8913
    },
    {
      "pose_rank": 3,
      "vina_affinity_kcal_mol": -5.883,
      "rmsd_to_crystal_heavy_atom_uncorrected_angstrom": 9.78
    },
    {
      "pose_rank": 4,
      "vina_affinity_kcal_mol": -5.833,
      "rmsd_to_crystal_heavy_atom_uncorrected_angstrom": 7.2867
    },
    {
      "pose_rank": 5,
      "vina_affinity_kcal_mol": -5.816,
      "rmsd_to_crystal_heavy_atom_uncorrected_angstrom": 9.3526
    },
    {
      "pose_rank": 6,
      "vina_affinity_kcal_mol": -5.753,
      "rmsd_to_crystal_heavy_atom_uncorrected_angstrom": 6.3984
    },
    {
      "pose_rank": 7,
      "vina_affinity_kcal_mol": -5.749,
      "rmsd_to_crystal_heavy_atom_uncorrected_angstrom": 9.8495
    },
    {
      "pose_rank": 8,
      "vina_affinity_kcal_mol": -5.715,
      "rmsd_to_crystal_heavy_atom_uncorrected_angstrom": 8.6021
    },
    {
      "pose_rank": 9,
      "vina_affinity_kcal_mol": -5.664,
      "rmsd_to_crystal_heavy_atom_uncorrected_angstrom": 10.0153
    },
    {
      "pose_rank": 10,
      "vina_affinity_kcal_mol": -5.643,
      "rmsd_to_crystal_heavy_atom_uncorrected_angstrom": 9.4459
    },
    {
      "pose_rank": 11,
      "vina_affinity_kcal_mol": -5.543,
      "rmsd_to_crystal_heavy_atom_uncorrected_angstrom": 6.275
    },
    {
      "pose_rank": 12,
      "vina_affinity_kcal_mol": -5.489,
      "rmsd_to_crystal_heavy_atom_uncorrected_angstrom": 8.561
    },
    {
      "pose_rank": 13,
      "vina_affinity_kcal_mol": -5.465,
      "rmsd_to_crystal_heavy_atom_uncorrected_angstrom": 8.8316
    },
    {
      "pose_rank": 14,
      "vina_affinity_kcal_mol": -5.371,
      "rmsd_to_crystal_heavy_atom_uncorrected_angstrom": 9.5343
    },
    {
      "pose_rank": 15,
      "vina_affinity_kcal_mol": -5.345,
      "rmsd_to_crystal_heavy_atom_uncorrected_angstrom": 5.1579
    },
    {
      "pose_rank": 16,
      "vina_affinity_kcal_mol": -5.327,
      "rmsd_to_crystal_heavy_atom_uncorrected_angstrom": 6.689
    },
    {
      "pose_rank": 17,
      "vina_affinity_kcal_mol": -5.312,
      "rmsd_to_crystal_heavy_atom_uncorrected_angstrom": 10.1628
    },
    {
      "pose_rank": 18,
      "vina_affinity_kcal_mol": -5.277,
      "rmsd_to_crystal_heavy_atom_uncorrected_angstrom": 8.8584
    },
    {
      "pose_rank": 19,
      "vina_affinity_kcal_mol": -4.925,
      "rmsd_to_crystal_heavy_atom_uncorrected_angstrom": 9.2117
    }
  ],
  "rmsd_note": "Fixed-frame heavy-atom RMSD; atom-order based and not symmetry corrected."
}

mode |   affinity | dist from best mode
     | (kcal/mol) | rmsd l.b.| rmsd u.b.
-----+------------+----------+----------
   1       -6.927          0          0
   2       -6.015      5.788      6.919
   3       -5.883      6.283      7.536
   4       -5.833       6.33      9.412
   5       -5.816      5.552      7.259
   6       -5.753      6.294      10.24
   7       -5.749      5.523      6.936
   8       -5.715      3.963      5.721
   9       -5.664      6.049      7.508
  10       -5.643      5.931       7.15
  11       -5.543      5.924      10.24
  12       -5.489      4.953      7.343
  13       -5.465      10.73      11.76
  14       -5.371      6.027      7.165
  15       -5.345      5.809      8.189
  16       -5.327      6.289       10.9
  17       -5.312      4.912      5.676
  18       -5.277      10.82      11.68
  19       -4.925      10.66      11.25
