Computing Vina grid ... done.
Performing docking (random seed: 2207) ... 
0%   10   20   30   40   50   60   70   80   90   100%
|----|----|----|----|----|----|----|----|----|----|
***************************************************
{
  "receptor": "/home/welcome3/Viscacha_pipeline/outputs/docking_campaign/BACE1_verubecestat/prepared/bace1_457_alphafold_aligned_to_5HU1_obabel.pdbqt",
  "ligand": "/home/welcome3/Viscacha_pipeline/outputs/docking_campaign/BACE1_verubecestat/prepared/verubecestat_66F_A501.pdbqt",
  "center": [
    24.887,
    10.422,
    21.858
  ],
  "box_size": [
    23.129,
    16.37,
    18.46
  ],
  "seed": 2207,
  "cpu": 16,
  "exhaustiveness": 32,
  "n_poses_requested": 20,
  "results": [
    {
      "pose_rank": 1,
      "vina_affinity_kcal_mol": -8.265,
      "rmsd_to_crystal_heavy_atom_uncorrected_angstrom": 7.0267
    },
    {
      "pose_rank": 2,
      "vina_affinity_kcal_mol": -7.981,
      "rmsd_to_crystal_heavy_atom_uncorrected_angstrom": 7.3181
    },
    {
      "pose_rank": 3,
      "vina_affinity_kcal_mol": -7.969,
      "rmsd_to_crystal_heavy_atom_uncorrected_angstrom": 6.5112
    },
    {
      "pose_rank": 4,
      "vina_affinity_kcal_mol": -7.901,
      "rmsd_to_crystal_heavy_atom_uncorrected_angstrom": 7.1618
    },
    {
      "pose_rank": 5,
      "vina_affinity_kcal_mol": -7.665,
      "rmsd_to_crystal_heavy_atom_uncorrected_angstrom": 7.7851
    },
    {
      "pose_rank": 6,
      "vina_affinity_kcal_mol": -7.651,
      "rmsd_to_crystal_heavy_atom_uncorrected_angstrom": 7.2555
    },
    {
      "pose_rank": 7,
      "vina_affinity_kcal_mol": -7.254,
      "rmsd_to_crystal_heavy_atom_uncorrected_angstrom": 7.1245
    },
    {
      "pose_rank": 8,
      "vina_affinity_kcal_mol": -7.244,
      "rmsd_to_crystal_heavy_atom_uncorrected_angstrom": 7.5701
    },
    {
      "pose_rank": 9,
      "vina_affinity_kcal_mol": -7.237,
      "rmsd_to_crystal_heavy_atom_uncorrected_angstrom": 7.0237
    },
    {
      "pose_rank": 10,
      "vina_affinity_kcal_mol": -7.231,
      "rmsd_to_crystal_heavy_atom_uncorrected_angstrom": 6.978
    },
    {
      "pose_rank": 11,
      "vina_affinity_kcal_mol": -7.172,
      "rmsd_to_crystal_heavy_atom_uncorrected_angstrom": 6.8479
    },
    {
      "pose_rank": 12,
      "vina_affinity_kcal_mol": -7.156,
      "rmsd_to_crystal_heavy_atom_uncorrected_angstrom": 7.8005
    },
    {
      "pose_rank": 13,
      "vina_affinity_kcal_mol": -7.065,
      "rmsd_to_crystal_heavy_atom_uncorrected_angstrom": 8.0061
    },
    {
      "pose_rank": 14,
      "vina_affinity_kcal_mol": -6.951,
      "rmsd_to_crystal_heavy_atom_uncorrected_angstrom": 7.1919
    },
    {
      "pose_rank": 15,
      "vina_affinity_kcal_mol": -6.946,
      "rmsd_to_crystal_heavy_atom_uncorrected_angstrom": 7.4378
    },
    {
      "pose_rank": 16,
      "vina_affinity_kcal_mol": -6.871,
      "rmsd_to_crystal_heavy_atom_uncorrected_angstrom": 7.2239
    },
    {
      "pose_rank": 17,
      "vina_affinity_kcal_mol": -6.863,
      "rmsd_to_crystal_heavy_atom_uncorrected_angstrom": 6.7955
    },
    {
      "pose_rank": 18,
      "vina_affinity_kcal_mol": -6.854,
      "rmsd_to_crystal_heavy_atom_uncorrected_angstrom": 7.2137
    },
    {
      "pose_rank": 19,
      "vina_affinity_kcal_mol": -6.829,
      "rmsd_to_crystal_heavy_atom_uncorrected_angstrom": 6.5675
    },
    {
      "pose_rank": 20,
      "vina_affinity_kcal_mol": -6.801,
      "rmsd_to_crystal_heavy_atom_uncorrected_angstrom": 8.4542
    }
  ],
  "rmsd_note": "Fixed-frame heavy-atom RMSD; atom-order based and not symmetry corrected."
}

mode |   affinity | dist from best mode
     | (kcal/mol) | rmsd l.b.| rmsd u.b.
-----+------------+----------+----------
   1       -8.265          0          0
   2       -7.981      1.877       2.34
   3       -7.969      7.446      10.74
   4       -7.901      2.528      3.855
   5       -7.665      2.569      3.809
   6       -7.651      4.845      7.192
   7       -7.254      4.173      6.477
   8       -7.244      2.172      2.788
   9       -7.237       4.28      5.814
  10       -7.231      4.682      6.292
  11       -7.172      5.045      6.906
  12       -7.156      2.344      3.301
  13       -7.065      8.469      11.88
  14       -6.951      7.093      10.53
  15       -6.946      5.537      7.348
  16       -6.871      3.618      5.925
  17       -6.863      4.106      5.843
  18       -6.854      3.289      4.416
  19       -6.829      4.423      6.913
  20       -6.801      8.352       11.7
