Computing Vina grid ... done.
Performing docking (random seed: 5519) ... 
0%   10   20   30   40   50   60   70   80   90   100%
|----|----|----|----|----|----|----|----|----|----|
***************************************************
{
  "receptor": "/home/welcome3/Viscacha_pipeline/outputs/docking_campaign/BACE1_verubecestat/prepared/bace1_457_alphafold_aligned_to_5HU1_obabel.pdbqt",
  "ligand": "/home/welcome3/Viscacha_pipeline/outputs/docking_campaign/BACE1_verubecestat/prepared/verubecestat_66F_A501.pdbqt",
  "center": [
    24.887,
    10.422,
    21.858
  ],
  "box_size": [
    23.129,
    16.37,
    18.46
  ],
  "seed": 5519,
  "cpu": 16,
  "exhaustiveness": 32,
  "n_poses_requested": 20,
  "results": [
    {
      "pose_rank": 1,
      "vina_affinity_kcal_mol": -8.268,
      "rmsd_to_crystal_heavy_atom_uncorrected_angstrom": 7.0323
    },
    {
      "pose_rank": 2,
      "vina_affinity_kcal_mol": -7.956,
      "rmsd_to_crystal_heavy_atom_uncorrected_angstrom": 7.3181
    },
    {
      "pose_rank": 3,
      "vina_affinity_kcal_mol": -7.935,
      "rmsd_to_crystal_heavy_atom_uncorrected_angstrom": 6.5217
    },
    {
      "pose_rank": 4,
      "vina_affinity_kcal_mol": -7.819,
      "rmsd_to_crystal_heavy_atom_uncorrected_angstrom": 7.1157
    },
    {
      "pose_rank": 5,
      "vina_affinity_kcal_mol": -7.596,
      "rmsd_to_crystal_heavy_atom_uncorrected_angstrom": 7.7426
    },
    {
      "pose_rank": 6,
      "vina_affinity_kcal_mol": -7.563,
      "rmsd_to_crystal_heavy_atom_uncorrected_angstrom": 7.1041
    },
    {
      "pose_rank": 7,
      "vina_affinity_kcal_mol": -7.406,
      "rmsd_to_crystal_heavy_atom_uncorrected_angstrom": 7.0932
    },
    {
      "pose_rank": 8,
      "vina_affinity_kcal_mol": -7.224,
      "rmsd_to_crystal_heavy_atom_uncorrected_angstrom": 7.0164
    },
    {
      "pose_rank": 9,
      "vina_affinity_kcal_mol": -7.219,
      "rmsd_to_crystal_heavy_atom_uncorrected_angstrom": 9.0137
    },
    {
      "pose_rank": 10,
      "vina_affinity_kcal_mol": -7.181,
      "rmsd_to_crystal_heavy_atom_uncorrected_angstrom": 7.5487
    },
    {
      "pose_rank": 11,
      "vina_affinity_kcal_mol": -7.165,
      "rmsd_to_crystal_heavy_atom_uncorrected_angstrom": 6.9826
    },
    {
      "pose_rank": 12,
      "vina_affinity_kcal_mol": -7.087,
      "rmsd_to_crystal_heavy_atom_uncorrected_angstrom": 6.7923
    },
    {
      "pose_rank": 13,
      "vina_affinity_kcal_mol": -6.938,
      "rmsd_to_crystal_heavy_atom_uncorrected_angstrom": 6.7234
    },
    {
      "pose_rank": 14,
      "vina_affinity_kcal_mol": -6.925,
      "rmsd_to_crystal_heavy_atom_uncorrected_angstrom": 6.6515
    },
    {
      "pose_rank": 15,
      "vina_affinity_kcal_mol": -6.901,
      "rmsd_to_crystal_heavy_atom_uncorrected_angstrom": 7.9677
    },
    {
      "pose_rank": 16,
      "vina_affinity_kcal_mol": -6.901,
      "rmsd_to_crystal_heavy_atom_uncorrected_angstrom": 7.4488
    },
    {
      "pose_rank": 17,
      "vina_affinity_kcal_mol": -6.864,
      "rmsd_to_crystal_heavy_atom_uncorrected_angstrom": 7.1552
    },
    {
      "pose_rank": 18,
      "vina_affinity_kcal_mol": -6.817,
      "rmsd_to_crystal_heavy_atom_uncorrected_angstrom": 10.2615
    },
    {
      "pose_rank": 19,
      "vina_affinity_kcal_mol": -6.792,
      "rmsd_to_crystal_heavy_atom_uncorrected_angstrom": 7.1815
    },
    {
      "pose_rank": 20,
      "vina_affinity_kcal_mol": -6.729,
      "rmsd_to_crystal_heavy_atom_uncorrected_angstrom": 8.4791
    }
  ],
  "rmsd_note": "Fixed-frame heavy-atom RMSD; atom-order based and not symmetry corrected."
}

mode |   affinity | dist from best mode
     | (kcal/mol) | rmsd l.b.| rmsd u.b.
-----+------------+----------+----------
   1       -8.268          0          0
   2       -7.956       1.87      2.349
   3       -7.935      7.408      10.73
   4       -7.819      2.535      3.863
   5       -7.596      2.591      3.889
   6       -7.563      4.836      7.255
   7       -7.406      4.202      6.573
   8       -7.224       4.19      5.662
   9       -7.219      6.546      8.167
  10       -7.181      2.238      2.863
  11       -7.165      4.616      6.184
  12       -7.087      4.972      6.823
  13       -6.938      3.565      6.107
  14       -6.925      4.472      7.379
  15       -6.901      8.402      11.86
  16       -6.901      5.499      7.274
  17       -6.864       7.03       10.5
  18       -6.817       8.53      9.916
  19       -6.792      3.721      5.962
  20       -6.729      8.447       11.7
