Computing Vina grid ... done.
Performing docking (random seed: 4409) ... 
0%   10   20   30   40   50   60   70   80   90   100%
|----|----|----|----|----|----|----|----|----|----|
***************************************************
{
  "receptor": "/home/welcome3/Viscacha_pipeline/outputs/docking_campaign/BACE1_verubecestat/prepared/bace1_457_alphafold_aligned_to_5HU1_obabel.pdbqt",
  "ligand": "/home/welcome3/Viscacha_pipeline/outputs/docking_campaign/BACE1_verubecestat/prepared/verubecestat_66F_A501.pdbqt",
  "center": [
    24.887,
    10.422,
    21.858
  ],
  "box_size": [
    23.129,
    16.37,
    18.46
  ],
  "seed": 4409,
  "cpu": 16,
  "exhaustiveness": 32,
  "n_poses_requested": 20,
  "results": [
    {
      "pose_rank": 1,
      "vina_affinity_kcal_mol": -8.284,
      "rmsd_to_crystal_heavy_atom_uncorrected_angstrom": 7.0205
    },
    {
      "pose_rank": 2,
      "vina_affinity_kcal_mol": -8.008,
      "rmsd_to_crystal_heavy_atom_uncorrected_angstrom": 7.2911
    },
    {
      "pose_rank": 3,
      "vina_affinity_kcal_mol": -7.999,
      "rmsd_to_crystal_heavy_atom_uncorrected_angstrom": 6.516
    },
    {
      "pose_rank": 4,
      "vina_affinity_kcal_mol": -7.848,
      "rmsd_to_crystal_heavy_atom_uncorrected_angstrom": 7.1272
    },
    {
      "pose_rank": 5,
      "vina_affinity_kcal_mol": -7.65,
      "rmsd_to_crystal_heavy_atom_uncorrected_angstrom": 7.2653
    },
    {
      "pose_rank": 6,
      "vina_affinity_kcal_mol": -7.401,
      "rmsd_to_crystal_heavy_atom_uncorrected_angstrom": 7.161
    },
    {
      "pose_rank": 7,
      "vina_affinity_kcal_mol": -7.289,
      "rmsd_to_crystal_heavy_atom_uncorrected_angstrom": 9.0581
    },
    {
      "pose_rank": 8,
      "vina_affinity_kcal_mol": -7.269,
      "rmsd_to_crystal_heavy_atom_uncorrected_angstrom": 6.9932
    },
    {
      "pose_rank": 9,
      "vina_affinity_kcal_mol": -7.233,
      "rmsd_to_crystal_heavy_atom_uncorrected_angstrom": 6.9479
    },
    {
      "pose_rank": 10,
      "vina_affinity_kcal_mol": -7.146,
      "rmsd_to_crystal_heavy_atom_uncorrected_angstrom": 6.8307
    },
    {
      "pose_rank": 11,
      "vina_affinity_kcal_mol": -7.142,
      "rmsd_to_crystal_heavy_atom_uncorrected_angstrom": 7.7471
    },
    {
      "pose_rank": 12,
      "vina_affinity_kcal_mol": -7.059,
      "rmsd_to_crystal_heavy_atom_uncorrected_angstrom": 7.925
    },
    {
      "pose_rank": 13,
      "vina_affinity_kcal_mol": -6.95,
      "rmsd_to_crystal_heavy_atom_uncorrected_angstrom": 7.4332
    },
    {
      "pose_rank": 14,
      "vina_affinity_kcal_mol": -6.943,
      "rmsd_to_crystal_heavy_atom_uncorrected_angstrom": 7.3782
    },
    {
      "pose_rank": 15,
      "vina_affinity_kcal_mol": -6.92,
      "rmsd_to_crystal_heavy_atom_uncorrected_angstrom": 6.9063
    },
    {
      "pose_rank": 16,
      "vina_affinity_kcal_mol": -6.908,
      "rmsd_to_crystal_heavy_atom_uncorrected_angstrom": 6.9261
    },
    {
      "pose_rank": 17,
      "vina_affinity_kcal_mol": -6.902,
      "rmsd_to_crystal_heavy_atom_uncorrected_angstrom": 7.1086
    },
    {
      "pose_rank": 18,
      "vina_affinity_kcal_mol": -6.751,
      "rmsd_to_crystal_heavy_atom_uncorrected_angstrom": 6.5487
    },
    {
      "pose_rank": 19,
      "vina_affinity_kcal_mol": -6.7,
      "rmsd_to_crystal_heavy_atom_uncorrected_angstrom": 5.8781
    },
    {
      "pose_rank": 20,
      "vina_affinity_kcal_mol": -6.695,
      "rmsd_to_crystal_heavy_atom_uncorrected_angstrom": 7.1487
    }
  ],
  "rmsd_note": "Fixed-frame heavy-atom RMSD; atom-order based and not symmetry corrected."
}

mode |   affinity | dist from best mode
     | (kcal/mol) | rmsd l.b.| rmsd u.b.
-----+------------+----------+----------
   1       -8.284          0          0
   2       -8.008      1.823      2.254
   3       -7.999      7.432      10.74
   4       -7.848       2.52      3.846
   5        -7.65      4.858      7.212
   6       -7.401      4.367      6.652
   7       -7.289      6.643      8.292
   8       -7.269      4.239      5.766
   9       -7.233      4.634       6.22
  10       -7.146      5.022      6.889
  11       -7.142      2.726      3.996
  12       -7.059       8.41       11.8
  13        -6.95      2.406      3.499
  14       -6.943      5.444      6.974
  15        -6.92      3.546      5.877
  16       -6.908      3.678      6.161
  17       -6.902      7.042      10.49
  18       -6.751      2.931      3.945
  19         -6.7      3.352      6.141
  20       -6.695      5.459      7.498
