Computing Vina grid ... done.
Performing docking (random seed: 1103) ... 
0%   10   20   30   40   50   60   70   80   90   100%
|----|----|----|----|----|----|----|----|----|----|
***************************************************
{
  "receptor": "/home/welcome3/Viscacha_pipeline/outputs/docking_campaign/BACE1_verubecestat/prepared/bace1_5HU1_chain_A.pdbqt",
  "ligand": "/home/welcome3/Viscacha_pipeline/outputs/docking_campaign/BACE1_verubecestat/prepared/verubecestat_66F_A501.pdbqt",
  "center": [
    24.887,
    10.422,
    21.858
  ],
  "box_size": [
    23.129,
    16.37,
    18.46
  ],
  "seed": 1103,
  "cpu": 16,
  "exhaustiveness": 32,
  "n_poses_requested": 20,
  "results": [
    {
      "pose_rank": 1,
      "vina_affinity_kcal_mol": -9.517,
      "rmsd_to_crystal_heavy_atom_uncorrected_angstrom": 0.9536
    },
    {
      "pose_rank": 2,
      "vina_affinity_kcal_mol": -8.476,
      "rmsd_to_crystal_heavy_atom_uncorrected_angstrom": 7.4511
    },
    {
      "pose_rank": 3,
      "vina_affinity_kcal_mol": -8.35,
      "rmsd_to_crystal_heavy_atom_uncorrected_angstrom": 7.0812
    },
    {
      "pose_rank": 4,
      "vina_affinity_kcal_mol": -8.292,
      "rmsd_to_crystal_heavy_atom_uncorrected_angstrom": 7.3477
    },
    {
      "pose_rank": 5,
      "vina_affinity_kcal_mol": -8.191,
      "rmsd_to_crystal_heavy_atom_uncorrected_angstrom": 7.1409
    },
    {
      "pose_rank": 6,
      "vina_affinity_kcal_mol": -8.004,
      "rmsd_to_crystal_heavy_atom_uncorrected_angstrom": 7.5698
    },
    {
      "pose_rank": 7,
      "vina_affinity_kcal_mol": -7.945,
      "rmsd_to_crystal_heavy_atom_uncorrected_angstrom": 4.8043
    },
    {
      "pose_rank": 8,
      "vina_affinity_kcal_mol": -7.845,
      "rmsd_to_crystal_heavy_atom_uncorrected_angstrom": 5.2885
    },
    {
      "pose_rank": 9,
      "vina_affinity_kcal_mol": -7.776,
      "rmsd_to_crystal_heavy_atom_uncorrected_angstrom": 6.3903
    },
    {
      "pose_rank": 10,
      "vina_affinity_kcal_mol": -7.717,
      "rmsd_to_crystal_heavy_atom_uncorrected_angstrom": 8.3052
    },
    {
      "pose_rank": 11,
      "vina_affinity_kcal_mol": -7.638,
      "rmsd_to_crystal_heavy_atom_uncorrected_angstrom": 7.4424
    },
    {
      "pose_rank": 12,
      "vina_affinity_kcal_mol": -7.439,
      "rmsd_to_crystal_heavy_atom_uncorrected_angstrom": 7.8986
    },
    {
      "pose_rank": 13,
      "vina_affinity_kcal_mol": -7.439,
      "rmsd_to_crystal_heavy_atom_uncorrected_angstrom": 7.7254
    },
    {
      "pose_rank": 14,
      "vina_affinity_kcal_mol": -7.354,
      "rmsd_to_crystal_heavy_atom_uncorrected_angstrom": 7.7681
    },
    {
      "pose_rank": 15,
      "vina_affinity_kcal_mol": -7.354,
      "rmsd_to_crystal_heavy_atom_uncorrected_angstrom": 8.5771
    },
    {
      "pose_rank": 16,
      "vina_affinity_kcal_mol": -7.281,
      "rmsd_to_crystal_heavy_atom_uncorrected_angstrom": 7.4234
    },
    {
      "pose_rank": 17,
      "vina_affinity_kcal_mol": -7.219,
      "rmsd_to_crystal_heavy_atom_uncorrected_angstrom": 7.8209
    },
    {
      "pose_rank": 18,
      "vina_affinity_kcal_mol": -7.2,
      "rmsd_to_crystal_heavy_atom_uncorrected_angstrom": 5.8497
    },
    {
      "pose_rank": 19,
      "vina_affinity_kcal_mol": -7.194,
      "rmsd_to_crystal_heavy_atom_uncorrected_angstrom": 7.9673
    },
    {
      "pose_rank": 20,
      "vina_affinity_kcal_mol": -7.176,
      "rmsd_to_crystal_heavy_atom_uncorrected_angstrom": 7.7187
    }
  ],
  "rmsd_note": "Fixed-frame heavy-atom RMSD; atom-order based and not symmetry corrected."
}

mode |   affinity | dist from best mode
     | (kcal/mol) | rmsd l.b.| rmsd u.b.
-----+------------+----------+----------
   1       -9.517          0          0
   2       -8.476      4.573      7.507
   3        -8.35       3.34      6.938
   4       -8.292       3.57      7.203
   5       -8.191      3.732      6.935
   6       -8.004      3.676      7.411
   7       -7.945      3.811      4.692
   8       -7.845      4.205      5.127
   9       -7.776      4.489      6.507
  10       -7.717      5.506      8.389
  11       -7.638      3.636      7.316
  12       -7.439       4.45      7.756
  13       -7.439       3.78      7.645
  14       -7.354      3.739       7.59
  15       -7.354      5.775      8.685
  16       -7.281      3.621      7.267
  17       -7.219       4.97      7.833
  18         -7.2        4.6      5.925
  19       -7.194      4.531      7.872
  20       -7.176      3.815      7.658
