Computing Vina grid ... done.
Performing docking (random seed: 3301) ... 
0%   10   20   30   40   50   60   70   80   90   100%
|----|----|----|----|----|----|----|----|----|----|
***************************************************
{
  "receptor": "/home/welcome3/Viscacha_pipeline/outputs/docking_campaign/BACE1_verubecestat/prepared/bace1_5HU1_chain_A.pdbqt",
  "ligand": "/home/welcome3/Viscacha_pipeline/outputs/docking_campaign/BACE1_verubecestat/prepared/verubecestat_66F_A501.pdbqt",
  "center": [
    24.887,
    10.422,
    21.858
  ],
  "box_size": [
    23.129,
    16.37,
    18.46
  ],
  "seed": 3301,
  "cpu": 16,
  "exhaustiveness": 32,
  "n_poses_requested": 20,
  "results": [
    {
      "pose_rank": 1,
      "vina_affinity_kcal_mol": -9.494,
      "rmsd_to_crystal_heavy_atom_uncorrected_angstrom": 0.9528
    },
    {
      "pose_rank": 2,
      "vina_affinity_kcal_mol": -8.541,
      "rmsd_to_crystal_heavy_atom_uncorrected_angstrom": 7.3914
    },
    {
      "pose_rank": 3,
      "vina_affinity_kcal_mol": -8.364,
      "rmsd_to_crystal_heavy_atom_uncorrected_angstrom": 7.096
    },
    {
      "pose_rank": 4,
      "vina_affinity_kcal_mol": -8.308,
      "rmsd_to_crystal_heavy_atom_uncorrected_angstrom": 7.3544
    },
    {
      "pose_rank": 5,
      "vina_affinity_kcal_mol": -8.206,
      "rmsd_to_crystal_heavy_atom_uncorrected_angstrom": 7.0997
    },
    {
      "pose_rank": 6,
      "vina_affinity_kcal_mol": -8.043,
      "rmsd_to_crystal_heavy_atom_uncorrected_angstrom": 7.5623
    },
    {
      "pose_rank": 7,
      "vina_affinity_kcal_mol": -8.012,
      "rmsd_to_crystal_heavy_atom_uncorrected_angstrom": 6.3286
    },
    {
      "pose_rank": 8,
      "vina_affinity_kcal_mol": -7.965,
      "rmsd_to_crystal_heavy_atom_uncorrected_angstrom": 7.7286
    },
    {
      "pose_rank": 9,
      "vina_affinity_kcal_mol": -7.86,
      "rmsd_to_crystal_heavy_atom_uncorrected_angstrom": 5.308
    },
    {
      "pose_rank": 10,
      "vina_affinity_kcal_mol": -7.74,
      "rmsd_to_crystal_heavy_atom_uncorrected_angstrom": 4.7085
    },
    {
      "pose_rank": 11,
      "vina_affinity_kcal_mol": -7.711,
      "rmsd_to_crystal_heavy_atom_uncorrected_angstrom": 8.3114
    },
    {
      "pose_rank": 12,
      "vina_affinity_kcal_mol": -7.663,
      "rmsd_to_crystal_heavy_atom_uncorrected_angstrom": 7.079
    },
    {
      "pose_rank": 13,
      "vina_affinity_kcal_mol": -7.444,
      "rmsd_to_crystal_heavy_atom_uncorrected_angstrom": 5.8574
    },
    {
      "pose_rank": 14,
      "vina_affinity_kcal_mol": -7.426,
      "rmsd_to_crystal_heavy_atom_uncorrected_angstrom": 7.918
    },
    {
      "pose_rank": 15,
      "vina_affinity_kcal_mol": -7.383,
      "rmsd_to_crystal_heavy_atom_uncorrected_angstrom": 7.7589
    },
    {
      "pose_rank": 16,
      "vina_affinity_kcal_mol": -7.365,
      "rmsd_to_crystal_heavy_atom_uncorrected_angstrom": 8.5045
    },
    {
      "pose_rank": 17,
      "vina_affinity_kcal_mol": -7.312,
      "rmsd_to_crystal_heavy_atom_uncorrected_angstrom": 7.9145
    },
    {
      "pose_rank": 18,
      "vina_affinity_kcal_mol": -7.234,
      "rmsd_to_crystal_heavy_atom_uncorrected_angstrom": 7.7822
    },
    {
      "pose_rank": 19,
      "vina_affinity_kcal_mol": -7.226,
      "rmsd_to_crystal_heavy_atom_uncorrected_angstrom": 7.8548
    },
    {
      "pose_rank": 20,
      "vina_affinity_kcal_mol": -7.219,
      "rmsd_to_crystal_heavy_atom_uncorrected_angstrom": 5.8866
    }
  ],
  "rmsd_note": "Fixed-frame heavy-atom RMSD; atom-order based and not symmetry corrected."
}

mode |   affinity | dist from best mode
     | (kcal/mol) | rmsd l.b.| rmsd u.b.
-----+------------+----------+----------
   1       -9.494          0          0
   2       -8.541      4.783      7.433
   3       -8.364      3.336      6.964
   4       -8.308      3.556      7.216
   5       -8.206       3.68      6.905
   6       -8.043      3.654      7.414
   7       -8.012      4.491      6.402
   8       -7.965      5.076      7.837
   9        -7.86      4.227      5.152
  10        -7.74      3.934      4.636
  11       -7.711       5.48      8.374
  12       -7.663      3.497      6.977
  13       -7.444      4.106      5.776
  14       -7.426      4.489      7.783
  15       -7.383      3.756      7.585
  16       -7.365      5.702      8.595
  17       -7.312      3.611      7.733
  18       -7.234      4.329      7.716
  19       -7.226      3.994       7.81
  20       -7.219      4.635      5.947
