
==========
== CUDA ==
==========

CUDA Version 12.8.1

Container image Copyright (c) 2016-2023, NVIDIA CORPORATION & AFFILIATES. All rights reserved.

This container image and its contents are governed by the NVIDIA Deep Learning Container License.
By pulling and using the container, you accept the terms and conditions of this license:
https://developer.nvidia.com/ngc/nvidia-deep-learning-container-license

A copy of this license is made available in this container at /NGC-DL-CONTAINER-LICENSE for your convenience.

              _             
             (_)            
   __ _ _ __  _ _ __   __ _ 
  / _` | '_ \| | '_ \ / _` |
 | (_| | | | | | | | | (_| |
  \__, |_| |_|_|_| |_|\__,_|
   __/ |                    
  |___/                     

gnina v1.3.3 master:6fe1ce2   Built Jun 30 2026.
gnina is based on smina and AutoDock Vina.
Please cite appropriately.

Commandline: /opt/gnina --receptor /work/outputs/docking_campaign/systems/BACE1_verubecestat_401/prepared/bace1_401_aligned_to_5HU1_obabel.pdbqt --ligand /out/input_poses.sdf --score_only --cnn_scoring rescore --cpu 16 --device 0 --out /out/scored_poses.sdf
## Name gauss(o=0,_w=0.5,_c=8) gauss(o=3,_w=2,_c=8) repulsion(o=0,_c=8) hydrophobic(g=0.5,_b=1.5,_c=8) non_dir_h_bond(g=-0.7,_b=0,_c=8) num_tors_div
Affinity: -9.60617 (kcal/mol)
CNNscore: 0.12451 
CNNaffinity: 5.44113
CNNvariance: 0.32990
Intramolecular energy: 0.40038
Term values, before weighting:
## BACE1_verubecestat_401__alternate_401_seed2207_ex32__pose01 67.57104 1575.41980 1.51215 25.62420 1.93361 0.00000
Affinity: -8.70135 (kcal/mol)
CNNscore: 0.62254 
CNNaffinity: 5.86974
CNNvariance: 0.07335
Intramolecular energy: -0.39437
Term values, before weighting:
## BACE1_verubecestat_401__alternate_401_seed2207_ex32__pose02 70.77741 1272.65186 1.52384 24.04895 2.69719 0.00000
Affinity: -8.38790 (kcal/mol)
CNNscore: 0.59808 
CNNaffinity: 5.62256
CNNvariance: 0.11255
Intramolecular energy: -0.33227
Term values, before weighting:
## BACE1_verubecestat_401__alternate_401_seed2207_ex32__pose03 77.24943 1247.89905 2.05276 35.21934 1.98498 0.00000
Affinity: -8.20403 (kcal/mol)
CNNscore: 0.16044 
CNNaffinity: 4.67284
CNNvariance: 1.21024
Intramolecular energy: -0.18061
Term values, before weighting:
## BACE1_verubecestat_401__alternate_401_seed2207_ex32__pose04 80.44913 1332.62024 2.42737 19.66450 2.14411 0.00000
Affinity: -8.91462 (kcal/mol)
CNNscore: 0.42683 
CNNaffinity: 5.87844
CNNvariance: 0.38895
Intramolecular energy: 0.66385
Term values, before weighting:
## BACE1_verubecestat_401__alternate_401_seed2207_ex32__pose05 66.06754 1504.49036 3.45736 33.27616 3.58891 0.00000
Affinity: -8.25220 (kcal/mol)
CNNscore: 0.13467 
CNNaffinity: 4.89281
CNNvariance: 1.17297
Intramolecular energy: -0.10821
Term values, before weighting:
## BACE1_verubecestat_401__alternate_401_seed2207_ex32__pose06 66.66689 1326.31470 1.40197 28.60605 1.13010 0.00000
Affinity: -8.02022 (kcal/mol)
CNNscore: 0.15066 
CNNaffinity: 5.00080
CNNvariance: 0.46942
Intramolecular energy: -0.10135
Term values, before weighting:
## BACE1_verubecestat_401__alternate_401_seed2207_ex32__pose07 56.72884 1220.19336 1.99643 31.88494 2.85383 0.00000
Affinity: -8.02301 (kcal/mol)
CNNscore: 0.31319 
CNNaffinity: 5.42006
CNNvariance: 0.11308
Intramolecular energy: 0.06436
Term values, before weighting:
## BACE1_verubecestat_401__alternate_401_seed2207_ex32__pose08 61.90438 1248.00964 1.20921 28.08446 1.40269 0.00000
Affinity: -7.57232 (kcal/mol)
CNNscore: 0.08236 
CNNaffinity: 4.51220
CNNvariance: 0.80250
Intramolecular energy: -0.40522
Term values, before weighting:
## BACE1_verubecestat_401__alternate_401_seed2207_ex32__pose09 54.59003 1323.07019 1.92862 24.04211 1.55544 0.00000
Affinity: -8.16634 (kcal/mol)
CNNscore: 0.30574 
CNNaffinity: 5.51067
CNNvariance: 0.06626
Intramolecular energy: 0.31679
Term values, before weighting:
## BACE1_verubecestat_401__alternate_401_seed2207_ex32__pose10 72.27828 1124.86853 1.42563 40.56347 1.70656 0.00000
Affinity: -7.74486 (kcal/mol)
CNNscore: 0.03747 
CNNaffinity: 4.29984
CNNvariance: 0.72106
Intramolecular energy: -0.13497
Term values, before weighting:
## BACE1_verubecestat_401__alternate_401_seed2207_ex32__pose11 68.62963 1254.67090 2.12753 18.66480 2.25621 0.00000
Affinity: -7.53702 (kcal/mol)
CNNscore: 0.18465 
CNNaffinity: 5.04141
CNNvariance: 0.27049
Intramolecular energy: -0.37673
Term values, before weighting:
## BACE1_verubecestat_401__alternate_401_seed2207_ex32__pose12 54.38624 1138.94531 0.32174 30.53682 0.42710 0.00000
Affinity: -7.50286 (kcal/mol)
CNNscore: 0.11894 
CNNaffinity: 5.09294
CNNvariance: 0.34562
Intramolecular energy: -0.37306
Term values, before weighting:
## BACE1_verubecestat_401__alternate_401_seed2207_ex32__pose13 79.45119 1176.26917 1.58166 24.46469 0.67770 0.00000
Affinity: -7.85957 (kcal/mol)
CNNscore: 0.32008 
CNNaffinity: 5.09385
CNNvariance: 0.47868
Intramolecular energy: 0.05742
Term values, before weighting:
## BACE1_verubecestat_401__alternate_401_seed2207_ex32__pose14 59.41959 1338.02246 0.96377 29.50892 0.00000 0.00000
Affinity: -8.13731 (kcal/mol)
CNNscore: 0.58274 
CNNaffinity: 5.44038
CNNvariance: 0.32536
Intramolecular energy: 0.45994
Term values, before weighting:
## BACE1_verubecestat_401__alternate_401_seed2207_ex32__pose15 67.21837 1217.50037 1.81622 33.08497 2.14704 0.00000
Affinity: -7.46172 (kcal/mol)
CNNscore: 0.04916 
CNNaffinity: 4.69474
CNNvariance: 0.43078
Intramolecular energy: -0.31164
Term values, before weighting:
## BACE1_verubecestat_401__alternate_401_seed2207_ex32__pose16 65.57587 1155.98523 1.58416 33.50029 1.07796 0.00000
Affinity: -7.92006 (kcal/mol)
CNNscore: 0.21354 
CNNaffinity: 5.36425
CNNvariance: 0.05399
Intramolecular energy: 0.29426
Term values, before weighting:
## BACE1_verubecestat_401__alternate_401_seed2207_ex32__pose17 61.51773 1200.87939 1.45829 25.42575 2.14877 0.00000
Affinity: -7.76621 (kcal/mol)
CNNscore: 0.12047 
CNNaffinity: 4.71435
CNNvariance: 0.56247
Intramolecular energy: 0.13222
Term values, before weighting:
## BACE1_verubecestat_401__alternate_401_seed2207_ex32__pose18 54.69103 1238.80286 1.67934 16.34724 2.77970 0.00000
Affinity: -7.33468 (kcal/mol)
CNNscore: 0.02348 
CNNaffinity: 3.58754
CNNvariance: 1.68634
Intramolecular energy: -0.36617
Term values, before weighting:
## BACE1_verubecestat_401__alternate_401_seed2207_ex32__pose19 58.88377 1232.25940 1.41023 10.89955 1.66005 0.00000
Affinity: -7.60026 (kcal/mol)
CNNscore: 0.06805 
CNNaffinity: 4.97233
CNNvariance: 0.26778
Intramolecular energy: 0.00879
Term values, before weighting:
## BACE1_verubecestat_401__alternate_401_seed2207_ex32__pose20 55.10302 1174.14880 0.72534 21.74748 1.30324 0.00000
