
==========
== CUDA ==
==========

CUDA Version 12.8.1

Container image Copyright (c) 2016-2023, NVIDIA CORPORATION & AFFILIATES. All rights reserved.

This container image and its contents are governed by the NVIDIA Deep Learning Container License.
By pulling and using the container, you accept the terms and conditions of this license:
https://developer.nvidia.com/ngc/nvidia-deep-learning-container-license

A copy of this license is made available in this container at /NGC-DL-CONTAINER-LICENSE for your convenience.

              _
             (_)
   __ _ _ __  _ _ __   __ _
  / _` | '_ \| | '_ \ / _` |
 | (_| | | | | | | | | (_| |
  \__, |_| |_|_|_| |_|\__,_|
   __/ |
  |___/

gnina v1.3.3 master:6fe1ce2   Built Jun 30 2026.
gnina is based on smina and AutoDock Vina.
Please cite appropriately.

Commandline: /opt/gnina --receptor /work/outputs/docking_campaign/systems/FYN_saracatinib/prepared/fyn_chain_A.pdbqt --ligand /out/input_poses.sdf --score_only --cnn_scoring rescore --cpu 16 --device 0 --out /out/scored_poses.sdf
## Name gauss(o=0,_w=0.5,_c=8) gauss(o=3,_w=2,_c=8) repulsion(o=0,_c=8) hydrophobic(g=0.5,_b=1.5,_c=8) non_dir_h_bond(g=-0.7,_b=0,_c=8) num_tors_div
Affinity: -9.18958 (kcal/mol)
CNNscore: 0.58555
CNNaffinity: 7.53774
CNNvariance: 0.14043
Intramolecular energy: -1.78081
Term values, before weighting:
## FYN_saracatinib__vina_seed6619_ex64__pose01 100.06464 1980.47485 1.53537 26.39316 0.13678 0.00000
Affinity: -8.96985 (kcal/mol)
CNNscore: 0.74227
CNNaffinity: 7.70675
CNNvariance: 0.14862
Intramolecular energy: -1.92840
Term values, before weighting:
## FYN_saracatinib__vina_seed6619_ex64__pose02 94.97327 1916.50745 1.63868 25.26163 0.67292 0.00000
Affinity: -8.70713 (kcal/mol)
CNNscore: 0.40680
CNNaffinity: 7.37409
CNNvariance: 0.20088
Intramolecular energy: -2.06563
Term values, before weighting:
## FYN_saracatinib__vina_seed6619_ex64__pose03 89.75569 1921.29187 1.52031 27.29233 0.00000 0.00000
Affinity: -8.78403 (kcal/mol)
CNNscore: 0.26076
CNNaffinity: 7.19784
CNNvariance: 0.19444
Intramolecular energy: -1.91890
Term values, before weighting:
## FYN_saracatinib__vina_seed6619_ex64__pose04 81.09692 1889.67090 1.30778 18.70983 1.20248 0.00000
Affinity: -8.96318 (kcal/mol)
CNNscore: 0.61693
CNNaffinity: 7.39390
CNNvariance: 0.15691
Intramolecular energy: -1.63414
Term values, before weighting:
## FYN_saracatinib__vina_seed6619_ex64__pose05 85.73233 1915.52332 1.33428 26.00467 0.74482 0.00000
Affinity: -8.45874 (kcal/mol)
CNNscore: 0.56337
CNNaffinity: 7.39625
CNNvariance: 0.36920
Intramolecular energy: -2.35106
Term values, before weighting:
## FYN_saracatinib__vina_seed6619_ex64__pose06 87.72872 1847.70959 1.90242 26.19343 0.76015 0.00000
Affinity: -8.82143 (kcal/mol)
CNNscore: 0.71620
CNNaffinity: 7.76762
CNNvariance: 0.44500
Intramolecular energy: -1.81334
Term values, before weighting:
## FYN_saracatinib__vina_seed6619_ex64__pose07 108.68935 2123.61108 4.67621 40.16218 1.10854 0.00000
Affinity: -8.77863 (kcal/mol)
CNNscore: 0.85640
CNNaffinity: 7.77635
CNNvariance: 0.34188
Intramolecular energy: -1.75794
Term values, before weighting:
## FYN_saracatinib__vina_seed6619_ex64__pose08 86.22993 1849.48792 1.71000 25.15068 1.42157 0.00000
Affinity: -8.80714 (kcal/mol)
CNNscore: 0.30978
CNNaffinity: 7.18380
CNNvariance: 0.18491
Intramolecular energy: -1.67088
Term values, before weighting:
## FYN_saracatinib__vina_seed6619_ex64__pose09 85.62902 1877.95764 1.43535 18.67520 1.27306 0.00000
Affinity: -8.56329 (kcal/mol)
CNNscore: 0.83571
CNNaffinity: 7.98497
CNNvariance: 0.03064
Intramolecular energy: -1.66886
Term values, before weighting:
## FYN_saracatinib__vina_seed6619_ex64__pose10 88.68271 1840.77417 1.88929 25.12206 1.06965 0.00000
