Computing Vina grid ... done.
Performing docking (random seed: 2207) ... 
0%   10   20   30   40   50   60   70   80   90   100%
|----|----|----|----|----|----|----|----|----|----|
***************************************************
{
  "receptor": "/home/welcome3/Viscacha_pipeline/outputs/docking_campaign/systems/FYN_saracatinib/prepared/fyn_chain_A.pdbqt",
  "ligand": "/home/welcome3/Viscacha_pipeline/outputs/docking_campaign/systems/FYN_saracatinib/prepared/saracatinib_H8H_A601.pdbqt",
  "center": [
    -11.255,
    14.853,
    -9.445
  ],
  "box_size": [
    20.0,
    20.0,
    26.0
  ],
  "seed": 2207,
  "cpu": 16,
  "exhaustiveness": 32,
  "n_poses_requested": 10,
  "results": [
    {
      "pose_rank": 1,
      "vina_affinity_kcal_mol": -9.142,
      "rmsd_to_crystal_heavy_atom_uncorrected_angstrom": 1.7568
    },
    {
      "pose_rank": 2,
      "vina_affinity_kcal_mol": -9.114,
      "rmsd_to_crystal_heavy_atom_uncorrected_angstrom": 2.7553
    },
    {
      "pose_rank": 3,
      "vina_affinity_kcal_mol": -9.0,
      "rmsd_to_crystal_heavy_atom_uncorrected_angstrom": 3.1341
    },
    {
      "pose_rank": 4,
      "vina_affinity_kcal_mol": -8.93,
      "rmsd_to_crystal_heavy_atom_uncorrected_angstrom": 2.7592
    },
    {
      "pose_rank": 5,
      "vina_affinity_kcal_mol": -8.893,
      "rmsd_to_crystal_heavy_atom_uncorrected_angstrom": 4.5353
    },
    {
      "pose_rank": 6,
      "vina_affinity_kcal_mol": -8.879,
      "rmsd_to_crystal_heavy_atom_uncorrected_angstrom": 3.4822
    },
    {
      "pose_rank": 7,
      "vina_affinity_kcal_mol": -8.85,
      "rmsd_to_crystal_heavy_atom_uncorrected_angstrom": 2.1752
    },
    {
      "pose_rank": 8,
      "vina_affinity_kcal_mol": -8.766,
      "rmsd_to_crystal_heavy_atom_uncorrected_angstrom": 2.9368
    },
    {
      "pose_rank": 9,
      "vina_affinity_kcal_mol": -8.707,
      "rmsd_to_crystal_heavy_atom_uncorrected_angstrom": 2.5281
    },
    {
      "pose_rank": 10,
      "vina_affinity_kcal_mol": -8.482,
      "rmsd_to_crystal_heavy_atom_uncorrected_angstrom": 9.4308
    }
  ],
  "rmsd_note": "Fixed-frame heavy-atom RMSD; atom-order based and not symmetry corrected."
}

mode |   affinity | dist from best mode
     | (kcal/mol) | rmsd l.b.| rmsd u.b.
-----+------------+----------+----------
   1       -9.142          0          0
   2       -9.114      1.536      1.998
   3           -9      1.523       2.37
   4        -8.93      1.769      2.536
   5       -8.893      2.888      4.053
   6       -8.879      2.056      2.942
   7        -8.85      2.155      2.913
   8       -8.766      1.976      2.569
   9       -8.707       1.55       2.07
  10       -8.482      2.633      9.267

