Computing Vina grid ... done.
Performing docking (random seed: 6619) ... 
0%   10   20   30   40   50   60   70   80   90   100%
|----|----|----|----|----|----|----|----|----|----|
***************************************************
{
  "receptor": "/home/welcome3/Viscacha_pipeline/outputs/docking_campaign/systems/FYN_saracatinib/prepared/fyn_chain_A.pdbqt",
  "ligand": "/home/welcome3/Viscacha_pipeline/outputs/docking_campaign/systems/FYN_saracatinib/prepared/saracatinib_H8H_A601.pdbqt",
  "center": [
    -11.255,
    14.853,
    -9.445
  ],
  "box_size": [
    20.0,
    20.0,
    26.0
  ],
  "seed": 6619,
  "cpu": 16,
  "exhaustiveness": 64,
  "n_poses_requested": 10,
  "results": [
    {
      "pose_rank": 1,
      "vina_affinity_kcal_mol": -9.186,
      "rmsd_to_crystal_heavy_atom_uncorrected_angstrom": 1.8964
    },
    {
      "pose_rank": 2,
      "vina_affinity_kcal_mol": -9.073,
      "rmsd_to_crystal_heavy_atom_uncorrected_angstrom": 2.7946
    },
    {
      "pose_rank": 3,
      "vina_affinity_kcal_mol": -8.9,
      "rmsd_to_crystal_heavy_atom_uncorrected_angstrom": 3.1405
    },
    {
      "pose_rank": 4,
      "vina_affinity_kcal_mol": -8.88,
      "rmsd_to_crystal_heavy_atom_uncorrected_angstrom": 2.7902
    },
    {
      "pose_rank": 5,
      "vina_affinity_kcal_mol": -8.864,
      "rmsd_to_crystal_heavy_atom_uncorrected_angstrom": 1.9609
    },
    {
      "pose_rank": 6,
      "vina_affinity_kcal_mol": -8.848,
      "rmsd_to_crystal_heavy_atom_uncorrected_angstrom": 3.677
    },
    {
      "pose_rank": 7,
      "vina_affinity_kcal_mol": -8.839,
      "rmsd_to_crystal_heavy_atom_uncorrected_angstrom": 4.4428
    },
    {
      "pose_rank": 8,
      "vina_affinity_kcal_mol": -8.761,
      "rmsd_to_crystal_heavy_atom_uncorrected_angstrom": 2.99
    },
    {
      "pose_rank": 9,
      "vina_affinity_kcal_mol": -8.733,
      "rmsd_to_crystal_heavy_atom_uncorrected_angstrom": 2.7062
    },
    {
      "pose_rank": 10,
      "vina_affinity_kcal_mol": -8.482,
      "rmsd_to_crystal_heavy_atom_uncorrected_angstrom": 2.9832
    }
  ],
  "rmsd_note": "Fixed-frame heavy-atom RMSD; atom-order based and not symmetry corrected."
}

mode |   affinity | dist from best mode
     | (kcal/mol) | rmsd l.b.| rmsd u.b.
-----+------------+----------+----------
   1       -9.186          0          0
   2       -9.073      1.554      2.024
   3         -8.9      1.549        2.4
   4        -8.88      1.756      2.534
   5       -8.864      1.922      2.654
   6       -8.848      2.069      3.073
   7       -8.839      2.995      3.963
   8       -8.761      2.691      3.678
   9       -8.733      1.534      1.908
  10       -8.482      2.283       3.33

