
==========
== CUDA ==
==========

CUDA Version 12.8.1

Container image Copyright (c) 2016-2023, NVIDIA CORPORATION & AFFILIATES. All rights reserved.

This container image and its contents are governed by the NVIDIA Deep Learning Container License.
By pulling and using the container, you accept the terms and conditions of this license:
https://developer.nvidia.com/ngc/nvidia-deep-learning-container-license

A copy of this license is made available in this container at /NGC-DL-CONTAINER-LICENSE for your convenience.

              _
             (_)
   __ _ _ __  _ _ __   __ _
  / _` | '_ \| | '_ \ / _` |
 | (_| | | | | | | | | (_| |
  \__, |_| |_|_|_| |_|\__,_|
   __/ |
  |___/

gnina v1.3.3 master:6fe1ce2   Built Jun 30 2026.
gnina is based on smina and AutoDock Vina.
Please cite appropriately.

Commandline: /opt/gnina --receptor /work/outputs/docking_campaign/systems/CHRNA7_encenicline/prepared/chrna7_chrFam7a_fusion_at_A_face_obabel.pdbqt --ligand /out/input_poses.sdf --score_only --cnn_scoring rescore --cpu 16 --device 0 --out /out/scored_poses.sdf
## Name gauss(o=0,_w=0.5,_c=8) gauss(o=3,_w=2,_c=8) repulsion(o=0,_c=8) hydrophobic(g=0.5,_b=1.5,_c=8) non_dir_h_bond(g=-0.7,_b=0,_c=8) num_tors_div
Affinity: -7.53851 (kcal/mol)
CNNscore: 0.80491
CNNaffinity: 6.60619
CNNvariance: 0.25310
Intramolecular energy: -0.31686
Term values, before weighting:
## CHRNA7_encenicline__hybrid_A_face_seed20260825_ex32__pose01 69.46156 1031.40601 1.64777 45.73769 0.69994 0.00000
Affinity: -7.49018 (kcal/mol)
CNNscore: 0.54926
CNNaffinity: 5.99764
CNNvariance: 0.08636
Intramolecular energy: -0.32895
Term values, before weighting:
## CHRNA7_encenicline__hybrid_A_face_seed20260825_ex32__pose02 76.71937 890.90356 1.18806 39.24485 1.13172 0.00000
Affinity: -7.44313 (kcal/mol)
CNNscore: 0.73764
CNNaffinity: 6.36589
CNNvariance: 0.23422
Intramolecular energy: -0.31223
Term values, before weighting:
## CHRNA7_encenicline__hybrid_A_face_seed20260825_ex32__pose03 81.81078 874.84192 1.48424 45.33778 0.93477 0.00000
Affinity: -6.98765 (kcal/mol)
CNNscore: 0.83147
CNNaffinity: 6.21816
CNNvariance: 0.34131
Intramolecular energy: -0.31397
Term values, before weighting:
## CHRNA7_encenicline__hybrid_A_face_seed20260825_ex32__pose04 66.54401 932.37445 1.48836 40.52302 0.78177 0.00000
Affinity: -6.61903 (kcal/mol)
CNNscore: 0.22671
CNNaffinity: 4.86712
CNNvariance: 0.45431
Intramolecular energy: -0.32622
Term values, before weighting:
## CHRNA7_encenicline__hybrid_A_face_seed20260825_ex32__pose05 64.33818 1013.54150 2.62216 49.45285 0.59072 0.00000
Affinity: -6.48174 (kcal/mol)
CNNscore: 0.52807
CNNaffinity: 6.16624
CNNvariance: 0.12132
Intramolecular energy: -0.28289
Term values, before weighting:
## CHRNA7_encenicline__hybrid_A_face_seed20260825_ex32__pose06 64.78898 899.72986 1.18197 22.08364 0.87523 0.00000
Affinity: -6.42445 (kcal/mol)
CNNscore: 0.33438
CNNaffinity: 5.66160
CNNvariance: 0.23124
Intramolecular energy: -0.29483
Term values, before weighting:
## CHRNA7_encenicline__hybrid_A_face_seed20260825_ex32__pose07 72.04938 961.80408 2.26450 44.35934 0.00000 0.00000
Affinity: -6.33935 (kcal/mol)
CNNscore: 0.19694
CNNaffinity: 4.99603
CNNvariance: 0.71808
Intramolecular energy: -0.31852
Term values, before weighting:
## CHRNA7_encenicline__hybrid_A_face_seed20260825_ex32__pose08 55.49158 877.36908 0.86366 21.42262 0.94803 0.00000
Affinity: -6.31600 (kcal/mol)
CNNscore: 0.08814
CNNaffinity: 4.28032
CNNvariance: 0.36998
Intramolecular energy: -0.31497
Term values, before weighting:
## CHRNA7_encenicline__hybrid_A_face_seed20260825_ex32__pose09 55.58271 878.27039 0.48663 27.30066 0.00000 0.00000
Affinity: -6.29922 (kcal/mol)
CNNscore: 0.53591
CNNaffinity: 5.94634
CNNvariance: 0.12710
Intramolecular energy: -0.31131
Term values, before weighting:
## CHRNA7_encenicline__hybrid_A_face_seed20260825_ex32__pose10 67.98942 868.84515 2.27152 58.32504 0.00000 0.00000
Affinity: -6.16819 (kcal/mol)
CNNscore: 0.11091
CNNaffinity: 4.41179
CNNvariance: 0.34823
Intramolecular energy: -0.31468
Term values, before weighting:
## CHRNA7_encenicline__hybrid_A_face_seed20260825_ex32__pose11 47.51630 916.97064 0.57631 27.23565 0.00000 0.00000
Affinity: -6.11072 (kcal/mol)
CNNscore: 0.84505
CNNaffinity: 6.68461
CNNvariance: 0.24089
Intramolecular energy: -0.29078
Term values, before weighting:
## CHRNA7_encenicline__hybrid_A_face_seed20260825_ex32__pose12 67.21762 888.60303 1.53862 27.83857 0.28693 0.00000
Affinity: -6.04924 (kcal/mol)
CNNscore: 0.53668
CNNaffinity: 6.28382
CNNvariance: 0.63234
Intramolecular energy: -0.30484
Term values, before weighting:
## CHRNA7_encenicline__hybrid_A_face_seed20260825_ex32__pose13 65.60411 1070.59961 2.31613 20.07681 0.24572 0.00000
Affinity: -6.01565 (kcal/mol)
CNNscore: 0.07935
CNNaffinity: 3.93668
CNNvariance: 1.82527
Intramolecular energy: -0.32109
Term values, before weighting:
## CHRNA7_encenicline__hybrid_A_face_seed20260825_ex32__pose14 60.14394 1072.31482 2.99643 32.20418 0.74657 0.00000
Affinity: -6.01713 (kcal/mol)
CNNscore: 0.08178
CNNaffinity: 4.03198
CNNvariance: 0.67326
Intramolecular energy: -0.31253
Term values, before weighting:
## CHRNA7_encenicline__hybrid_A_face_seed20260825_ex32__pose15 39.67150 843.80029 0.40706 28.43498 0.51647 0.00000
Affinity: -5.97775 (kcal/mol)
CNNscore: 0.31956
CNNaffinity: 4.88131
CNNvariance: 0.45473
Intramolecular energy: -0.31454
Term values, before weighting:
## CHRNA7_encenicline__hybrid_A_face_seed20260825_ex32__pose16 62.40157 831.46936 0.91286 26.70328 0.00000 0.00000
Affinity: -6.01908 (kcal/mol)
CNNscore: 0.79256
CNNaffinity: 6.52121
CNNvariance: 0.25015
Intramolecular energy: -0.24646
Term values, before weighting:
## CHRNA7_encenicline__hybrid_A_face_seed20260825_ex32__pose17 69.43381 890.89752 1.69615 25.71744 0.31030 0.00000
Affinity: -6.13757 (kcal/mol)
CNNscore: 0.13522
CNNaffinity: 5.37661
CNNvariance: 0.13673
Intramolecular energy: -0.11520
Term values, before weighting:
## CHRNA7_encenicline__hybrid_A_face_seed20260825_ex32__pose18 77.19200 1149.71887 3.84559 40.26060 0.00000 0.00000
Affinity: -5.87557 (kcal/mol)
CNNscore: 0.25121
CNNaffinity: 5.10001
CNNvariance: 0.25083
Intramolecular energy: -0.30209
Term values, before weighting:
## CHRNA7_encenicline__hybrid_A_face_seed20260825_ex32__pose19 47.90847 921.50903 2.14668 54.47661 0.00000 0.00000
Affinity: -5.81864 (kcal/mol)
CNNscore: 0.12089
CNNaffinity: 3.96030
CNNvariance: 0.70818
Intramolecular energy: -0.29799
Term values, before weighting:
## CHRNA7_encenicline__hybrid_A_face_seed20260825_ex32__pose20 40.70616 796.41815 0.66326 22.44611 1.21625 0.00000
