2026-06-25T02:02:09Z [RUN] === Surveyor run started 2026-06-25T02:02:09Z ===
2026-06-25T02:02:12Z [VALUE] braak_condition_correlation = 0.9148
2026-06-25T02:02:12Z [WARN] inputs: gene_level_de_results.csv absent — expression pattern classification will be 'unavailable' (Layer 1 step15 not run)
2026-06-25T02:02:12Z [INFO] 10 genes, 10 candidates
2026-06-25T02:02:12Z [INFO] --- gene CAMK2B ---
2026-06-25T02:02:19Z [API] ensembl: HTTP 200 https://rest.ensembl.org/lookup/id/ENSG00000058404
2026-06-25T02:02:19Z [API] ensembl: HTTP 200 https://rest.ensembl.org/lookup/id/ENST00000395749
2026-06-25T02:02:20Z [API] ensembl: HTTP 200 https://rest.ensembl.org/sequence/id/ENST00000395749
2026-06-25T02:02:20Z [API] ensembl: HTTP 200 https://rest.ensembl.org/xrefs/id/ENSP00000379098
2026-06-25T02:02:21Z [API] ensembl: HTTP 200 https://rest.ensembl.org/lookup/id/ENST00000350811
2026-06-25T02:02:21Z [API] ensembl: HTTP 200 https://rest.ensembl.org/sequence/id/ENST00000350811
2026-06-25T02:02:22Z [API] ensembl: HTTP 200 https://rest.ensembl.org/xrefs/id/ENSP00000326375
2026-06-25T02:02:22Z [API] ensembl: HTTP 200 https://rest.ensembl.org/lookup/id/ENST00000440254
2026-06-25T02:02:22Z [API] ensembl: HTTP 200 https://rest.ensembl.org/sequence/id/ENST00000440254
2026-06-25T02:02:23Z [API] ensembl: HTTP 200 https://rest.ensembl.org/xrefs/id/ENSP00000397937
2026-06-25T02:02:23Z [INFO] M01 CAMK2B: 2 significant tx, comparator source(s): ['paired_hit'], canonical UniProt: Q13554
2026-06-25T02:02:24Z [API] uniprot: HTTP 200 https://rest.uniprot.org/uniprotkb/Q13554.json
2026-06-25T02:02:24Z [VERSION] uniprot version: 2011-05-31
2026-06-25T02:02:24Z [INFO] M02 CAMK2B (Q13554, reviewed): 78 features (3 pocket, 4 struct), 4 PDB (4 usable)
2026-06-25T02:02:26Z [API] chembl: HTTP 200 https://www.ebi.ac.uk/chembl/api/data/target/search
2026-06-25T02:02:27Z [API] chembl: HTTP 200 https://www.ebi.ac.uk/chembl/api/data/mechanism
2026-06-25T02:02:28Z [API] chembl: HTTP 200 https://www.ebi.ac.uk/chembl/api/data/activity
2026-06-25T02:02:28Z [API] chembl: HTTP 200 https://www.ebi.ac.uk/chembl/api/data/molecule/CHEMBL388978
2026-06-25T02:02:50Z [API] chembl: HTTP 200 https://www.ebi.ac.uk/chembl/api/data/molecule/CHEMBL608533
2026-06-25T02:03:10Z [API] chembl: HTTP 200 https://www.ebi.ac.uk/chembl/api/data/molecule/CHEMBL603469
2026-06-25T02:03:19Z [API] chembl: HTTP 200 https://www.ebi.ac.uk/chembl/api/data/molecule/CHEMBL1789941
2026-06-25T02:03:24Z [API] chembl: HTTP 200 https://www.ebi.ac.uk/chembl/api/data/molecule/CHEMBL379218
2026-06-25T02:03:31Z [API] chembl: HTTP 200 https://www.ebi.ac.uk/chembl/api/data/molecule/CHEMBL384304
2026-06-25T02:03:39Z [API] chembl: HTTP 200 https://www.ebi.ac.uk/chembl/api/data/molecule/CHEMBL1966628
2026-06-25T02:03:43Z [API] chembl: HTTP 200 https://www.ebi.ac.uk/chembl/api/data/molecule/CHEMBL1995813
2026-06-25T02:03:48Z [API] chembl: HTTP 200 https://www.ebi.ac.uk/chembl/api/data/molecule/CHEMBL1986943
2026-06-25T02:03:53Z [API] chembl: HTTP 200 https://www.ebi.ac.uk/chembl/api/data/molecule/CHEMBL1975128
2026-06-25T02:03:56Z [API] chembl: HTTP 200 https://www.ebi.ac.uk/chembl/api/data/molecule/CHEMBL1974870
2026-06-25T02:04:02Z [INFO] M04 CAMK2B (CHEMBL4121): 0 drugs (0 AD-direct), 11 docking candidates, status=known
2026-06-25T02:04:03Z [API] opentargets: HTTP 200 https://api.platform.opentargets.org/api/v4/graphql
2026-06-25T02:04:03Z [INFO] M05 CAMK2B: AD=0.067 (novel), specificity=3.478, genetic=n
2026-06-25T02:04:03Z [API] string: HTTP 200 https://string-db.org/api/json/interaction_partners
2026-06-25T02:04:05Z [API] reactome: HTTP 200 https://reactome.org/ContentService/data/mapping/UniProt/Q13554/pathways
2026-06-25T02:04:05Z [INFO] M06 CAMK2B: 20 STRING partners (1 AD-genes), 22 Reactome pathways (1 AD-relevant)
2026-06-25T02:04:05Z [INFO] --- gene CSRNP3 ---
2026-06-25T02:04:07Z [API] ensembl: HTTP 200 https://rest.ensembl.org/lookup/id/ENSG00000178662
2026-06-25T02:04:07Z [API] ensembl: HTTP 200 https://rest.ensembl.org/lookup/id/ENST00000651982
2026-06-25T02:04:07Z [API] ensembl: HTTP 200 https://rest.ensembl.org/sequence/id/ENST00000651982
2026-06-25T02:04:08Z [API] ensembl: HTTP 200 https://rest.ensembl.org/xrefs/id/ENSP00000498841
2026-06-25T02:04:08Z [API] ensembl: HTTP 200 https://rest.ensembl.org/lookup/id/ENST00000342316
2026-06-25T02:04:09Z [API] ensembl: HTTP 200 https://rest.ensembl.org/sequence/id/ENST00000342316
2026-06-25T02:04:09Z [API] ensembl: HTTP 200 https://rest.ensembl.org/xrefs/id/ENSP00000344042
2026-06-25T02:04:09Z [INFO] M01 CSRNP3: 1 significant tx, comparator source(s): ['mane_select'], canonical UniProt: Q8WYN3
2026-06-25T02:04:10Z [API] uniprot: HTTP 200 https://rest.uniprot.org/uniprotkb/Q8WYN3.json
2026-06-25T02:04:10Z [VERSION] uniprot version: 2002-03-01
2026-06-25T02:04:10Z [INFO] M02 CSRNP3 (Q8WYN3, reviewed): 11 features (0 pocket, 2 struct), 0 PDB (0 usable)
2026-06-25T02:04:11Z [API] chembl: HTTP 200 https://www.ebi.ac.uk/chembl/api/data/target/search
2026-06-25T02:04:11Z [INFO] M04 CSRNP3: no human ChEMBL target — novel
2026-06-25T02:04:12Z [API] opentargets: HTTP 200 https://api.platform.opentargets.org/api/v4/graphql
2026-06-25T02:04:12Z [INFO] M05 CSRNP3: AD=0.004 (novel), specificity=None, genetic=n
2026-06-25T02:04:12Z [API] string: HTTP 200 https://string-db.org/api/json/interaction_partners
2026-06-25T02:04:13Z [ERROR] reactome: non-retryable response for https://reactome.org/ContentService/data/mapping/UniProt/Q8WYN3/pathways (HTTP 404)
2026-06-25T02:04:13Z [WARN] reactome: Q8WYN3: HTTP 404 for https://reactome.org/ContentService/data/mapping/UniProt/Q8WYN3/pathways
2026-06-25T02:04:13Z [INFO] M06 CSRNP3: 0 STRING partners (0 AD-genes), 0 Reactome pathways (0 AD-relevant)
2026-06-25T02:04:13Z [INFO] --- gene DDX5 ---
2026-06-25T02:04:16Z [API] ensembl: HTTP 200 https://rest.ensembl.org/lookup/id/ENSG00000108654
2026-06-25T02:04:17Z [API] ensembl: HTTP 200 https://rest.ensembl.org/lookup/id/ENST00000225792
2026-06-25T02:04:17Z [API] ensembl: HTTP 200 https://rest.ensembl.org/sequence/id/ENST00000225792
2026-06-25T02:04:17Z [API] ensembl: HTTP 200 https://rest.ensembl.org/xrefs/id/ENSP00000225792
2026-06-25T02:04:18Z [API] ensembl: HTTP 200 https://rest.ensembl.org/lookup/id/ENST00000579461
2026-06-25T02:04:18Z [INFO] M01 DDX5: 1 significant tx, comparator source(s): ['mane_select'], canonical UniProt: P17844
2026-06-25T02:04:18Z [API] uniprot: HTTP 200 https://rest.uniprot.org/uniprotkb/P17844.json
2026-06-25T02:04:18Z [VERSION] uniprot version: 1990-08-01
2026-06-25T02:04:18Z [INFO] M02 DDX5 (P17844, reviewed): 65 features (3 pocket, 7 struct), 2 PDB (2 usable)
2026-06-25T02:04:18Z [API] chembl: HTTP 200 https://www.ebi.ac.uk/chembl/api/data/target/search
2026-06-25T02:04:19Z [API] chembl: HTTP 200 https://www.ebi.ac.uk/chembl/api/data/mechanism
2026-06-25T02:04:19Z [API] chembl: HTTP 200 https://www.ebi.ac.uk/chembl/api/data/activity
2026-06-25T02:04:19Z [API] chembl: HTTP 200 https://www.ebi.ac.uk/chembl/api/data/molecule/CHEMBL307794
2026-06-25T02:04:25Z [API] chembl: HTTP 200 https://www.ebi.ac.uk/chembl/api/data/molecule/CHEMBL5653589
2026-06-25T02:04:34Z [API] chembl: HTTP 200 https://www.ebi.ac.uk/chembl/api/data/molecule/CHEMBL1232461
2026-06-25T02:04:43Z [INFO] M04 DDX5 (CHEMBL4295722): 0 drugs (0 AD-direct), 3 docking candidates, status=known
2026-06-25T02:04:43Z [API] opentargets: HTTP 200 https://api.platform.opentargets.org/api/v4/graphql
2026-06-25T02:04:43Z [INFO] M05 DDX5: AD=0.048 (novel), specificity=16.383, genetic=n
2026-06-25T02:04:44Z [API] string: HTTP 200 https://string-db.org/api/json/interaction_partners
2026-06-25T02:04:45Z [API] reactome: HTTP 200 https://reactome.org/ContentService/data/mapping/UniProt/P17844/pathways
2026-06-25T02:04:45Z [INFO] M06 DDX5: 20 STRING partners (0 AD-genes), 7 Reactome pathways (0 AD-relevant)
2026-06-25T02:04:45Z [INFO] --- gene EIF4G2 ---
2026-06-25T02:04:48Z [API] ensembl: HTTP 200 https://rest.ensembl.org/lookup/id/ENSG00000110321
2026-06-25T02:04:48Z [API] ensembl: HTTP 200 https://rest.ensembl.org/lookup/id/ENST00000339995
2026-06-25T02:04:49Z [API] ensembl: HTTP 200 https://rest.ensembl.org/sequence/id/ENST00000339995
2026-06-25T02:04:49Z [API] ensembl: HTTP 200 https://rest.ensembl.org/xrefs/id/ENSP00000340281
2026-06-25T02:04:49Z [API] ensembl: HTTP 200 https://rest.ensembl.org/lookup/id/ENST00000526148
2026-06-25T02:04:50Z [API] ensembl: HTTP 200 https://rest.ensembl.org/sequence/id/ENST00000526148
2026-06-25T02:04:50Z [API] ensembl: HTTP 200 https://rest.ensembl.org/xrefs/id/ENSP00000433664
2026-06-25T02:04:50Z [INFO] M01 EIF4G2: 1 significant tx, comparator source(s): ['mane_select'], canonical UniProt: P78344
2026-06-25T02:04:51Z [API] uniprot: HTTP 200 https://rest.uniprot.org/uniprotkb/P78344.json
2026-06-25T02:04:51Z [VERSION] uniprot version: 1997-05-01
2026-06-25T02:04:51Z [INFO] M02 EIF4G2 (P78344, reviewed): 78 features (0 pocket, 5 struct), 4 PDB (4 usable)
2026-06-25T02:04:53Z [API] chembl: HTTP 200 https://www.ebi.ac.uk/chembl/api/data/target/search
2026-06-25T02:04:53Z [API] chembl: HTTP 200 https://www.ebi.ac.uk/chembl/api/data/mechanism
2026-06-25T02:04:53Z [API] chembl: HTTP 200 https://www.ebi.ac.uk/chembl/api/data/activity
2026-06-25T02:04:53Z [INFO] M04 EIF4G2 (CHEMBL6067400): 0 drugs (0 AD-direct), 0 docking candidates, status=novel
2026-06-25T02:04:54Z [API] opentargets: HTTP 200 https://api.platform.opentargets.org/api/v4/graphql
2026-06-25T02:04:54Z [INFO] M05 EIF4G2: AD=0.010 (novel), specificity=0.942, genetic=n
2026-06-25T02:04:54Z [API] string: HTTP 200 https://string-db.org/api/json/interaction_partners
2026-06-25T02:04:56Z [API] reactome: HTTP 200 https://reactome.org/ContentService/data/mapping/UniProt/P78344/pathways
2026-06-25T02:04:56Z [INFO] M06 EIF4G2: 20 STRING partners (0 AD-genes), 2 Reactome pathways (0 AD-relevant)
2026-06-25T02:04:56Z [INFO] --- gene GRIA2 ---
2026-06-25T02:04:57Z [API] ensembl: HTTP 200 https://rest.ensembl.org/lookup/id/ENSG00000120251
2026-06-25T02:04:58Z [API] ensembl: HTTP 200 https://rest.ensembl.org/lookup/id/ENST00000264426
2026-06-25T02:04:58Z [API] ensembl: HTTP 200 https://rest.ensembl.org/sequence/id/ENST00000264426
2026-06-25T02:04:58Z [API] ensembl: HTTP 200 https://rest.ensembl.org/xrefs/id/ENSP00000264426
2026-06-25T02:04:59Z [API] ensembl: HTTP 200 https://rest.ensembl.org/lookup/id/ENST00000703762
2026-06-25T02:04:59Z [INFO] M01 GRIA2: 1 significant tx, comparator source(s): ['mane_select'], canonical UniProt: P42262
2026-06-25T02:04:59Z [API] uniprot: HTTP 200 https://rest.uniprot.org/uniprotkb/P42262.json
2026-06-25T02:04:59Z [VERSION] uniprot version: 2002-10-10
2026-06-25T02:04:59Z [INFO] M02 GRIA2 (P42262, reviewed): 123 features (6 pocket, 1 struct), 16 PDB (15 usable)
2026-06-25T02:05:01Z [API] chembl: HTTP 200 https://www.ebi.ac.uk/chembl/api/data/target/search
2026-06-25T02:05:01Z [API] chembl: HTTP 200 https://www.ebi.ac.uk/chembl/api/data/mechanism
2026-06-25T02:05:02Z [API] chembl: HTTP 200 https://www.ebi.ac.uk/chembl/api/data/molecule/CHEMBL61872
2026-06-25T02:05:02Z [API] chembl: HTTP 200 https://www.ebi.ac.uk/chembl/api/data/drug_indication
2026-06-25T02:05:03Z [API] chembl: HTTP 200 https://www.ebi.ac.uk/chembl/api/data/activity
2026-06-25T02:05:03Z [API] chembl: HTTP 200 https://www.ebi.ac.uk/chembl/api/data/molecule/CHEMBL222519
2026-06-25T02:05:05Z [API] chembl: HTTP 200 https://www.ebi.ac.uk/chembl/api/data/molecule/CHEMBL575060
2026-06-25T02:05:06Z [API] chembl: HTTP 200 https://www.ebi.ac.uk/chembl/api/data/molecule/CHEMBL121553
2026-06-25T02:05:07Z [API] chembl: HTTP 200 https://www.ebi.ac.uk/chembl/api/data/molecule/CHEMBL122005
2026-06-25T02:05:09Z [API] chembl: HTTP 200 https://www.ebi.ac.uk/chembl/api/data/molecule/CHEMBL122656
2026-06-25T02:05:10Z [API] chembl: HTTP 200 https://www.ebi.ac.uk/chembl/api/data/molecule/CHEMBL120808
2026-06-25T02:05:12Z [API] chembl: HTTP 200 https://www.ebi.ac.uk/chembl/api/data/molecule/CHEMBL331696
2026-06-25T02:05:13Z [API] chembl: HTTP 200 https://www.ebi.ac.uk/chembl/api/data/molecule/CHEMBL123132
2026-06-25T02:05:14Z [API] chembl: HTTP 200 https://www.ebi.ac.uk/chembl/api/data/molecule/CHEMBL121915
2026-06-25T02:05:15Z [API] chembl: HTTP 200 https://www.ebi.ac.uk/chembl/api/data/molecule/CHEMBL331644
2026-06-25T02:05:16Z [API] chembl: HTTP 200 https://www.ebi.ac.uk/chembl/api/data/molecule/CHEMBL333964
2026-06-25T02:05:18Z [API] chembl: HTTP 200 https://www.ebi.ac.uk/chembl/api/data/molecule/CHEMBL121191
2026-06-25T02:05:19Z [API] chembl: HTTP 200 https://www.ebi.ac.uk/chembl/api/data/molecule/CHEMBL276815
2026-06-25T02:05:21Z [API] chembl: HTTP 200 https://www.ebi.ac.uk/chembl/api/data/molecule/CHEMBL121388
2026-06-25T02:05:22Z [API] chembl: HTTP 200 https://www.ebi.ac.uk/chembl/api/data/molecule/CHEMBL72366
2026-06-25T02:05:23Z [API] chembl: HTTP 200 https://www.ebi.ac.uk/chembl/api/data/molecule/CHEMBL13378
2026-06-25T02:05:24Z [API] chembl: HTTP 200 https://www.ebi.ac.uk/chembl/api/data/molecule/CHEMBL73698
2026-06-25T02:05:25Z [API] chembl: HTTP 200 https://www.ebi.ac.uk/chembl/api/data/molecule/CHEMBL370038
2026-06-25T02:05:27Z [API] chembl: HTTP 200 https://www.ebi.ac.uk/chembl/api/data/molecule/CHEMBL370941
2026-06-25T02:05:29Z [API] chembl: HTTP 200 https://www.ebi.ac.uk/chembl/api/data/molecule/CHEMBL402444
2026-06-25T02:05:30Z [API] chembl: HTTP 200 https://www.ebi.ac.uk/chembl/api/data/molecule/CHEMBL429594
2026-06-25T02:05:31Z [API] chembl: HTTP 200 https://www.ebi.ac.uk/chembl/api/data/molecule/CHEMBL154535
2026-06-25T02:05:32Z [API] chembl: HTTP 200 https://www.ebi.ac.uk/chembl/api/data/molecule/CHEMBL2092841
2026-06-25T02:05:33Z [API] chembl: HTTP 200 https://www.ebi.ac.uk/chembl/api/data/molecule/CHEMBL3088070
2026-06-25T02:05:40Z [API] chembl: HTTP 200 https://www.ebi.ac.uk/chembl/api/data/molecule/CHEMBL3088060
2026-06-25T02:05:44Z [API] chembl: HTTP 200 https://www.ebi.ac.uk/chembl/api/data/molecule/CHEMBL2441067
2026-06-25T02:05:46Z [INFO] M04 GRIA2 (CHEMBL4016): 1 drugs (0 AD-direct), 26 docking candidates, status=known
2026-06-25T02:05:46Z [API] opentargets: HTTP 200 https://api.platform.opentargets.org/api/v4/graphql
2026-06-25T02:05:46Z [INFO] M05 GRIA2: AD=0.133 (emerging), specificity=0.695, genetic=n
2026-06-25T02:05:47Z [API] string: HTTP 200 https://string-db.org/api/json/interaction_partners
2026-06-25T02:05:48Z [API] reactome: HTTP 200 https://reactome.org/ContentService/data/mapping/UniProt/P42262/pathways
2026-06-25T02:05:48Z [INFO] M06 GRIA2: 20 STRING partners (0 AD-genes), 5 Reactome pathways (1 AD-relevant)
2026-06-25T02:05:48Z [INFO] --- gene KLC1 ---
2026-06-25T02:05:52Z [API] ensembl: HTTP 200 https://rest.ensembl.org/lookup/id/ENSG00000126214
2026-06-25T02:05:52Z [API] ensembl: HTTP 200 https://rest.ensembl.org/lookup/id/ENST00000334553
2026-06-25T02:05:53Z [API] ensembl: HTTP 200 https://rest.ensembl.org/sequence/id/ENST00000334553
2026-06-25T02:05:53Z [API] ensembl: HTTP 200 https://rest.ensembl.org/xrefs/id/ENSP00000334523
2026-06-25T02:05:54Z [API] ensembl: HTTP 200 https://rest.ensembl.org/lookup/id/ENST00000445352
2026-06-25T02:05:54Z [API] ensembl: HTTP 200 https://rest.ensembl.org/sequence/id/ENST00000445352
2026-06-25T02:05:54Z [API] ensembl: HTTP 200 https://rest.ensembl.org/xrefs/id/ENSP00000412693
2026-06-25T02:05:54Z [INFO] M01 KLC1: 1 significant tx, comparator source(s): ['mane_select'], canonical UniProt: Q07866
2026-06-25T02:05:55Z [API] uniprot: HTTP 200 https://rest.uniprot.org/uniprotkb/Q07866.json
2026-06-25T02:05:55Z [VERSION] uniprot version: 2009-02-10
2026-06-25T02:05:55Z [INFO] M02 KLC1 (Q07866, reviewed): 54 features (0 pocket, 9 struct), 4 PDB (4 usable)
2026-06-25T02:05:56Z [API] chembl: HTTP 200 https://www.ebi.ac.uk/chembl/api/data/target/search
2026-06-25T02:05:56Z [INFO] M04 KLC1: no human ChEMBL target — novel
2026-06-25T02:05:56Z [API] opentargets: HTTP 200 https://api.platform.opentargets.org/api/v4/graphql
2026-06-25T02:05:56Z [INFO] M05 KLC1: AD=0.208 (emerging), specificity=10.363, genetic=Y
2026-06-25T02:05:56Z [API] string: HTTP 200 https://string-db.org/api/json/interaction_partners
2026-06-25T02:05:57Z [API] reactome: HTTP 200 https://reactome.org/ContentService/data/mapping/UniProt/Q07866/pathways
2026-06-25T02:05:57Z [INFO] M06 KLC1: 20 STRING partners (3 AD-genes), 5 Reactome pathways (0 AD-relevant)
2026-06-25T02:05:57Z [INFO] --- gene MGRN1 ---
2026-06-25T02:05:59Z [API] ensembl: HTTP 200 https://rest.ensembl.org/lookup/id/ENSG00000102858
2026-06-25T02:05:59Z [API] ensembl: HTTP 200 https://rest.ensembl.org/lookup/id/ENST00000262370
2026-06-25T02:06:00Z [API] ensembl: HTTP 200 https://rest.ensembl.org/sequence/id/ENST00000262370
2026-06-25T02:06:00Z [API] ensembl: HTTP 200 https://rest.ensembl.org/xrefs/id/ENSP00000262370
2026-06-25T02:06:00Z [API] ensembl: HTTP 200 https://rest.ensembl.org/lookup/id/ENST00000399577
2026-06-25T02:06:01Z [API] ensembl: HTTP 200 https://rest.ensembl.org/sequence/id/ENST00000399577
2026-06-25T02:06:01Z [API] ensembl: HTTP 200 https://rest.ensembl.org/xrefs/id/ENSP00000382487
2026-06-25T02:06:01Z [API] ensembl: HTTP 200 https://rest.ensembl.org/lookup/id/ENST00000415496
2026-06-25T02:06:02Z [API] ensembl: HTTP 200 https://rest.ensembl.org/sequence/id/ENST00000415496
2026-06-25T02:06:03Z [API] ensembl: HTTP 200 https://rest.ensembl.org/xrefs/id/ENSP00000393311
2026-06-25T02:06:03Z [INFO] M01 MGRN1: 2 significant tx, comparator source(s): ['paired_hit'], canonical UniProt: O60291
2026-06-25T02:06:03Z [API] uniprot: HTTP 200 https://rest.uniprot.org/uniprotkb/O60291.json
2026-06-25T02:06:03Z [VERSION] uniprot version: 2006-07-25
2026-06-25T02:06:03Z [INFO] M02 MGRN1 (O60291, reviewed): 18 features (0 pocket, 4 struct), 0 PDB (0 usable)
2026-06-25T02:06:03Z [API] chembl: HTTP 200 https://www.ebi.ac.uk/chembl/api/data/target/search
2026-06-25T02:06:03Z [INFO] M04 MGRN1: no human ChEMBL target — novel
2026-06-25T02:06:03Z [API] opentargets: HTTP 200 https://api.platform.opentargets.org/api/v4/graphql
2026-06-25T02:06:03Z [INFO] M05 MGRN1: AD=0.009 (novel), specificity=0.374, genetic=n
2026-06-25T02:06:04Z [API] string: HTTP 200 https://string-db.org/api/json/interaction_partners
2026-06-25T02:06:04Z [WARN] reactome: HTTP 500 on https://reactome.org/ContentService/data/mapping/UniProt/O60291/pathways (attempt 1/3)
2026-06-25T02:06:10Z [API] reactome: HTTP 200 https://reactome.org/ContentService/data/mapping/UniProt/O60291/pathways
2026-06-25T02:06:10Z [INFO] M06 MGRN1: 8 STRING partners (0 AD-genes), 1 Reactome pathways (0 AD-relevant)
2026-06-25T02:06:10Z [INFO] --- gene NTRK2 ---
2026-06-25T02:06:12Z [API] ensembl: HTTP 200 https://rest.ensembl.org/lookup/id/ENSG00000148053
2026-06-25T02:06:12Z [API] ensembl: HTTP 200 https://rest.ensembl.org/lookup/id/ENST00000277120
2026-06-25T02:06:13Z [API] ensembl: HTTP 200 https://rest.ensembl.org/sequence/id/ENST00000277120
2026-06-25T02:06:13Z [API] ensembl: HTTP 200 https://rest.ensembl.org/xrefs/id/ENSP00000277120
2026-06-25T02:06:14Z [API] ensembl: HTTP 200 https://rest.ensembl.org/lookup/id/ENST00000689651
2026-06-25T02:06:14Z [INFO] M01 NTRK2: 1 significant tx, comparator source(s): ['mane_select'], canonical UniProt: Q16620
2026-06-25T02:06:14Z [API] uniprot: HTTP 200 https://rest.uniprot.org/uniprotkb/Q16620.json
2026-06-25T02:06:14Z [VERSION] uniprot version: 1996-11-01
2026-06-25T02:06:14Z [INFO] M02 NTRK2 (Q16620, reviewed): 109 features (6 pocket, 9 struct), 9 PDB (7 usable)
2026-06-25T02:06:14Z [API] chembl: HTTP 200 https://www.ebi.ac.uk/chembl/api/data/target/search
2026-06-25T02:06:15Z [API] chembl: HTTP 200 https://www.ebi.ac.uk/chembl/api/data/mechanism
2026-06-25T02:06:15Z [API] chembl: HTTP 200 https://www.ebi.ac.uk/chembl/api/data/molecule/CHEMBL3659497
2026-06-25T02:06:15Z [API] chembl: HTTP 200 https://www.ebi.ac.uk/chembl/api/data/drug_indication
2026-06-25T02:06:16Z [API] chembl: HTTP 200 https://www.ebi.ac.uk/chembl/api/data/molecule/CHEMBL3545381
2026-06-25T02:06:16Z [API] chembl: HTTP 200 https://www.ebi.ac.uk/chembl/api/data/drug_indication
2026-06-25T02:06:16Z [CACHE] chembl: HTTP cache https://www.ebi.ac.uk/chembl/api/data/molecule/CHEMBL603469
2026-06-25T02:06:16Z [API] chembl: HTTP 200 https://www.ebi.ac.uk/chembl/api/data/drug_indication
2026-06-25T02:06:16Z [API] chembl: HTTP 200 https://www.ebi.ac.uk/chembl/api/data/molecule/CHEMBL4298138
2026-06-25T02:06:17Z [API] chembl: HTTP 200 https://www.ebi.ac.uk/chembl/api/data/drug_indication
2026-06-25T02:06:18Z [API] chembl: HTTP 200 https://www.ebi.ac.uk/chembl/api/data/activity
2026-06-25T02:06:18Z [API] chembl: HTTP 200 https://www.ebi.ac.uk/chembl/api/data/molecule/CHEMBL574738
2026-06-25T02:06:33Z [API] chembl: HTTP 200 https://www.ebi.ac.uk/chembl/api/data/molecule/CHEMBL103667
2026-06-25T02:06:50Z [API] chembl: HTTP 200 https://www.ebi.ac.uk/chembl/api/data/molecule/CHEMBL522892
2026-06-25T02:06:58Z [API] chembl: HTTP 200 https://www.ebi.ac.uk/chembl/api/data/molecule/CHEMBL261849
2026-06-25T02:07:04Z [API] chembl: HTTP 200 https://www.ebi.ac.uk/chembl/api/data/molecule/CHEMBL124660
2026-06-25T02:07:25Z [CACHE] chembl: HTTP cache https://www.ebi.ac.uk/chembl/api/data/molecule/CHEMBL608533
2026-06-25T02:07:44Z [CACHE] chembl: HTTP cache https://www.ebi.ac.uk/chembl/api/data/molecule/CHEMBL388978
2026-06-25T02:07:59Z [API] chembl: HTTP 200 https://www.ebi.ac.uk/chembl/api/data/molecule/CHEMBL1721885
2026-06-25T02:08:11Z [API] chembl: HTTP 200 https://www.ebi.ac.uk/chembl/api/data/molecule/CHEMBL535
2026-06-25T02:08:19Z [API] chembl: HTTP 200 https://www.ebi.ac.uk/chembl/api/data/molecule/CHEMBL572878
2026-06-25T02:08:29Z [API] chembl: HTTP 200 https://www.ebi.ac.uk/chembl/api/data/molecule/CHEMBL576982
2026-06-25T02:08:46Z [CACHE] chembl: HTTP cache https://www.ebi.ac.uk/chembl/api/data/molecule/CHEMBL603469
2026-06-25T02:08:56Z [API] chembl: HTTP 200 https://www.ebi.ac.uk/chembl/api/data/molecule/CHEMBL450786
2026-06-25T02:09:20Z [API] chembl: HTTP 200 https://www.ebi.ac.uk/chembl/api/data/molecule/CHEMBL601719
2026-06-25T02:09:28Z [CACHE] chembl: HTTP cache https://www.ebi.ac.uk/chembl/api/data/molecule/CHEMBL1789941
2026-06-25T02:09:34Z [API] chembl: HTTP 200 https://www.ebi.ac.uk/chembl/api/data/molecule/CHEMBL509032
2026-06-25T02:09:54Z [API] chembl: HTTP 200 https://www.ebi.ac.uk/chembl/api/data/molecule/CHEMBL1908395
2026-06-25T02:10:00Z [API] chembl: HTTP 200 https://www.ebi.ac.uk/chembl/api/data/molecule/CHEMBL502835
2026-06-25T02:10:16Z [API] chembl: HTTP 200 https://www.ebi.ac.uk/chembl/api/data/molecule/CHEMBL1230609
2026-06-25T02:10:36Z [API] chembl: HTTP 200 https://www.ebi.ac.uk/chembl/api/data/molecule/CHEMBL1908397
2026-06-25T02:10:40Z [API] chembl: HTTP 200 https://www.ebi.ac.uk/chembl/api/data/molecule/CHEMBL475251
2026-06-25T02:10:48Z [API] chembl: HTTP 200 https://www.ebi.ac.uk/chembl/api/data/molecule/CHEMBL255863
2026-06-25T02:10:59Z [API] chembl: HTTP 200 https://www.ebi.ac.uk/chembl/api/data/molecule/CHEMBL2001398
2026-06-25T02:11:05Z [API] chembl: HTTP 200 https://www.ebi.ac.uk/chembl/api/data/molecule/CHEMBL213505
2026-06-25T02:11:11Z [API] chembl: HTTP 200 https://www.ebi.ac.uk/chembl/api/data/molecule/CHEMBL1987034
2026-06-25T02:11:15Z [API] chembl: HTTP 200 https://www.ebi.ac.uk/chembl/api/data/molecule/CHEMBL1993941
2026-06-25T02:11:26Z [API] chembl: HTTP 200 https://www.ebi.ac.uk/chembl/api/data/molecule/CHEMBL2005886
2026-06-25T02:11:37Z [API] chembl: HTTP 200 https://www.ebi.ac.uk/chembl/api/data/molecule/CHEMBL1980407
2026-06-25T02:11:45Z [CACHE] chembl: HTTP cache https://www.ebi.ac.uk/chembl/api/data/molecule/CHEMBL1986943
2026-06-25T02:11:49Z [API] chembl: HTTP 200 https://www.ebi.ac.uk/chembl/api/data/molecule/CHEMBL1970142
2026-06-25T02:12:03Z [API] chembl: HTTP 200 https://www.ebi.ac.uk/chembl/api/data/molecule/CHEMBL223360
2026-06-25T02:12:10Z [API] chembl: HTTP 200 https://www.ebi.ac.uk/chembl/api/data/molecule/CHEMBL1983348
2026-06-25T02:12:16Z [API] chembl: HTTP 200 https://www.ebi.ac.uk/chembl/api/data/molecule/CHEMBL2002649
2026-06-25T02:12:17Z [API] chembl: HTTP 200 https://www.ebi.ac.uk/chembl/api/data/molecule/CHEMBL1985367
2026-06-25T02:12:20Z [INFO] M04 NTRK2 (CHEMBL4898): 4 drugs (0 AD-direct), 34 docking candidates, status=known
2026-06-25T02:12:20Z [API] opentargets: HTTP 200 https://api.platform.opentargets.org/api/v4/graphql
2026-06-25T02:12:20Z [INFO] M05 NTRK2: AD=0.124 (emerging), specificity=1.818, genetic=Y
2026-06-25T02:12:21Z [API] string: HTTP 200 https://string-db.org/api/json/interaction_partners
2026-06-25T02:12:22Z [API] reactome: HTTP 200 https://reactome.org/ContentService/data/mapping/UniProt/Q16620/pathways
2026-06-25T02:12:22Z [INFO] M06 NTRK2: 20 STRING partners (0 AD-genes), 14 Reactome pathways (0 AD-relevant)
2026-06-25T02:12:22Z [INFO] --- gene RGS7 ---
2026-06-25T02:12:25Z [API] ensembl: HTTP 200 https://rest.ensembl.org/lookup/id/ENSG00000182901
2026-06-25T02:12:25Z [API] ensembl: HTTP 200 https://rest.ensembl.org/lookup/id/ENST00000440928
2026-06-25T02:12:26Z [API] ensembl: HTTP 200 https://rest.ensembl.org/sequence/id/ENST00000440928
2026-06-25T02:12:26Z [API] ensembl: HTTP 200 https://rest.ensembl.org/xrefs/id/ENSP00000404399
2026-06-25T02:12:27Z [API] ensembl: HTTP 200 https://rest.ensembl.org/lookup/id/ENST00000366564
2026-06-25T02:12:27Z [API] ensembl: HTTP 200 https://rest.ensembl.org/sequence/id/ENST00000366564
2026-06-25T02:12:28Z [API] ensembl: HTTP 200 https://rest.ensembl.org/xrefs/id/ENSP00000355522
2026-06-25T02:12:28Z [INFO] M01 RGS7: 1 significant tx, comparator source(s): ['mane_select'], canonical UniProt: P49802
2026-06-25T02:12:29Z [API] uniprot: HTTP 200 https://rest.uniprot.org/uniprotkb/P49802.json
2026-06-25T02:12:29Z [VERSION] uniprot version: 2001-10-18
2026-06-25T02:12:29Z [INFO] M02 RGS7 (P49802, reviewed): 54 features (0 pocket, 4 struct), 5 PDB (2 usable)
2026-06-25T02:12:30Z [API] chembl: HTTP 200 https://www.ebi.ac.uk/chembl/api/data/target/search
2026-06-25T02:12:30Z [INFO] M04 RGS7: no human ChEMBL target — novel
2026-06-25T02:12:30Z [API] opentargets: HTTP 200 https://api.platform.opentargets.org/api/v4/graphql
2026-06-25T02:12:30Z [INFO] M05 RGS7: AD=0.034 (novel), specificity=19.964, genetic=n
2026-06-25T02:12:31Z [API] string: HTTP 200 https://string-db.org/api/json/interaction_partners
2026-06-25T02:12:32Z [API] reactome: HTTP 200 https://reactome.org/ContentService/data/mapping/UniProt/P49802/pathways
2026-06-25T02:12:32Z [INFO] M06 RGS7: 20 STRING partners (0 AD-genes), 2 Reactome pathways (0 AD-relevant)
2026-06-25T02:12:32Z [INFO] --- gene RHOT1 ---
2026-06-25T02:12:34Z [API] ensembl: HTTP 200 https://rest.ensembl.org/lookup/id/ENSG00000126858
2026-06-25T02:12:34Z [API] ensembl: HTTP 200 https://rest.ensembl.org/lookup/id/ENST00000545287
2026-06-25T02:12:35Z [API] ensembl: HTTP 200 https://rest.ensembl.org/sequence/id/ENST00000545287
2026-06-25T02:12:35Z [API] ensembl: HTTP 200 https://rest.ensembl.org/xrefs/id/ENSP00000439737
2026-06-25T02:12:35Z [WARN] RHOT1: significant transcript is itself the MANE Select — using highest-expressed control transcript RHOT1-201 as comparator
2026-06-25T02:12:36Z [API] ensembl: HTTP 200 https://rest.ensembl.org/lookup/id/ENST00000333942
2026-06-25T02:12:36Z [API] ensembl: HTTP 200 https://rest.ensembl.org/sequence/id/ENST00000333942
2026-06-25T02:12:37Z [API] ensembl: HTTP 200 https://rest.ensembl.org/xrefs/id/ENSP00000334724
2026-06-25T02:12:37Z [INFO] M01 RHOT1: 1 significant tx, comparator source(s): ['highest_ctrl'], canonical UniProt: Q8IXI2
2026-06-25T02:12:37Z [API] uniprot: HTTP 200 https://rest.uniprot.org/uniprotkb/Q8IXI2.json
2026-06-25T02:12:37Z [VERSION] uniprot version: 2006-06-13
2026-06-25T02:12:37Z [INFO] M02 RHOT1 (Q8IXI2, reviewed): 145 features (51 pocket, 4 struct), 8 PDB (7 usable)
2026-06-25T02:12:37Z [API] chembl: HTTP 200 https://www.ebi.ac.uk/chembl/api/data/target/search
2026-06-25T02:12:37Z [INFO] M04 RHOT1: no human ChEMBL target — novel
2026-06-25T02:12:38Z [API] opentargets: HTTP 200 https://api.platform.opentargets.org/api/v4/graphql
2026-06-25T02:12:38Z [INFO] M05 RHOT1: AD=0.016 (novel), specificity=0.221, genetic=n
2026-06-25T02:12:38Z [API] string: HTTP 200 https://string-db.org/api/json/interaction_partners
2026-06-25T02:12:39Z [API] reactome: HTTP 200 https://reactome.org/ContentService/data/mapping/UniProt/Q8IXI2/pathways
2026-06-25T02:12:39Z [INFO] M06 RHOT1: 20 STRING partners (0 AD-genes), 2 Reactome pathways (0 AD-relevant)
2026-06-25T02:12:40Z [API] gtex: HTTP 200 https://gtexportal.org/api/v2/reference/gene
2026-06-25T02:12:41Z [API] gtex: HTTP 200 https://gtexportal.org/api/v2/expression/medianGeneExpression
2026-06-25T02:12:41Z [INFO] M07 CAMK2B/Excitatory_neuron: 2 tx profiled, comparator_in_pb=True, pattern=unavailable, BSI=3.55
2026-06-25T02:12:42Z [API] gtex: HTTP 200 https://gtexportal.org/api/v2/reference/gene
2026-06-25T02:12:43Z [API] gtex: HTTP 200 https://gtexportal.org/api/v2/expression/medianGeneExpression
2026-06-25T02:12:43Z [INFO] M07 CSRNP3/Excitatory_neuron: 1 tx profiled, comparator_in_pb=False, pattern=unavailable, BSI=2.28
2026-06-25T02:12:43Z [API] gtex: HTTP 200 https://gtexportal.org/api/v2/reference/gene
2026-06-25T02:12:44Z [API] gtex: HTTP 200 https://gtexportal.org/api/v2/expression/medianGeneExpression
2026-06-25T02:12:44Z [INFO] M07 DDX5/Astrocyte: 2 tx profiled, comparator_in_pb=True, pattern=unavailable, BSI=0.45
2026-06-25T02:12:45Z [API] gtex: HTTP 200 https://gtexportal.org/api/v2/reference/gene
2026-06-25T02:12:45Z [API] gtex: HTTP 200 https://gtexportal.org/api/v2/expression/medianGeneExpression
2026-06-25T02:12:45Z [INFO] M07 EIF4G2/Excitatory_neuron: 2 tx profiled, comparator_in_pb=True, pattern=unavailable, BSI=0.64
2026-06-25T02:12:46Z [API] gtex: HTTP 200 https://gtexportal.org/api/v2/reference/gene
2026-06-25T02:12:46Z [API] gtex: HTTP 200 https://gtexportal.org/api/v2/expression/medianGeneExpression
2026-06-25T02:12:46Z [INFO] M07 GRIA2/Excitatory_neuron: 2 tx profiled, comparator_in_pb=True, pattern=unavailable, BSI=3.48
2026-06-25T02:12:47Z [API] gtex: HTTP 200 https://gtexportal.org/api/v2/reference/gene
2026-06-25T02:12:47Z [API] gtex: HTTP 200 https://gtexportal.org/api/v2/expression/medianGeneExpression
2026-06-25T02:12:47Z [INFO] M07 KLC1/Excitatory_neuron: 1 tx profiled, comparator_in_pb=False, pattern=unavailable, BSI=1.88
2026-06-25T02:12:48Z [API] gtex: HTTP 200 https://gtexportal.org/api/v2/reference/gene
2026-06-25T02:12:49Z [API] gtex: HTTP 200 https://gtexportal.org/api/v2/expression/medianGeneExpression
2026-06-25T02:12:49Z [INFO] M07 MGRN1/Excitatory_neuron: 2 tx profiled, comparator_in_pb=True, pattern=unavailable, BSI=1.03
2026-06-25T02:12:49Z [API] gtex: HTTP 200 https://gtexportal.org/api/v2/reference/gene
2026-06-25T02:12:50Z [API] gtex: HTTP 200 https://gtexportal.org/api/v2/expression/medianGeneExpression
2026-06-25T02:12:50Z [INFO] M07 NTRK2/Astrocyte: 1 tx profiled, comparator_in_pb=False, pattern=unavailable, BSI=2.98
2026-06-25T02:12:50Z [API] gtex: HTTP 200 https://gtexportal.org/api/v2/reference/gene
2026-06-25T02:12:51Z [API] gtex: HTTP 200 https://gtexportal.org/api/v2/expression/medianGeneExpression
2026-06-25T02:12:51Z [INFO] M07 RGS7/Excitatory_neuron: 1 tx profiled, comparator_in_pb=False, pattern=unavailable, BSI=3.91
2026-06-25T02:12:52Z [API] gtex: HTTP 200 https://gtexportal.org/api/v2/reference/gene
2026-06-25T02:12:52Z [API] gtex: HTTP 200 https://gtexportal.org/api/v2/expression/medianGeneExpression
2026-06-25T02:12:52Z [INFO] M07 RHOT1/Excitatory_neuron: 2 tx profiled, comparator_in_pb=True, pattern=unavailable, BSI=0.95
2026-06-25T02:12:52Z [RUN] === Surveyor run finished 2026-06-25T02:12:52Z ===
