Computing Vina grid ... done.
Performing docking (random seed: 1103) ... 
0%   10   20   30   40   50   60   70   80   90   100%
|----|----|----|----|----|----|----|----|----|----|
***************************************************
{
  "receptor": "/home/welcome3/Viscacha_pipeline/outputs/docking_campaign/CACNA1D_isradipine/prepared/cacna1d_8E59_chain_A.pdbqt",
  "ligand": "/home/welcome3/Viscacha_pipeline/outputs/docking_campaign/CACNA1D_isradipine/prepared/isradipine.pdbqt",
  "center": [
    151.334,
    167.442,
    149.793
  ],
  "box_size": [
    18.851,
    27.189,
    19.189
  ],
  "seed": 1103,
  "cpu": 16,
  "exhaustiveness": 32,
  "n_poses_requested": 20,
  "results": [
    {
      "pose_rank": 1,
      "vina_affinity_kcal_mol": -6.381,
      "rmsd_to_crystal_heavy_atom_uncorrected_angstrom": null
    },
    {
      "pose_rank": 2,
      "vina_affinity_kcal_mol": -6.365,
      "rmsd_to_crystal_heavy_atom_uncorrected_angstrom": null
    },
    {
      "pose_rank": 3,
      "vina_affinity_kcal_mol": -6.341,
      "rmsd_to_crystal_heavy_atom_uncorrected_angstrom": null
    },
    {
      "pose_rank": 4,
      "vina_affinity_kcal_mol": -6.31,
      "rmsd_to_crystal_heavy_atom_uncorrected_angstrom": null
    },
    {
      "pose_rank": 5,
      "vina_affinity_kcal_mol": -6.307,
      "rmsd_to_crystal_heavy_atom_uncorrected_angstrom": null
    },
    {
      "pose_rank": 6,
      "vina_affinity_kcal_mol": -6.288,
      "rmsd_to_crystal_heavy_atom_uncorrected_angstrom": null
    },
    {
      "pose_rank": 7,
      "vina_affinity_kcal_mol": -6.276,
      "rmsd_to_crystal_heavy_atom_uncorrected_angstrom": null
    },
    {
      "pose_rank": 8,
      "vina_affinity_kcal_mol": -6.224,
      "rmsd_to_crystal_heavy_atom_uncorrected_angstrom": null
    },
    {
      "pose_rank": 9,
      "vina_affinity_kcal_mol": -6.212,
      "rmsd_to_crystal_heavy_atom_uncorrected_angstrom": null
    },
    {
      "pose_rank": 10,
      "vina_affinity_kcal_mol": -6.201,
      "rmsd_to_crystal_heavy_atom_uncorrected_angstrom": null
    },
    {
      "pose_rank": 11,
      "vina_affinity_kcal_mol": -6.132,
      "rmsd_to_crystal_heavy_atom_uncorrected_angstrom": null
    },
    {
      "pose_rank": 12,
      "vina_affinity_kcal_mol": -6.115,
      "rmsd_to_crystal_heavy_atom_uncorrected_angstrom": null
    },
    {
      "pose_rank": 13,
      "vina_affinity_kcal_mol": -6.107,
      "rmsd_to_crystal_heavy_atom_uncorrected_angstrom": null
    },
    {
      "pose_rank": 14,
      "vina_affinity_kcal_mol": -6.104,
      "rmsd_to_crystal_heavy_atom_uncorrected_angstrom": null
    },
    {
      "pose_rank": 15,
      "vina_affinity_kcal_mol": -6.011,
      "rmsd_to_crystal_heavy_atom_uncorrected_angstrom": null
    },
    {
      "pose_rank": 16,
      "vina_affinity_kcal_mol": -5.997,
      "rmsd_to_crystal_heavy_atom_uncorrected_angstrom": null
    },
    {
      "pose_rank": 17,
      "vina_affinity_kcal_mol": -5.983,
      "rmsd_to_crystal_heavy_atom_uncorrected_angstrom": null
    },
    {
      "pose_rank": 18,
      "vina_affinity_kcal_mol": -5.974,
      "rmsd_to_crystal_heavy_atom_uncorrected_angstrom": null
    },
    {
      "pose_rank": 19,
      "vina_affinity_kcal_mol": -5.935,
      "rmsd_to_crystal_heavy_atom_uncorrected_angstrom": null
    },
    {
      "pose_rank": 20,
      "vina_affinity_kcal_mol": -5.927,
      "rmsd_to_crystal_heavy_atom_uncorrected_angstrom": null
    }
  ],
  "rmsd_note": "Not calculated: cross-docked ligand input did not begin in the experimental receptor frame."
}

mode |   affinity | dist from best mode
     | (kcal/mol) | rmsd l.b.| rmsd u.b.
-----+------------+----------+----------
   1       -6.381          0          0
   2       -6.365        2.1      5.187
   3       -6.341       4.85      6.672
   4        -6.31      8.659      12.41
   5       -6.307      6.711      10.15
   6       -6.288      3.821      6.063
   7       -6.276      4.014      6.514
   8       -6.224      1.885      2.376
   9       -6.212       4.11      7.592
  10       -6.201      3.353      5.592
  11       -6.132      4.236      7.749
  12       -6.115      4.412       7.72
  13       -6.107      4.363      6.195
  14       -6.104      2.917      4.927
  15       -6.011      3.875      6.448
  16       -5.997      2.618      5.123
  17       -5.983      4.031      6.176
  18       -5.974      3.965      6.489
  19       -5.935      3.949      7.064
  20       -5.927      4.014      6.925
