Computing Vina grid ... done.
Performing docking (random seed: 2207) ... 
0%   10   20   30   40   50   60   70   80   90   100%
|----|----|----|----|----|----|----|----|----|----|
***************************************************
{
  "receptor": "/home/welcome3/Viscacha_pipeline/outputs/docking_campaign/CACNA1D_isradipine/prepared/cacna1d_8E59_chain_A.pdbqt",
  "ligand": "/home/welcome3/Viscacha_pipeline/outputs/docking_campaign/CACNA1D_isradipine/prepared/isradipine.pdbqt",
  "center": [
    151.334,
    167.442,
    149.793
  ],
  "box_size": [
    18.851,
    27.189,
    19.189
  ],
  "seed": 2207,
  "cpu": 16,
  "exhaustiveness": 32,
  "n_poses_requested": 20,
  "results": [
    {
      "pose_rank": 1,
      "vina_affinity_kcal_mol": -6.365,
      "rmsd_to_crystal_heavy_atom_uncorrected_angstrom": null
    },
    {
      "pose_rank": 2,
      "vina_affinity_kcal_mol": -6.359,
      "rmsd_to_crystal_heavy_atom_uncorrected_angstrom": null
    },
    {
      "pose_rank": 3,
      "vina_affinity_kcal_mol": -6.335,
      "rmsd_to_crystal_heavy_atom_uncorrected_angstrom": null
    },
    {
      "pose_rank": 4,
      "vina_affinity_kcal_mol": -6.319,
      "rmsd_to_crystal_heavy_atom_uncorrected_angstrom": null
    },
    {
      "pose_rank": 5,
      "vina_affinity_kcal_mol": -6.312,
      "rmsd_to_crystal_heavy_atom_uncorrected_angstrom": null
    },
    {
      "pose_rank": 6,
      "vina_affinity_kcal_mol": -6.298,
      "rmsd_to_crystal_heavy_atom_uncorrected_angstrom": null
    },
    {
      "pose_rank": 7,
      "vina_affinity_kcal_mol": -6.292,
      "rmsd_to_crystal_heavy_atom_uncorrected_angstrom": null
    },
    {
      "pose_rank": 8,
      "vina_affinity_kcal_mol": -6.257,
      "rmsd_to_crystal_heavy_atom_uncorrected_angstrom": null
    },
    {
      "pose_rank": 9,
      "vina_affinity_kcal_mol": -6.164,
      "rmsd_to_crystal_heavy_atom_uncorrected_angstrom": null
    },
    {
      "pose_rank": 10,
      "vina_affinity_kcal_mol": -6.145,
      "rmsd_to_crystal_heavy_atom_uncorrected_angstrom": null
    },
    {
      "pose_rank": 11,
      "vina_affinity_kcal_mol": -6.145,
      "rmsd_to_crystal_heavy_atom_uncorrected_angstrom": null
    },
    {
      "pose_rank": 12,
      "vina_affinity_kcal_mol": -6.143,
      "rmsd_to_crystal_heavy_atom_uncorrected_angstrom": null
    },
    {
      "pose_rank": 13,
      "vina_affinity_kcal_mol": -6.139,
      "rmsd_to_crystal_heavy_atom_uncorrected_angstrom": null
    },
    {
      "pose_rank": 14,
      "vina_affinity_kcal_mol": -6.124,
      "rmsd_to_crystal_heavy_atom_uncorrected_angstrom": null
    },
    {
      "pose_rank": 15,
      "vina_affinity_kcal_mol": -6.116,
      "rmsd_to_crystal_heavy_atom_uncorrected_angstrom": null
    },
    {
      "pose_rank": 16,
      "vina_affinity_kcal_mol": -6.082,
      "rmsd_to_crystal_heavy_atom_uncorrected_angstrom": null
    },
    {
      "pose_rank": 17,
      "vina_affinity_kcal_mol": -6.016,
      "rmsd_to_crystal_heavy_atom_uncorrected_angstrom": null
    },
    {
      "pose_rank": 18,
      "vina_affinity_kcal_mol": -5.999,
      "rmsd_to_crystal_heavy_atom_uncorrected_angstrom": null
    },
    {
      "pose_rank": 19,
      "vina_affinity_kcal_mol": -5.976,
      "rmsd_to_crystal_heavy_atom_uncorrected_angstrom": null
    },
    {
      "pose_rank": 20,
      "vina_affinity_kcal_mol": -5.946,
      "rmsd_to_crystal_heavy_atom_uncorrected_angstrom": null
    }
  ],
  "rmsd_note": "Not calculated: cross-docked ligand input did not begin in the experimental receptor frame."
}

mode |   affinity | dist from best mode
     | (kcal/mol) | rmsd l.b.| rmsd u.b.
-----+------------+----------+----------
   1       -6.365          0          0
   2       -6.359      3.073      5.549
   3       -6.335      4.858       6.66
   4       -6.319      4.278      8.019
   5       -6.312      8.705      12.34
   6       -6.298      2.101      5.247
   7       -6.292      3.809       6.08
   8       -6.257       4.24      6.591
   9       -6.164      3.364      5.549
  10       -6.145      4.287      6.109
  11       -6.145      1.953      5.081
  12       -6.143      2.532      3.904
  13       -6.139      2.519      5.116
  14       -6.124       4.23      7.712
  15       -6.116      3.817      7.257
  16       -6.082      4.406      6.667
  17       -6.016      2.191      5.413
  18       -5.999      2.354      5.058
  19       -5.976       3.93      6.518
  20       -5.946      3.081      5.494
