
==========
== CUDA ==
==========

CUDA Version 12.8.1

Container image Copyright (c) 2016-2023, NVIDIA CORPORATION & AFFILIATES. All rights reserved.

This container image and its contents are governed by the NVIDIA Deep Learning Container License.
By pulling and using the container, you accept the terms and conditions of this license:
https://developer.nvidia.com/ngc/nvidia-deep-learning-container-license

A copy of this license is made available in this container at /NGC-DL-CONTAINER-LICENSE for your convenience.

              _
             (_)
   __ _ _ __  _ _ __   __ _
  / _` | '_ \| | '_ \ / _` |
 | (_| | | | | | | | | (_| |
  \__, |_| |_|_|_| |_|\__,_|
   __/ |
  |___/

gnina v1.3.3 master:6fe1ce2   Built Jun 30 2026.
gnina is based on smina and AutoDock Vina.
Please cite appropriately.

Commandline: /opt/gnina --receptor /work/outputs/docking_campaign/systems/CHRNA7_encenicline/prepared/chrna7_7EKP_pentamer.pdbqt --ligand /out/input_poses.sdf --score_only --cnn_scoring rescore --cpu 16 --device 0 --out /out/scored_poses.sdf
## Name gauss(o=0,_w=0.5,_c=8) gauss(o=3,_w=2,_c=8) repulsion(o=0,_c=8) hydrophobic(g=0.5,_b=1.5,_c=8) non_dir_h_bond(g=-0.7,_b=0,_c=8) num_tors_div
Affinity: -9.85073 (kcal/mol)
CNNscore: 0.95381
CNNaffinity: 6.93528
CNNvariance: 0.01726
Intramolecular energy: -0.32148
Term values, before weighting:
## CHRNA7_encenicline__canonical_obabel_redock_seed20260825_ex32__pose01 106.90521 1213.12732 0.97490 50.27706 0.00000 0.00000
Affinity: -9.12471 (kcal/mol)
CNNscore: 0.96065
CNNaffinity: 7.11786
CNNvariance: 0.00372
Intramolecular energy: -0.30283
Term values, before weighting:
## CHRNA7_encenicline__canonical_obabel_redock_seed20260825_ex32__pose02 98.98965 1188.61487 1.20206 40.04866 0.24969 0.00000
Affinity: -7.96452 (kcal/mol)
CNNscore: 0.79418
CNNaffinity: 7.21716
CNNvariance: 0.13505
Intramolecular energy: -0.30316
Term values, before weighting:
## CHRNA7_encenicline__canonical_obabel_redock_seed20260825_ex32__pose03 113.81135 1226.07483 3.74078 40.72955 0.40789 0.00000
Affinity: -7.63672 (kcal/mol)
CNNscore: 0.21652
CNNaffinity: 5.00695
CNNvariance: 0.42271
Intramolecular energy: -0.31527
Term values, before weighting:
## CHRNA7_encenicline__canonical_obabel_redock_seed20260825_ex32__pose04 66.78866 1145.08008 2.55426 55.53067 0.76280 0.00000
Affinity: -7.55082 (kcal/mol)
CNNscore: 0.19695
CNNaffinity: 5.12741
CNNvariance: 0.45778
Intramolecular energy: -0.30529
Term values, before weighting:
## CHRNA7_encenicline__canonical_obabel_redock_seed20260825_ex32__pose05 66.60857 1106.14380 1.90110 47.77173 0.48103 0.00000
Affinity: -7.39728 (kcal/mol)
CNNscore: 0.15401
CNNaffinity: 5.29539
CNNvariance: 0.33374
Intramolecular energy: -0.31528
Term values, before weighting:
## CHRNA7_encenicline__canonical_obabel_redock_seed20260825_ex32__pose06 79.18582 1113.15344 3.44386 54.40841 1.17491 0.00000
Affinity: -7.08398 (kcal/mol)
CNNscore: 0.21352
CNNaffinity: 4.99947
CNNvariance: 0.40230
Intramolecular energy: -0.26231
Term values, before weighting:
## CHRNA7_encenicline__canonical_obabel_redock_seed20260825_ex32__pose07 58.34734 1018.77380 1.38755 31.00599 1.12698 0.00000
